[2024-12-21T22:10:50.922+0100][info][gc,init] CardTable entry size: 512
[2024-12-21T22:10:50.922+0100][info][gc     ] Using G1
[2024-12-21T22:10:51.212+0100][info][gc,init] Version: 22.0.2+9-70 (release)
[2024-12-21T22:10:51.212+0100][info][gc,init] CPUs: 20 total, 20 available
[2024-12-21T22:10:51.212+0100][info][gc,init] Memory: 16108M
[2024-12-21T22:10:51.212+0100][info][gc,init] Large Page Support: Disabled
[2024-12-21T22:10:51.212+0100][info][gc,init] NUMA Support: Disabled
[2024-12-21T22:10:51.212+0100][info][gc,init] Compressed Oops: Enabled (Zero based)
[2024-12-21T22:10:51.212+0100][info][gc,init] Heap Region Size: 8M
[2024-12-21T22:10:51.212+0100][info][gc,init] Heap Min Capacity: 12G
[2024-12-21T22:10:51.212+0100][info][gc,init] Heap Initial Capacity: 12G
[2024-12-21T22:10:51.212+0100][info][gc,init] Heap Max Capacity: 12G
[2024-12-21T22:10:51.212+0100][info][gc,init] Pre-touch: Disabled
[2024-12-21T22:10:51.212+0100][info][gc,init] Parallel Workers: 15
[2024-12-21T22:10:51.212+0100][info][gc,init] Concurrent Workers: 4
[2024-12-21T22:10:51.212+0100][info][gc,init] Concurrent Refinement Workers: 15
[2024-12-21T22:10:51.212+0100][info][gc,init] Periodic GC: Disabled
[2024-12-21T22:10:51.224+0100][info][gc,metaspace] CDS archive(s) mapped at: [0x0000025728000000-0x0000025728c60000-0x0000025728c60000), size 12976128, SharedBaseAddress: 0x0000025728000000, ArchiveRelocationMode: 1.
[2024-12-21T22:10:51.224+0100][info][gc,metaspace] Compressed class space mapped at: 0x0000025729000000-0x0000025769000000, reserved size: 1073741824
[2024-12-21T22:10:51.224+0100][info][gc,metaspace] Narrow klass base: 0x0000025728000000, Narrow klass shift: 0, Narrow klass range: 0x41000000
[2024-12-21T22:10:52.500+0100][info][gc,start    ] GC(0) Pause Young (Normal) (G1 Evacuation Pause)
[2024-12-21T22:10:52.500+0100][info][gc,task     ] GC(0) Using 15 workers of 15 for evacuation
[2024-12-21T22:10:52.532+0100][info][gc,phases   ] GC(0)   Pre Evacuate Collection Set: 0.34ms
[2024-12-21T22:10:52.532+0100][info][gc,phases   ] GC(0)   Merge Heap Roots: 0.23ms
[2024-12-21T22:10:52.532+0100][info][gc,phases   ] GC(0)   Evacuate Collection Set: 31.51ms
[2024-12-21T22:10:52.532+0100][info][gc,phases   ] GC(0)   Post Evacuate Collection Set: 0.76ms
[2024-12-21T22:10:52.532+0100][info][gc,phases   ] GC(0)   Other: 1.32ms
[2024-12-21T22:10:52.532+0100][info][gc,heap     ] GC(0) Eden regions: 76->0(67)
[2024-12-21T22:10:52.532+0100][info][gc,heap     ] GC(0) Survivor regions: 0->9(10)
[2024-12-21T22:10:52.532+0100][info][gc,heap     ] GC(0) Old regions: 0->0
[2024-12-21T22:10:52.532+0100][info][gc,heap     ] GC(0) Humongous regions: 0->0
[2024-12-21T22:10:52.532+0100][info][gc,metaspace] GC(0) Metaspace: 3720K(3904K)->3720K(3904K) NonClass: 3384K(3456K)->3384K(3456K) Class: 336K(448K)->336K(448K)
[2024-12-21T22:10:52.532+0100][info][gc          ] GC(0) Pause Young (Normal) (G1 Evacuation Pause) 608M->70M(12288M) 34.613ms
[2024-12-21T22:10:52.532+0100][info][gc,cpu      ] GC(0) User=0.16s Sys=0.00s Real=0.03s
[2024-12-21T22:10:52.936+0100][info][gc,start    ] GC(1) Pause Young (Normal) (G1 Evacuation Pause)
[2024-12-21T22:10:52.936+0100][info][gc,task     ] GC(1) Using 15 workers of 15 for evacuation
[2024-12-21T22:10:52.998+0100][info][gc,phases   ] GC(1)   Pre Evacuate Collection Set: 0.37ms
[2024-12-21T22:10:52.998+0100][info][gc,phases   ] GC(1)   Merge Heap Roots: 0.14ms
[2024-12-21T22:10:52.998+0100][info][gc,phases   ] GC(1)   Evacuate Collection Set: 60.22ms
[2024-12-21T22:10:53.014+0100][info][gc,phases   ] GC(1)   Post Evacuate Collection Set: 1.74ms
[2024-12-21T22:10:53.014+0100][info][gc,phases   ] GC(1)   Other: 0.14ms
[2024-12-21T22:10:53.014+0100][info][gc,heap     ] GC(1) Eden regions: 67->0(69)
[2024-12-21T22:10:53.014+0100][info][gc,heap     ] GC(1) Survivor regions: 9->7(10)
[2024-12-21T22:10:53.014+0100][info][gc,heap     ] GC(1) Old regions: 0->10
[2024-12-21T22:10:53.014+0100][info][gc,heap     ] GC(1) Humongous regions: 0->0
[2024-12-21T22:10:53.014+0100][info][gc,metaspace] GC(1) Metaspace: 3733K(3904K)->3733K(3904K) NonClass: 3394K(3456K)->3394K(3456K) Class: 338K(448K)->338K(448K)
[2024-12-21T22:10:53.014+0100][info][gc          ] GC(1) Pause Young (Normal) (G1 Evacuation Pause) (Evacuation Failure: Pinned) 606M->128M(12288M) 63.278ms
[2024-12-21T22:10:53.014+0100][info][gc,cpu      ] GC(1) User=0.41s Sys=0.06s Real=0.08s
[2024-12-21T22:10:53.429+0100][info][gc,start    ] GC(2) Pause Young (Normal) (G1 Evacuation Pause)
[2024-12-21T22:10:53.429+0100][info][gc,task     ] GC(2) Using 15 workers of 15 for evacuation
[2024-12-21T22:10:53.476+0100][info][gc,phases   ] GC(2)   Pre Evacuate Collection Set: 0.34ms
[2024-12-21T22:10:53.485+0100][info][gc,phases   ] GC(2)   Merge Heap Roots: 0.22ms
[2024-12-21T22:10:53.485+0100][info][gc,phases   ] GC(2)   Evacuate Collection Set: 44.05ms
[2024-12-21T22:10:53.485+0100][info][gc,phases   ] GC(2)   Post Evacuate Collection Set: 0.43ms
[2024-12-21T22:10:53.485+0100][info][gc,phases   ] GC(2)   Other: 0.13ms
[2024-12-21T22:10:53.485+0100][info][gc,heap     ] GC(2) Eden regions: 69->0(69)
[2024-12-21T22:10:53.485+0100][info][gc,heap     ] GC(2) Survivor regions: 7->7(10)
[2024-12-21T22:10:53.485+0100][info][gc,heap     ] GC(2) Old regions: 10->16
[2024-12-21T22:10:53.485+0100][info][gc,heap     ] GC(2) Humongous regions: 0->0
[2024-12-21T22:10:53.485+0100][info][gc,metaspace] GC(2) Metaspace: 3746K(3968K)->3746K(3968K) NonClass: 3408K(3520K)->3408K(3520K) Class: 338K(448K)->338K(448K)
[2024-12-21T22:10:53.485+0100][info][gc          ] GC(2) Pause Young (Normal) (G1 Evacuation Pause) (Evacuation Failure: Pinned) 680M->182M(12288M) 45.520ms
[2024-12-21T22:10:53.485+0100][info][gc,cpu      ] GC(2) User=0.25s Sys=0.02s Real=0.06s
[2024-12-21T22:10:55.038+0100][info][gc,start    ] GC(3) Pause Young (Normal) (G1 Evacuation Pause)
[2024-12-21T22:10:55.038+0100][info][gc,task     ] GC(3) Using 15 workers of 15 for evacuation
[2024-12-21T22:10:55.085+0100][info][gc,phases   ] GC(3)   Pre Evacuate Collection Set: 0.65ms
[2024-12-21T22:10:55.085+0100][info][gc,phases   ] GC(3)   Merge Heap Roots: 0.58ms
[2024-12-21T22:10:55.085+0100][info][gc,phases   ] GC(3)   Evacuate Collection Set: 42.94ms
[2024-12-21T22:10:55.085+0100][info][gc,phases   ] GC(3)   Post Evacuate Collection Set: 0.83ms
[2024-12-21T22:10:55.085+0100][info][gc,phases   ] GC(3)   Other: 0.15ms
[2024-12-21T22:10:55.085+0100][info][gc,heap     ] GC(3) Eden regions: 69->0(69)
[2024-12-21T22:10:55.085+0100][info][gc,heap     ] GC(3) Survivor regions: 7->7(10)
[2024-12-21T22:10:55.085+0100][info][gc,heap     ] GC(3) Old regions: 16->20
[2024-12-21T22:10:55.085+0100][info][gc,heap     ] GC(3) Humongous regions: 0->0
[2024-12-21T22:10:55.085+0100][info][gc,metaspace] GC(3) Metaspace: 8792K(9088K)->8792K(9088K) NonClass: 7898K(8064K)->7898K(8064K) Class: 894K(1024K)->894K(1024K)
[2024-12-21T22:10:55.085+0100][info][gc          ] GC(3) Pause Young (Normal) (G1 Evacuation Pause) 734M->212M(12288M) 45.449ms
[2024-12-21T22:10:55.085+0100][info][gc,cpu      ] GC(3) User=0.09s Sys=0.02s Real=0.05s
[2024-12-21T22:10:57.197+0100][info][gc,start    ] GC(4) Pause Young (Concurrent Start) (Metadata GC Threshold)
[2024-12-21T22:10:57.197+0100][info][gc,task     ] GC(4) Using 15 workers of 15 for evacuation
[2024-12-21T22:10:57.253+0100][info][gc,phases   ] GC(4)   Pre Evacuate Collection Set: 0.56ms
[2024-12-21T22:10:57.253+0100][info][gc,phases   ] GC(4)   Merge Heap Roots: 0.93ms
[2024-12-21T22:10:57.253+0100][info][gc,phases   ] GC(4)   Evacuate Collection Set: 53.15ms
[2024-12-21T22:10:57.253+0100][info][gc,phases   ] GC(4)   Post Evacuate Collection Set: 1.19ms
[2024-12-21T22:10:57.253+0100][info][gc,phases   ] GC(4)   Other: 0.16ms
[2024-12-21T22:10:57.253+0100][info][gc,heap     ] GC(4) Eden regions: 52->0(72)
[2024-12-21T22:10:57.253+0100][info][gc,heap     ] GC(4) Survivor regions: 7->4(10)
[2024-12-21T22:10:57.253+0100][info][gc,heap     ] GC(4) Old regions: 20->27
[2024-12-21T22:10:57.253+0100][info][gc,heap     ] GC(4) Humongous regions: 4->3
[2024-12-21T22:10:57.253+0100][info][gc,metaspace] GC(4) Metaspace: 21125K(21504K)->21125K(21504K) NonClass: 18503K(18688K)->18503K(18688K) Class: 2622K(2816K)->2622K(2816K)
[2024-12-21T22:10:57.253+0100][info][gc          ] GC(4) Pause Young (Concurrent Start) (Metadata GC Threshold) 657M->265M(12288M) 56.436ms
[2024-12-21T22:10:57.253+0100][info][gc,cpu      ] GC(4) User=0.31s Sys=0.03s Real=0.06s
[2024-12-21T22:10:57.253+0100][info][gc          ] GC(5) Concurrent Mark Cycle
[2024-12-21T22:10:57.253+0100][info][gc,marking  ] GC(5) Concurrent Scan Root Regions
[2024-12-21T22:10:57.269+0100][info][gc,marking  ] GC(5) Concurrent Scan Root Regions 23.156ms
[2024-12-21T22:10:57.269+0100][info][gc,marking  ] GC(5) Concurrent Mark
[2024-12-21T22:10:57.269+0100][info][gc,marking  ] GC(5) Concurrent Mark From Roots
[2024-12-21T22:10:57.269+0100][info][gc,task     ] GC(5) Using 4 workers of 4 for marking
[2024-12-21T22:10:57.332+0100][info][gc,marking  ] GC(5) Concurrent Mark From Roots 61.587ms
[2024-12-21T22:10:57.332+0100][info][gc,marking  ] GC(5) Concurrent Preclean
[2024-12-21T22:10:57.332+0100][info][gc,marking  ] GC(5) Concurrent Preclean 0.056ms
[2024-12-21T22:10:57.332+0100][info][gc,start    ] GC(5) Pause Remark
[2024-12-21T22:10:57.347+0100][info][gc          ] GC(5) Pause Remark 270M->270M(12288M) 5.329ms
[2024-12-21T22:10:57.347+0100][info][gc,cpu      ] GC(5) User=0.00s Sys=0.00s Real=0.01s
[2024-12-21T22:10:57.347+0100][info][gc,marking  ] GC(5) Concurrent Mark 67.423ms
[2024-12-21T22:10:57.347+0100][info][gc,marking  ] GC(5) Concurrent Rebuild Remembered Sets and Scrub Regions
[2024-12-21T22:10:57.379+0100][info][gc,marking  ] GC(5) Concurrent Rebuild Remembered Sets and Scrub Regions 40.941ms
[2024-12-21T22:10:57.379+0100][info][gc,start    ] GC(5) Pause Cleanup
[2024-12-21T22:10:57.379+0100][info][gc          ] GC(5) Pause Cleanup 271M->271M(12288M) 0.294ms
[2024-12-21T22:10:57.379+0100][info][gc,cpu      ] GC(5) User=0.00s Sys=0.00s Real=0.00s
[2024-12-21T22:10:57.379+0100][info][gc,marking  ] GC(5) Concurrent Clear Claimed Marks
[2024-12-21T22:10:57.379+0100][info][gc,marking  ] GC(5) Concurrent Clear Claimed Marks 0.053ms
[2024-12-21T22:10:57.379+0100][info][gc,marking  ] GC(5) Concurrent Cleanup for Next Mark
[2024-12-21T22:10:57.427+0100][info][gc,marking  ] GC(5) Concurrent Cleanup for Next Mark 41.080ms
[2024-12-21T22:10:57.427+0100][info][gc          ] GC(5) Concurrent Mark Cycle 173.771ms
[2024-12-21T22:10:58.379+0100][info][gc,start    ] GC(6) Pause Young (Prepare Mixed) (Metadata GC Threshold)
[2024-12-21T22:10:58.379+0100][info][gc,task     ] GC(6) Using 15 workers of 15 for evacuation
[2024-12-21T22:10:58.395+0100][info][gc,phases   ] GC(6)   Pre Evacuate Collection Set: 0.32ms
[2024-12-21T22:10:58.395+0100][info][gc,phases   ] GC(6)   Merge Heap Roots: 0.11ms
[2024-12-21T22:10:58.395+0100][info][gc,phases   ] GC(6)   Evacuate Collection Set: 18.59ms
[2024-12-21T22:10:58.395+0100][info][gc,phases   ] GC(6)   Post Evacuate Collection Set: 0.72ms
[2024-12-21T22:10:58.395+0100][info][gc,phases   ] GC(6)   Other: 0.09ms
[2024-12-21T22:10:58.395+0100][info][gc,heap     ] GC(6) Eden regions: 8->0(72)
[2024-12-21T22:10:58.395+0100][info][gc,heap     ] GC(6) Survivor regions: 4->4(10)
[2024-12-21T22:10:58.395+0100][info][gc,heap     ] GC(6) Old regions: 27->27
[2024-12-21T22:10:58.395+0100][info][gc,heap     ] GC(6) Humongous regions: 3->3
[2024-12-21T22:10:58.395+0100][info][gc,metaspace] GC(6) Metaspace: 35950K(36416K)->35950K(36416K) NonClass: 31218K(31488K)->31218K(31488K) Class: 4732K(4928K)->4732K(4928K)
[2024-12-21T22:10:58.395+0100][info][gc          ] GC(6) Pause Young (Prepare Mixed) (Metadata GC Threshold) 329M->264M(12288M) 20.084ms
[2024-12-21T22:10:58.395+0100][info][gc,cpu      ] GC(6) User=0.02s Sys=0.00s Real=0.02s
[2024-12-21T22:10:58.411+0100][info][gc,start    ] GC(7) Pause Young (Mixed) (Metadata GC Threshold)
[2024-12-21T22:10:58.411+0100][info][gc,task     ] GC(7) Using 15 workers of 15 for evacuation
[2024-12-21T22:10:58.427+0100][info][gc,phases   ] GC(7)   Pre Evacuate Collection Set: 0.26ms
[2024-12-21T22:10:58.427+0100][info][gc,phases   ] GC(7)   Merge Heap Roots: 0.13ms
[2024-12-21T22:10:58.427+0100][info][gc,phases   ] GC(7)   Evacuate Collection Set: 20.81ms
[2024-12-21T22:10:58.427+0100][info][gc,phases   ] GC(7)   Post Evacuate Collection Set: 0.68ms
[2024-12-21T22:10:58.427+0100][info][gc,phases   ] GC(7)   Other: 0.07ms
[2024-12-21T22:10:58.427+0100][info][gc,heap     ] GC(7) Eden regions: 1->0(72)
[2024-12-21T22:10:58.427+0100][info][gc,heap     ] GC(7) Survivor regions: 4->4(10)
[2024-12-21T22:10:58.427+0100][info][gc,heap     ] GC(7) Old regions: 27->26
[2024-12-21T22:10:58.427+0100][info][gc,heap     ] GC(7) Humongous regions: 3->3
[2024-12-21T22:10:58.427+0100][info][gc,metaspace] GC(7) Metaspace: 36259K(36736K)->36259K(36736K) NonClass: 31474K(31744K)->31474K(31744K) Class: 4784K(4992K)->4784K(4992K)
[2024-12-21T22:10:58.427+0100][info][gc          ] GC(7) Pause Young (Mixed) (Metadata GC Threshold) 269M->255M(12288M) 22.281ms
[2024-12-21T22:10:58.427+0100][info][gc,cpu      ] GC(7) User=0.05s Sys=0.00s Real=0.02s
[2024-12-21T22:10:58.443+0100][info][gc,start    ] GC(8) Pause Young (Concurrent Start) (Metadata GC Threshold)
[2024-12-21T22:10:58.443+0100][info][gc,task     ] GC(8) Using 15 workers of 15 for evacuation
[2024-12-21T22:10:58.459+0100][info][gc,phases   ] GC(8)   Pre Evacuate Collection Set: 0.32ms
[2024-12-21T22:10:58.459+0100][info][gc,phases   ] GC(8)   Merge Heap Roots: 0.06ms
[2024-12-21T22:10:58.459+0100][info][gc,phases   ] GC(8)   Evacuate Collection Set: 14.81ms
[2024-12-21T22:10:58.459+0100][info][gc,phases   ] GC(8)   Post Evacuate Collection Set: 0.69ms
[2024-12-21T22:10:58.459+0100][info][gc,phases   ] GC(8)   Other: 0.10ms
[2024-12-21T22:10:58.459+0100][info][gc,heap     ] GC(8) Eden regions: 1->0(72)
[2024-12-21T22:10:58.459+0100][info][gc,heap     ] GC(8) Survivor regions: 4->4(10)
[2024-12-21T22:10:58.459+0100][info][gc,heap     ] GC(8) Old regions: 26->26
[2024-12-21T22:10:58.459+0100][info][gc,heap     ] GC(8) Humongous regions: 3->3
[2024-12-21T22:10:58.459+0100][info][gc,metaspace] GC(8) Metaspace: 36558K(37056K)->36558K(37056K) NonClass: 31738K(32064K)->31738K(32064K) Class: 4819K(4992K)->4819K(4992K)
[2024-12-21T22:10:58.459+0100][info][gc          ] GC(8) Pause Young (Concurrent Start) (Metadata GC Threshold) 259M->254M(12288M) 16.209ms
[2024-12-21T22:10:58.459+0100][info][gc,cpu      ] GC(8) User=0.02s Sys=0.00s Real=0.02s
[2024-12-21T22:10:58.459+0100][info][gc          ] GC(9) Concurrent Mark Cycle
[2024-12-21T22:10:58.459+0100][info][gc,marking  ] GC(9) Concurrent Scan Root Regions
[2024-12-21T22:10:58.459+0100][info][gc,marking  ] GC(9) Concurrent Scan Root Regions 6.386ms
[2024-12-21T22:10:58.459+0100][info][gc,marking  ] GC(9) Concurrent Mark
[2024-12-21T22:10:58.459+0100][info][gc,marking  ] GC(9) Concurrent Mark From Roots
[2024-12-21T22:10:58.459+0100][info][gc,task     ] GC(9) Using 4 workers of 4 for marking
[2024-12-21T22:10:58.476+0100][info][gc,marking  ] GC(9) Concurrent Mark From Roots 5.248ms
[2024-12-21T22:10:58.476+0100][info][gc,marking  ] GC(9) Concurrent Preclean
[2024-12-21T22:10:58.476+0100][info][gc,marking  ] GC(9) Concurrent Preclean 0.036ms
[2024-12-21T22:10:58.476+0100][info][gc,start    ] GC(9) Pause Remark
[2024-12-21T22:10:58.480+0100][info][gc          ] GC(9) Pause Remark 258M->158M(12288M) 8.005ms
[2024-12-21T22:10:58.480+0100][info][gc,cpu      ] GC(9) User=0.00s Sys=0.00s Real=0.00s
[2024-12-21T22:10:58.480+0100][info][gc,marking  ] GC(9) Concurrent Mark 13.557ms
[2024-12-21T22:10:58.480+0100][info][gc,marking  ] GC(9) Concurrent Rebuild Remembered Sets and Scrub Regions
[2024-12-21T22:10:58.480+0100][info][gc,marking  ] GC(9) Concurrent Rebuild Remembered Sets and Scrub Regions 3.565ms
[2024-12-21T22:10:58.480+0100][info][gc,start    ] GC(9) Pause Cleanup
[2024-12-21T22:10:58.480+0100][info][gc          ] GC(9) Pause Cleanup 158M->158M(12288M) 0.217ms
[2024-12-21T22:10:58.480+0100][info][gc,cpu      ] GC(9) User=0.00s Sys=0.00s Real=0.00s
[2024-12-21T22:10:58.480+0100][info][gc,marking  ] GC(9) Concurrent Clear Claimed Marks
[2024-12-21T22:10:58.480+0100][info][gc,marking  ] GC(9) Concurrent Clear Claimed Marks 0.110ms
[2024-12-21T22:10:58.480+0100][info][gc,marking  ] GC(9) Concurrent Cleanup for Next Mark
[2024-12-21T22:10:58.496+0100][info][gc,marking  ] GC(9) Concurrent Cleanup for Next Mark 8.360ms
[2024-12-21T22:10:58.496+0100][info][gc          ] GC(9) Concurrent Mark Cycle 32.571ms
[2024-12-21T22:11:01.231+0100][info][gc,start    ] GC(10) Pause Young (Prepare Mixed) (G1 Evacuation Pause)
[2024-12-21T22:11:01.231+0100][info][gc,task     ] GC(10) Using 15 workers of 15 for evacuation
[2024-12-21T22:11:01.256+0100][info][gc,phases   ] GC(10)   Pre Evacuate Collection Set: 0.58ms
[2024-12-21T22:11:01.256+0100][info][gc,phases   ] GC(10)   Merge Heap Roots: 0.14ms
[2024-12-21T22:11:01.256+0100][info][gc,phases   ] GC(10)   Evacuate Collection Set: 22.96ms
[2024-12-21T22:11:01.256+0100][info][gc,phases   ] GC(10)   Post Evacuate Collection Set: 2.14ms
[2024-12-21T22:11:01.256+0100][info][gc,phases   ] GC(10)   Other: 0.12ms
[2024-12-21T22:11:01.256+0100][info][gc,heap     ] GC(10) Eden regions: 84->0(66)
[2024-12-21T22:11:01.256+0100][info][gc,heap     ] GC(10) Survivor regions: 4->10(11)
[2024-12-21T22:11:01.256+0100][info][gc,heap     ] GC(10) Old regions: 13->13
[2024-12-21T22:11:01.256+0100][info][gc,heap     ] GC(10) Humongous regions: 10->5
[2024-12-21T22:11:01.256+0100][info][gc,metaspace] GC(10) Metaspace: 53795K(54592K)->53795K(54592K) NonClass: 46090K(46528K)->46090K(46528K) Class: 7705K(8064K)->7705K(8064K)
[2024-12-21T22:11:01.256+0100][info][gc          ] GC(10) Pause Young (Prepare Mixed) (G1 Evacuation Pause) 882M->216M(12288M) 26.247ms
[2024-12-21T22:11:01.256+0100][info][gc,cpu      ] GC(10) User=0.08s Sys=0.02s Real=0.03s
[2024-12-21T22:11:02.791+0100][info][gc,start    ] GC(11) Pause Young (Mixed) (G1 Evacuation Pause)
[2024-12-21T22:11:02.791+0100][info][gc,task     ] GC(11) Using 15 workers of 15 for evacuation
[2024-12-21T22:11:02.854+0100][info][gc,phases   ] GC(11)   Pre Evacuate Collection Set: 0.39ms
[2024-12-21T22:11:02.854+0100][info][gc,phases   ] GC(11)   Merge Heap Roots: 0.13ms
[2024-12-21T22:11:02.854+0100][info][gc,phases   ] GC(11)   Evacuate Collection Set: 64.35ms
[2024-12-21T22:11:02.854+0100][info][gc,phases   ] GC(11)   Post Evacuate Collection Set: 1.09ms
[2024-12-21T22:11:02.854+0100][info][gc,phases   ] GC(11)   Other: 0.10ms
[2024-12-21T22:11:02.854+0100][info][gc,heap     ] GC(11) Eden regions: 66->0(66)
[2024-12-21T22:11:02.854+0100][info][gc,heap     ] GC(11) Survivor regions: 10->10(10)
[2024-12-21T22:11:02.854+0100][info][gc,heap     ] GC(11) Old regions: 13->23
[2024-12-21T22:11:02.854+0100][info][gc,heap     ] GC(11) Humongous regions: 5->4
[2024-12-21T22:11:02.854+0100][info][gc,metaspace] GC(11) Metaspace: 53888K(54656K)->53888K(54656K) NonClass: 46183K(46592K)->46183K(46592K) Class: 7705K(8064K)->7705K(8064K)
[2024-12-21T22:11:02.854+0100][info][gc          ] GC(11) Pause Young (Mixed) (G1 Evacuation Pause) 744M->296M(12288M) 66.445ms
[2024-12-21T22:11:02.854+0100][info][gc,cpu      ] GC(11) User=0.20s Sys=0.00s Real=0.06s
[2024-12-21T22:11:04.657+0100][info][gc,start    ] GC(12) Pause Young (Mixed) (G1 Evacuation Pause)
[2024-12-21T22:11:04.657+0100][info][gc,task     ] GC(12) Using 15 workers of 15 for evacuation
[2024-12-21T22:11:04.729+0100][info][gc,phases   ] GC(12)   Pre Evacuate Collection Set: 0.31ms
[2024-12-21T22:11:04.729+0100][info][gc,phases   ] GC(12)   Merge Heap Roots: 0.23ms
[2024-12-21T22:11:04.729+0100][info][gc,phases   ] GC(12)   Evacuate Collection Set: 67.09ms
[2024-12-21T22:11:04.729+0100][info][gc,phases   ] GC(12)   Post Evacuate Collection Set: 0.66ms
[2024-12-21T22:11:04.729+0100][info][gc,phases   ] GC(12)   Other: 0.08ms
[2024-12-21T22:11:04.729+0100][info][gc,heap     ] GC(12) Eden regions: 66->0(66)
[2024-12-21T22:11:04.729+0100][info][gc,heap     ] GC(12) Survivor regions: 10->10(10)
[2024-12-21T22:11:04.729+0100][info][gc,heap     ] GC(12) Old regions: 23->37
[2024-12-21T22:11:04.729+0100][info][gc,heap     ] GC(12) Humongous regions: 4->4
[2024-12-21T22:11:04.729+0100][info][gc,metaspace] GC(12) Metaspace: 53919K(54720K)->53919K(54720K) NonClass: 46213K(46656K)->46213K(46656K) Class: 7706K(8064K)->7706K(8064K)
[2024-12-21T22:11:04.729+0100][info][gc          ] GC(12) Pause Young (Mixed) (G1 Evacuation Pause) 824M->402M(12288M) 68.814ms
[2024-12-21T22:11:04.729+0100][info][gc,cpu      ] GC(12) User=0.14s Sys=0.05s Real=0.07s
[2024-12-21T22:11:06.734+0100][info][gc,start    ] GC(13) Pause Young (Normal) (G1 Evacuation Pause)
[2024-12-21T22:11:06.734+0100][info][gc,task     ] GC(13) Using 15 workers of 15 for evacuation
[2024-12-21T22:11:06.803+0100][info][gc,phases   ] GC(13)   Pre Evacuate Collection Set: 0.31ms
[2024-12-21T22:11:06.803+0100][info][gc,phases   ] GC(13)   Merge Heap Roots: 0.33ms
[2024-12-21T22:11:06.803+0100][info][gc,phases   ] GC(13)   Evacuate Collection Set: 66.29ms
[2024-12-21T22:11:06.803+0100][info][gc,phases   ] GC(13)   Post Evacuate Collection Set: 0.76ms
[2024-12-21T22:11:06.803+0100][info][gc,phases   ] GC(13)   Other: 0.09ms
[2024-12-21T22:11:06.803+0100][info][gc,heap     ] GC(13) Eden regions: 66->0(66)
[2024-12-21T22:11:06.803+0100][info][gc,heap     ] GC(13) Survivor regions: 10->10(10)
[2024-12-21T22:11:06.803+0100][info][gc,heap     ] GC(13) Old regions: 37->52
[2024-12-21T22:11:06.803+0100][info][gc,heap     ] GC(13) Humongous regions: 4->4
[2024-12-21T22:11:06.803+0100][info][gc,metaspace] GC(13) Metaspace: 53963K(54784K)->53963K(54784K) NonClass: 46255K(46720K)->46255K(46720K) Class: 7708K(8064K)->7708K(8064K)
[2024-12-21T22:11:06.803+0100][info][gc          ] GC(13) Pause Young (Normal) (G1 Evacuation Pause) 930M->526M(12288M) 68.197ms
[2024-12-21T22:11:06.803+0100][info][gc,cpu      ] GC(13) User=0.14s Sys=0.03s Real=0.07s
[2024-12-21T22:11:09.024+0100][info][gc,start    ] GC(14) Pause Young (Normal) (G1 Evacuation Pause)
[2024-12-21T22:11:09.024+0100][info][gc,task     ] GC(14) Using 15 workers of 15 for evacuation
[2024-12-21T22:11:09.087+0100][info][gc,phases   ] GC(14)   Pre Evacuate Collection Set: 0.36ms
[2024-12-21T22:11:09.087+0100][info][gc,phases   ] GC(14)   Merge Heap Roots: 0.27ms
[2024-12-21T22:11:09.087+0100][info][gc,phases   ] GC(14)   Evacuate Collection Set: 57.04ms
[2024-12-21T22:11:09.087+0100][info][gc,phases   ] GC(14)   Post Evacuate Collection Set: 0.66ms
[2024-12-21T22:11:09.087+0100][info][gc,phases   ] GC(14)   Other: 0.09ms
[2024-12-21T22:11:09.087+0100][info][gc,heap     ] GC(14) Eden regions: 66->0(66)
[2024-12-21T22:11:09.087+0100][info][gc,heap     ] GC(14) Survivor regions: 10->10(10)
[2024-12-21T22:11:09.087+0100][info][gc,heap     ] GC(14) Old regions: 52->68
[2024-12-21T22:11:09.087+0100][info][gc,heap     ] GC(14) Humongous regions: 4->4
[2024-12-21T22:11:09.087+0100][info][gc,metaspace] GC(14) Metaspace: 54001K(54848K)->54001K(54848K) NonClass: 46286K(46784K)->46286K(46784K) Class: 7715K(8064K)->7715K(8064K)
[2024-12-21T22:11:09.087+0100][info][gc          ] GC(14) Pause Young (Normal) (G1 Evacuation Pause) 1054M->653M(12288M) 59.453ms
[2024-12-21T22:11:09.094+0100][info][gc,cpu      ] GC(14) User=0.12s Sys=0.03s Real=0.07s
[2024-12-21T22:11:11.450+0100][info][gc,start    ] GC(15) Pause Young (Normal) (G1 Evacuation Pause)
[2024-12-21T22:11:11.450+0100][info][gc,task     ] GC(15) Using 15 workers of 15 for evacuation
[2024-12-21T22:11:11.496+0100][info][gc,phases   ] GC(15)   Pre Evacuate Collection Set: 0.30ms
[2024-12-21T22:11:11.496+0100][info][gc,phases   ] GC(15)   Merge Heap Roots: 0.22ms
[2024-12-21T22:11:11.496+0100][info][gc,phases   ] GC(15)   Evacuate Collection Set: 55.24ms
[2024-12-21T22:11:11.496+0100][info][gc,phases   ] GC(15)   Post Evacuate Collection Set: 0.59ms
[2024-12-21T22:11:11.496+0100][info][gc,phases   ] GC(15)   Other: 0.09ms
[2024-12-21T22:11:11.496+0100][info][gc,heap     ] GC(15) Eden regions: 66->0(66)
[2024-12-21T22:11:11.496+0100][info][gc,heap     ] GC(15) Survivor regions: 10->10(10)
[2024-12-21T22:11:11.496+0100][info][gc,heap     ] GC(15) Old regions: 68->84
[2024-12-21T22:11:11.496+0100][info][gc,heap     ] GC(15) Humongous regions: 4->4
[2024-12-21T22:11:11.496+0100][info][gc,metaspace] GC(15) Metaspace: 54113K(54912K)->54113K(54912K) NonClass: 46378K(46848K)->46378K(46848K) Class: 7735K(8064K)->7735K(8064K)
[2024-12-21T22:11:11.496+0100][info][gc          ] GC(15) Pause Young (Normal) (G1 Evacuation Pause) 1181M->784M(12288M) 56.887ms
[2024-12-21T22:11:11.496+0100][info][gc,cpu      ] GC(15) User=0.12s Sys=0.02s Real=0.05s
[2024-12-21T22:11:14.033+0100][info][gc,start    ] GC(16) Pause Young (Normal) (G1 Evacuation Pause)
[2024-12-21T22:11:14.033+0100][info][gc,task     ] GC(16) Using 15 workers of 15 for evacuation
[2024-12-21T22:11:14.096+0100][info][gc,phases   ] GC(16)   Pre Evacuate Collection Set: 0.39ms
[2024-12-21T22:11:14.096+0100][info][gc,phases   ] GC(16)   Merge Heap Roots: 0.25ms
[2024-12-21T22:11:14.096+0100][info][gc,phases   ] GC(16)   Evacuate Collection Set: 55.58ms
[2024-12-21T22:11:14.096+0100][info][gc,phases   ] GC(16)   Post Evacuate Collection Set: 0.55ms
[2024-12-21T22:11:14.096+0100][info][gc,phases   ] GC(16)   Other: 0.08ms
[2024-12-21T22:11:14.096+0100][info][gc,heap     ] GC(16) Eden regions: 66->0(66)
[2024-12-21T22:11:14.096+0100][info][gc,heap     ] GC(16) Survivor regions: 10->10(10)
[2024-12-21T22:11:14.096+0100][info][gc,heap     ] GC(16) Old regions: 84->101
[2024-12-21T22:11:14.096+0100][info][gc,heap     ] GC(16) Humongous regions: 4->4
[2024-12-21T22:11:14.096+0100][info][gc,metaspace] GC(16) Metaspace: 54138K(54976K)->54138K(54976K) NonClass: 46401K(46912K)->46401K(46912K) Class: 7737K(8064K)->7737K(8064K)
[2024-12-21T22:11:14.096+0100][info][gc          ] GC(16) Pause Young (Normal) (G1 Evacuation Pause) 1312M->920M(12288M) 57.172ms
[2024-12-21T22:11:14.096+0100][info][gc,cpu      ] GC(16) User=0.14s Sys=0.06s Real=0.06s
[2024-12-21T22:11:17.131+0100][info][gc,start    ] GC(17) Pause Young (Normal) (G1 Evacuation Pause)
[2024-12-21T22:11:17.131+0100][info][gc,task     ] GC(17) Using 15 workers of 15 for evacuation
[2024-12-21T22:11:17.178+0100][info][gc,phases   ] GC(17)   Pre Evacuate Collection Set: 0.49ms
[2024-12-21T22:11:17.178+0100][info][gc,phases   ] GC(17)   Merge Heap Roots: 0.29ms
[2024-12-21T22:11:17.178+0100][info][gc,phases   ] GC(17)   Evacuate Collection Set: 59.72ms
[2024-12-21T22:11:17.178+0100][info][gc,phases   ] GC(17)   Post Evacuate Collection Set: 0.64ms
[2024-12-21T22:11:17.178+0100][info][gc,phases   ] GC(17)   Other: 0.11ms
[2024-12-21T22:11:17.178+0100][info][gc,heap     ] GC(17) Eden regions: 75->0(95)
[2024-12-21T22:11:17.178+0100][info][gc,heap     ] GC(17) Survivor regions: 10->11(11)
[2024-12-21T22:11:17.178+0100][info][gc,heap     ] GC(17) Old regions: 101->119
[2024-12-21T22:11:17.178+0100][info][gc,heap     ] GC(17) Humongous regions: 4->4
[2024-12-21T22:11:17.178+0100][info][gc,metaspace] GC(17) Metaspace: 54158K(54976K)->54158K(54976K) NonClass: 46420K(46912K)->46420K(46912K) Class: 7737K(8064K)->7737K(8064K)
[2024-12-21T22:11:17.178+0100][info][gc          ] GC(17) Pause Young (Normal) (G1 Evacuation Pause) 1520M->1072M(12288M) 61.550ms
[2024-12-21T22:11:17.178+0100][info][gc,cpu      ] GC(17) User=0.05s Sys=0.11s Real=0.05s
[2024-12-21T22:11:22.267+0100][info][gc,start    ] GC(18) Pause Young (Normal) (G1 Evacuation Pause)
[2024-12-21T22:11:22.267+0100][info][gc,task     ] GC(18) Using 15 workers of 15 for evacuation
[2024-12-21T22:11:22.341+0100][info][gc,phases   ] GC(18)   Pre Evacuate Collection Set: 0.34ms
[2024-12-21T22:11:22.341+0100][info][gc,phases   ] GC(18)   Merge Heap Roots: 0.24ms
[2024-12-21T22:11:22.341+0100][info][gc,phases   ] GC(18)   Evacuate Collection Set: 72.00ms
[2024-12-21T22:11:22.341+0100][info][gc,phases   ] GC(18)   Post Evacuate Collection Set: 0.60ms
[2024-12-21T22:11:22.341+0100][info][gc,phases   ] GC(18)   Other: 0.12ms
[2024-12-21T22:11:22.341+0100][info][gc,heap     ] GC(18) Eden regions: 101->0(99)
[2024-12-21T22:11:22.341+0100][info][gc,heap     ] GC(18) Survivor regions: 11->14(14)
[2024-12-21T22:11:22.341+0100][info][gc,heap     ] GC(18) Old regions: 119->143
[2024-12-21T22:11:22.341+0100][info][gc,heap     ] GC(18) Humongous regions: 4->4
[2024-12-21T22:11:22.341+0100][info][gc,metaspace] GC(18) Metaspace: 54168K(54976K)->54168K(54976K) NonClass: 46430K(46912K)->46430K(46912K) Class: 7737K(8064K)->7737K(8064K)
[2024-12-21T22:11:22.341+0100][info][gc          ] GC(18) Pause Young (Normal) (G1 Evacuation Pause) 1880M->1285M(12288M) 73.674ms
[2024-12-21T22:11:22.341+0100][info][gc,cpu      ] GC(18) User=0.22s Sys=0.11s Real=0.07s
[2024-12-21T22:11:26.535+0100][info][gc,start    ] GC(19) Pause Young (Normal) (G1 Evacuation Pause)
[2024-12-21T22:11:26.535+0100][info][gc,task     ] GC(19) Using 15 workers of 15 for evacuation
[2024-12-21T22:11:26.580+0100][info][gc,phases   ] GC(19)   Pre Evacuate Collection Set: 0.27ms
[2024-12-21T22:11:26.580+0100][info][gc,phases   ] GC(19)   Merge Heap Roots: 0.25ms
[2024-12-21T22:11:26.580+0100][info][gc,phases   ] GC(19)   Evacuate Collection Set: 56.02ms
[2024-12-21T22:11:26.580+0100][info][gc,phases   ] GC(19)   Post Evacuate Collection Set: 0.49ms
[2024-12-21T22:11:26.580+0100][info][gc,phases   ] GC(19)   Other: 0.08ms
[2024-12-21T22:11:26.580+0100][info][gc,heap     ] GC(19) Eden regions: 97->0(113)
[2024-12-21T22:11:26.580+0100][info][gc,heap     ] GC(19) Survivor regions: 14->14(14)
[2024-12-21T22:11:26.580+0100][info][gc,heap     ] GC(19) Old regions: 143->169
[2024-12-21T22:11:26.580+0100][info][gc,heap     ] GC(19) Humongous regions: 4->4
[2024-12-21T22:11:26.580+0100][info][gc,metaspace] GC(19) Metaspace: 54173K(54976K)->54173K(54976K) NonClass: 46435K(46912K)->46435K(46912K) Class: 7737K(8064K)->7737K(8064K)
[2024-12-21T22:11:26.580+0100][info][gc          ] GC(19) Pause Young (Normal) (G1 Evacuation Pause) 2061M->1494M(12288M) 57.404ms
[2024-12-21T22:11:26.580+0100][info][gc,cpu      ] GC(19) User=0.20s Sys=0.02s Real=0.04s
[2024-12-21T22:11:31.082+0100][info][gc,start    ] GC(20) Pause Young (Normal) (G1 Evacuation Pause)
[2024-12-21T22:11:31.082+0100][info][gc,task     ] GC(20) Using 15 workers of 15 for evacuation
[2024-12-21T22:11:31.179+0100][info][gc,phases   ] GC(20)   Pre Evacuate Collection Set: 0.25ms
[2024-12-21T22:11:31.179+0100][info][gc,phases   ] GC(20)   Merge Heap Roots: 0.29ms
[2024-12-21T22:11:31.179+0100][info][gc,phases   ] GC(20)   Evacuate Collection Set: 86.98ms
[2024-12-21T22:11:31.179+0100][info][gc,phases   ] GC(20)   Post Evacuate Collection Set: 0.80ms
[2024-12-21T22:11:31.179+0100][info][gc,phases   ] GC(20)   Other: 0.10ms
[2024-12-21T22:11:31.179+0100][info][gc,heap     ] GC(20) Eden regions: 114->0(129)
[2024-12-21T22:11:31.179+0100][info][gc,heap     ] GC(20) Survivor regions: 14->16(16)
[2024-12-21T22:11:31.179+0100][info][gc,heap     ] GC(20) Old regions: 169->199
[2024-12-21T22:11:31.179+0100][info][gc,heap     ] GC(20) Humongous regions: 4->4
[2024-12-21T22:11:31.179+0100][info][gc,metaspace] GC(20) Metaspace: 54208K(54976K)->54208K(54976K) NonClass: 46470K(46912K)->46470K(46912K) Class: 7737K(8064K)->7737K(8064K)
[2024-12-21T22:11:31.179+0100][info][gc          ] GC(20) Pause Young (Normal) (G1 Evacuation Pause) 2406M->1748M(12288M) 88.703ms
[2024-12-21T22:11:31.179+0100][info][gc,cpu      ] GC(20) User=0.16s Sys=0.16s Real=0.10s
[2024-12-21T22:11:36.690+0100][info][gc,start    ] GC(21) Pause Young (Normal) (G1 Evacuation Pause)
[2024-12-21T22:11:36.690+0100][info][gc,task     ] GC(21) Using 15 workers of 15 for evacuation
[2024-12-21T22:11:36.798+0100][info][gc,phases   ] GC(21)   Pre Evacuate Collection Set: 0.36ms
[2024-12-21T22:11:36.798+0100][info][gc,phases   ] GC(21)   Merge Heap Roots: 0.41ms
[2024-12-21T22:11:36.798+0100][info][gc,phases   ] GC(21)   Evacuate Collection Set: 110.98ms
[2024-12-21T22:11:36.798+0100][info][gc,phases   ] GC(21)   Post Evacuate Collection Set: 1.08ms
[2024-12-21T22:11:36.798+0100][info][gc,phases   ] GC(21)   Other: 0.10ms
[2024-12-21T22:11:36.798+0100][info][gc,heap     ] GC(21) Eden regions: 128->0(152)
[2024-12-21T22:11:36.798+0100][info][gc,heap     ] GC(21) Survivor regions: 16->18(18)
[2024-12-21T22:11:36.798+0100][info][gc,heap     ] GC(21) Old regions: 199->231
[2024-12-21T22:11:36.798+0100][info][gc,heap     ] GC(21) Humongous regions: 4->4
[2024-12-21T22:11:36.798+0100][info][gc,metaspace] GC(21) Metaspace: 54211K(54976K)->54211K(54976K) NonClass: 46473K(46912K)->46473K(46912K) Class: 7737K(8064K)->7737K(8064K)
[2024-12-21T22:11:36.798+0100][info][gc          ] GC(21) Pause Young (Normal) (G1 Evacuation Pause) 2772M->2022M(12288M) 113.222ms
[2024-12-21T22:11:36.798+0100][info][gc,cpu      ] GC(21) User=0.12s Sys=0.19s Real=0.11s
[2024-12-21T22:11:43.215+0100][info][gc,start    ] GC(22) Pause Young (Normal) (G1 Evacuation Pause)
[2024-12-21T22:11:43.215+0100][info][gc,task     ] GC(22) Using 15 workers of 15 for evacuation
[2024-12-21T22:11:43.323+0100][info][gc,phases   ] GC(22)   Pre Evacuate Collection Set: 0.45ms
[2024-12-21T22:11:43.323+0100][info][gc,phases   ] GC(22)   Merge Heap Roots: 0.57ms
[2024-12-21T22:11:43.323+0100][info][gc,phases   ] GC(22)   Evacuate Collection Set: 110.06ms
[2024-12-21T22:11:43.323+0100][info][gc,phases   ] GC(22)   Post Evacuate Collection Set: 0.56ms
[2024-12-21T22:11:43.323+0100][info][gc,phases   ] GC(22)   Other: 0.11ms
[2024-12-21T22:11:43.323+0100][info][gc,heap     ] GC(22) Eden regions: 151->0(168)
[2024-12-21T22:11:43.323+0100][info][gc,heap     ] GC(22) Survivor regions: 18->22(22)
[2024-12-21T22:11:43.323+0100][info][gc,heap     ] GC(22) Old regions: 231->269
[2024-12-21T22:11:43.323+0100][info][gc,heap     ] GC(22) Humongous regions: 4->4
[2024-12-21T22:11:43.323+0100][info][gc,metaspace] GC(22) Metaspace: 54240K(55040K)->54240K(55040K) NonClass: 46502K(46976K)->46502K(46976K) Class: 7737K(8064K)->7737K(8064K)
[2024-12-21T22:11:43.323+0100][info][gc          ] GC(22) Pause Young (Normal) (G1 Evacuation Pause) 3230M->2360M(12288M) 112.055ms
[2024-12-21T22:11:43.323+0100][info][gc,cpu      ] GC(22) User=0.14s Sys=0.23s Real=0.11s
[2024-12-21T22:11:50.760+0100][info][gc,heap,exit] Heap
[2024-12-21T22:11:50.760+0100][info][gc,heap,exit]  garbage-first heap   total reserved 12582912K, committed 12582912K, used 3578757K [0x0000000500000000, 0x0000000800000000)
[2024-12-21T22:11:50.760+0100][info][gc,heap,exit]   region size 8192K, 164 young (1343488K), 22 survivors (180224K)
[2024-12-21T22:11:50.760+0100][info][gc,heap,exit]  Metaspace       used 54287K, committed 55040K, reserved 1114112K
[2024-12-21T22:11:50.760+0100][info][gc,heap,exit]   class space    used 7746K, committed 8064K, reserved 1048576K
