[2024-12-21T22:09:39.587+0100][info][gc,init] CardTable entry size: 512
[2024-12-21T22:09:39.587+0100][info][gc     ] Using G1
[2024-12-21T22:09:39.699+0100][info][gc,init] Version: 22.0.2+9-70 (release)
[2024-12-21T22:09:39.699+0100][info][gc,init] CPUs: 20 total, 20 available
[2024-12-21T22:09:39.699+0100][info][gc,init] Memory: 16108M
[2024-12-21T22:09:39.699+0100][info][gc,init] Large Page Support: Disabled
[2024-12-21T22:09:39.699+0100][info][gc,init] NUMA Support: Disabled
[2024-12-21T22:09:39.699+0100][info][gc,init] Compressed Oops: Enabled (Zero based)
[2024-12-21T22:09:39.699+0100][info][gc,init] Heap Region Size: 8M
[2024-12-21T22:09:39.699+0100][info][gc,init] Heap Min Capacity: 12G
[2024-12-21T22:09:39.699+0100][info][gc,init] Heap Initial Capacity: 12G
[2024-12-21T22:09:39.707+0100][info][gc,init] Heap Max Capacity: 12G
[2024-12-21T22:09:39.707+0100][info][gc,init] Pre-touch: Disabled
[2024-12-21T22:09:39.707+0100][info][gc,init] Parallel Workers: 15
[2024-12-21T22:09:39.707+0100][info][gc,init] Concurrent Workers: 4
[2024-12-21T22:09:39.707+0100][info][gc,init] Concurrent Refinement Workers: 15
[2024-12-21T22:09:39.707+0100][info][gc,init] Periodic GC: Disabled
[2024-12-21T22:09:39.713+0100][info][gc,metaspace] CDS archive(s) mapped at: [0x000001ce64000000-0x000001ce64c60000-0x000001ce64c60000), size 12976128, SharedBaseAddress: 0x000001ce64000000, ArchiveRelocationMode: 1.
[2024-12-21T22:09:39.713+0100][info][gc,metaspace] Compressed class space mapped at: 0x000001ce65000000-0x000001cea5000000, reserved size: 1073741824
[2024-12-21T22:09:39.713+0100][info][gc,metaspace] Narrow klass base: 0x000001ce64000000, Narrow klass shift: 0, Narrow klass range: 0x41000000
[2024-12-21T22:09:40.861+0100][info][gc,start    ] GC(0) Pause Young (Normal) (G1 Evacuation Pause)
[2024-12-21T22:09:40.861+0100][info][gc,task     ] GC(0) Using 15 workers of 15 for evacuation
[2024-12-21T22:09:40.883+0100][info][gc,phases   ] GC(0)   Pre Evacuate Collection Set: 0.26ms
[2024-12-21T22:09:40.883+0100][info][gc,phases   ] GC(0)   Merge Heap Roots: 0.15ms
[2024-12-21T22:09:40.883+0100][info][gc,phases   ] GC(0)   Evacuate Collection Set: 23.39ms
[2024-12-21T22:09:40.883+0100][info][gc,phases   ] GC(0)   Post Evacuate Collection Set: 0.59ms
[2024-12-21T22:09:40.883+0100][info][gc,phases   ] GC(0)   Other: 0.51ms
[2024-12-21T22:09:40.883+0100][info][gc,heap     ] GC(0) Eden regions: 76->0(67)
[2024-12-21T22:09:40.883+0100][info][gc,heap     ] GC(0) Survivor regions: 0->9(10)
[2024-12-21T22:09:40.883+0100][info][gc,heap     ] GC(0) Old regions: 0->0
[2024-12-21T22:09:40.883+0100][info][gc,heap     ] GC(0) Humongous regions: 0->0
[2024-12-21T22:09:40.883+0100][info][gc,metaspace] GC(0) Metaspace: 3730K(3968K)->3730K(3968K) NonClass: 3394K(3520K)->3394K(3520K) Class: 336K(448K)->336K(448K)
[2024-12-21T22:09:40.883+0100][info][gc          ] GC(0) Pause Young (Normal) (G1 Evacuation Pause) 608M->71M(12288M) 25.236ms
[2024-12-21T22:09:40.883+0100][info][gc,cpu      ] GC(0) User=0.03s Sys=0.00s Real=0.02s
[2024-12-21T22:09:41.196+0100][info][gc,start    ] GC(1) Pause Young (Normal) (G1 Evacuation Pause)
[2024-12-21T22:09:41.196+0100][info][gc,task     ] GC(1) Using 15 workers of 15 for evacuation
[2024-12-21T22:09:41.243+0100][info][gc,phases   ] GC(1)   Pre Evacuate Collection Set: 0.24ms
[2024-12-21T22:09:41.243+0100][info][gc,phases   ] GC(1)   Merge Heap Roots: 0.08ms
[2024-12-21T22:09:41.243+0100][info][gc,phases   ] GC(1)   Evacuate Collection Set: 46.47ms
[2024-12-21T22:09:41.243+0100][info][gc,phases   ] GC(1)   Post Evacuate Collection Set: 0.52ms
[2024-12-21T22:09:41.243+0100][info][gc,phases   ] GC(1)   Other: 0.08ms
[2024-12-21T22:09:41.243+0100][info][gc,heap     ] GC(1) Eden regions: 67->0(69)
[2024-12-21T22:09:41.243+0100][info][gc,heap     ] GC(1) Survivor regions: 9->7(10)
[2024-12-21T22:09:41.243+0100][info][gc,heap     ] GC(1) Old regions: 0->10
[2024-12-21T22:09:41.243+0100][info][gc,heap     ] GC(1) Humongous regions: 0->0
[2024-12-21T22:09:41.243+0100][info][gc,metaspace] GC(1) Metaspace: 3743K(3968K)->3743K(3968K) NonClass: 3405K(3520K)->3405K(3520K) Class: 338K(448K)->338K(448K)
[2024-12-21T22:09:41.245+0100][info][gc          ] GC(1) Pause Young (Normal) (G1 Evacuation Pause) (Evacuation Failure: Pinned) 607M->126M(12288M) 47.743ms
[2024-12-21T22:09:41.245+0100][info][gc,cpu      ] GC(1) User=0.08s Sys=0.05s Real=0.05s
[2024-12-21T22:09:41.571+0100][info][gc,start    ] GC(2) Pause Young (Normal) (G1 Evacuation Pause)
[2024-12-21T22:09:41.571+0100][info][gc,task     ] GC(2) Using 15 workers of 15 for evacuation
[2024-12-21T22:09:41.618+0100][info][gc,phases   ] GC(2)   Pre Evacuate Collection Set: 0.32ms
[2024-12-21T22:09:41.618+0100][info][gc,phases   ] GC(2)   Merge Heap Roots: 0.19ms
[2024-12-21T22:09:41.618+0100][info][gc,phases   ] GC(2)   Evacuate Collection Set: 37.68ms
[2024-12-21T22:09:41.618+0100][info][gc,phases   ] GC(2)   Post Evacuate Collection Set: 0.38ms
[2024-12-21T22:09:41.618+0100][info][gc,phases   ] GC(2)   Other: 0.11ms
[2024-12-21T22:09:41.618+0100][info][gc,heap     ] GC(2) Eden regions: 69->0(68)
[2024-12-21T22:09:41.618+0100][info][gc,heap     ] GC(2) Survivor regions: 7->8(10)
[2024-12-21T22:09:41.618+0100][info][gc,heap     ] GC(2) Old regions: 10->16
[2024-12-21T22:09:41.618+0100][info][gc,heap     ] GC(2) Humongous regions: 0->0
[2024-12-21T22:09:41.618+0100][info][gc,metaspace] GC(2) Metaspace: 3750K(4032K)->3750K(4032K) NonClass: 3412K(3584K)->3412K(3584K) Class: 338K(448K)->338K(448K)
[2024-12-21T22:09:41.618+0100][info][gc          ] GC(2) Pause Young (Normal) (G1 Evacuation Pause) (Evacuation Failure: Pinned) 678M->182M(12288M) 38.963ms
[2024-12-21T22:09:41.618+0100][info][gc,cpu      ] GC(2) User=0.14s Sys=0.02s Real=0.05s
[2024-12-21T22:09:42.754+0100][info][gc,start    ] GC(3) Pause Young (Normal) (G1 Evacuation Pause)
[2024-12-21T22:09:42.754+0100][info][gc,task     ] GC(3) Using 15 workers of 15 for evacuation
[2024-12-21T22:09:42.786+0100][info][gc,phases   ] GC(3)   Pre Evacuate Collection Set: 0.35ms
[2024-12-21T22:09:42.786+0100][info][gc,phases   ] GC(3)   Merge Heap Roots: 0.34ms
[2024-12-21T22:09:42.786+0100][info][gc,phases   ] GC(3)   Evacuate Collection Set: 32.70ms
[2024-12-21T22:09:42.786+0100][info][gc,phases   ] GC(3)   Post Evacuate Collection Set: 0.73ms
[2024-12-21T22:09:42.786+0100][info][gc,phases   ] GC(3)   Other: 0.08ms
[2024-12-21T22:09:42.786+0100][info][gc,heap     ] GC(3) Eden regions: 68->0(69)
[2024-12-21T22:09:42.786+0100][info][gc,heap     ] GC(3) Survivor regions: 8->7(10)
[2024-12-21T22:09:42.786+0100][info][gc,heap     ] GC(3) Old regions: 16->20
[2024-12-21T22:09:42.786+0100][info][gc,heap     ] GC(3) Humongous regions: 0->0
[2024-12-21T22:09:42.786+0100][info][gc,metaspace] GC(3) Metaspace: 8467K(8768K)->8467K(8768K) NonClass: 7597K(7744K)->7597K(7744K) Class: 869K(1024K)->869K(1024K)
[2024-12-21T22:09:42.786+0100][info][gc          ] GC(3) Pause Young (Normal) (G1 Evacuation Pause) 726M->208M(12288M) 34.398ms
[2024-12-21T22:09:42.786+0100][info][gc,cpu      ] GC(3) User=0.08s Sys=0.02s Real=0.03s
[2024-12-21T22:09:43.839+0100][info][gc,start    ] GC(4) Pause Young (Concurrent Start) (Metadata GC Threshold)
[2024-12-21T22:09:43.839+0100][info][gc,task     ] GC(4) Using 15 workers of 15 for evacuation
[2024-12-21T22:09:43.871+0100][info][gc,phases   ] GC(4)   Pre Evacuate Collection Set: 0.32ms
[2024-12-21T22:09:43.871+0100][info][gc,phases   ] GC(4)   Merge Heap Roots: 0.74ms
[2024-12-21T22:09:43.871+0100][info][gc,phases   ] GC(4)   Evacuate Collection Set: 40.15ms
[2024-12-21T22:09:43.871+0100][info][gc,phases   ] GC(4)   Post Evacuate Collection Set: 0.86ms
[2024-12-21T22:09:43.871+0100][info][gc,phases   ] GC(4)   Other: 0.08ms
[2024-12-21T22:09:43.871+0100][info][gc,heap     ] GC(4) Eden regions: 8->0(74)
[2024-12-21T22:09:43.871+0100][info][gc,heap     ] GC(4) Survivor regions: 7->2(10)
[2024-12-21T22:09:43.871+0100][info][gc,heap     ] GC(4) Old regions: 20->26
[2024-12-21T22:09:43.871+0100][info][gc,heap     ] GC(4) Humongous regions: 0->0
[2024-12-21T22:09:43.871+0100][info][gc,metaspace] GC(4) Metaspace: 21131K(21504K)->21131K(21504K) NonClass: 18501K(18688K)->18501K(18688K) Class: 2629K(2816K)->2629K(2816K)
[2024-12-21T22:09:43.871+0100][info][gc          ] GC(4) Pause Young (Concurrent Start) (Metadata GC Threshold) 267M->216M(12288M) 42.451ms
[2024-12-21T22:09:43.871+0100][info][gc,cpu      ] GC(4) User=0.09s Sys=0.03s Real=0.03s
[2024-12-21T22:09:43.871+0100][info][gc          ] GC(5) Concurrent Mark Cycle
[2024-12-21T22:09:43.871+0100][info][gc,marking  ] GC(5) Concurrent Scan Root Regions
[2024-12-21T22:09:43.902+0100][info][gc,marking  ] GC(5) Concurrent Scan Root Regions 17.302ms
[2024-12-21T22:09:43.902+0100][info][gc,marking  ] GC(5) Concurrent Mark
[2024-12-21T22:09:43.902+0100][info][gc,marking  ] GC(5) Concurrent Mark From Roots
[2024-12-21T22:09:43.902+0100][info][gc,task     ] GC(5) Using 4 workers of 4 for marking
[2024-12-21T22:09:43.941+0100][info][gc,marking  ] GC(5) Concurrent Mark From Roots 44.959ms
[2024-12-21T22:09:43.941+0100][info][gc,marking  ] GC(5) Concurrent Preclean
[2024-12-21T22:09:43.941+0100][info][gc,marking  ] GC(5) Concurrent Preclean 0.034ms
[2024-12-21T22:09:43.941+0100][info][gc,start    ] GC(5) Pause Remark
[2024-12-21T22:09:43.951+0100][info][gc          ] GC(5) Pause Remark 224M->224M(12288M) 3.540ms
[2024-12-21T22:09:43.951+0100][info][gc,cpu      ] GC(5) User=0.05s Sys=0.00s Real=0.01s
[2024-12-21T22:09:43.951+0100][info][gc,marking  ] GC(5) Concurrent Mark 48.770ms
[2024-12-21T22:09:43.951+0100][info][gc,marking  ] GC(5) Concurrent Rebuild Remembered Sets and Scrub Regions
[2024-12-21T22:09:43.983+0100][info][gc,marking  ] GC(5) Concurrent Rebuild Remembered Sets and Scrub Regions 40.344ms
[2024-12-21T22:09:43.983+0100][info][gc,start    ] GC(5) Pause Cleanup
[2024-12-21T22:09:43.983+0100][info][gc          ] GC(5) Pause Cleanup 224M->224M(12288M) 0.236ms
[2024-12-21T22:09:43.983+0100][info][gc,cpu      ] GC(5) User=0.00s Sys=0.00s Real=0.00s
[2024-12-21T22:09:43.983+0100][info][gc,marking  ] GC(5) Concurrent Clear Claimed Marks
[2024-12-21T22:09:43.983+0100][info][gc,marking  ] GC(5) Concurrent Clear Claimed Marks 0.048ms
[2024-12-21T22:09:43.983+0100][info][gc,marking  ] GC(5) Concurrent Cleanup for Next Mark
[2024-12-21T22:09:44.012+0100][info][gc,marking  ] GC(5) Concurrent Cleanup for Next Mark 30.744ms
[2024-12-21T22:09:44.012+0100][info][gc          ] GC(5) Concurrent Mark Cycle 138.155ms
[2024-12-21T22:09:44.851+0100][info][gc,start    ] GC(6) Pause Young (Prepare Mixed) (Metadata GC Threshold)
[2024-12-21T22:09:44.851+0100][info][gc,task     ] GC(6) Using 15 workers of 15 for evacuation
[2024-12-21T22:09:44.862+0100][info][gc,phases   ] GC(6)   Pre Evacuate Collection Set: 0.32ms
[2024-12-21T22:09:44.862+0100][info][gc,phases   ] GC(6)   Merge Heap Roots: 0.07ms
[2024-12-21T22:09:44.862+0100][info][gc,phases   ] GC(6)   Evacuate Collection Set: 5.67ms
[2024-12-21T22:09:44.862+0100][info][gc,phases   ] GC(6)   Post Evacuate Collection Set: 0.75ms
[2024-12-21T22:09:44.862+0100][info][gc,phases   ] GC(6)   Other: 0.09ms
[2024-12-21T22:09:44.862+0100][info][gc,heap     ] GC(6) Eden regions: 10->0(74)
[2024-12-21T22:09:44.862+0100][info][gc,heap     ] GC(6) Survivor regions: 2->2(10)
[2024-12-21T22:09:44.862+0100][info][gc,heap     ] GC(6) Old regions: 26->26
[2024-12-21T22:09:44.862+0100][info][gc,heap     ] GC(6) Humongous regions: 0->0
[2024-12-21T22:09:44.862+0100][info][gc,metaspace] GC(6) Metaspace: 35644K(36096K)->35644K(36096K) NonClass: 30931K(31168K)->30931K(31168K) Class: 4712K(4928K)->4712K(4928K)
[2024-12-21T22:09:44.862+0100][info][gc          ] GC(6) Pause Young (Prepare Mixed) (Metadata GC Threshold) 291M->216M(12288M) 7.161ms
[2024-12-21T22:09:44.862+0100][info][gc,cpu      ] GC(6) User=0.00s Sys=0.00s Real=0.01s
[2024-12-21T22:09:44.880+0100][info][gc,start    ] GC(7) Pause Young (Mixed) (Metadata GC Threshold)
[2024-12-21T22:09:44.880+0100][info][gc,task     ] GC(7) Using 15 workers of 15 for evacuation
[2024-12-21T22:09:44.880+0100][info][gc,phases   ] GC(7)   Pre Evacuate Collection Set: 0.36ms
[2024-12-21T22:09:44.880+0100][info][gc,phases   ] GC(7)   Merge Heap Roots: 0.11ms
[2024-12-21T22:09:44.880+0100][info][gc,phases   ] GC(7)   Evacuate Collection Set: 6.92ms
[2024-12-21T22:09:44.880+0100][info][gc,phases   ] GC(7)   Post Evacuate Collection Set: 0.76ms
[2024-12-21T22:09:44.880+0100][info][gc,phases   ] GC(7)   Other: 0.08ms
[2024-12-21T22:09:44.880+0100][info][gc,heap     ] GC(7) Eden regions: 1->0(74)
[2024-12-21T22:09:44.880+0100][info][gc,heap     ] GC(7) Survivor regions: 2->2(10)
[2024-12-21T22:09:44.880+0100][info][gc,heap     ] GC(7) Old regions: 26->25
[2024-12-21T22:09:44.880+0100][info][gc,heap     ] GC(7) Humongous regions: 0->0
[2024-12-21T22:09:44.880+0100][info][gc,metaspace] GC(7) Metaspace: 36005K(36416K)->36005K(36416K) NonClass: 31252K(31488K)->31252K(31488K) Class: 4753K(4928K)->4753K(4928K)
[2024-12-21T22:09:44.880+0100][info][gc          ] GC(7) Pause Young (Mixed) (Metadata GC Threshold) 222M->206M(12288M) 8.429ms
[2024-12-21T22:09:44.880+0100][info][gc,cpu      ] GC(7) User=0.00s Sys=0.00s Real=0.00s
[2024-12-21T22:09:44.896+0100][info][gc,start    ] GC(8) Pause Young (Concurrent Start) (Metadata GC Threshold)
[2024-12-21T22:09:44.896+0100][info][gc,task     ] GC(8) Using 15 workers of 15 for evacuation
[2024-12-21T22:09:44.896+0100][info][gc,phases   ] GC(8)   Pre Evacuate Collection Set: 0.38ms
[2024-12-21T22:09:44.896+0100][info][gc,phases   ] GC(8)   Merge Heap Roots: 0.10ms
[2024-12-21T22:09:44.896+0100][info][gc,phases   ] GC(8)   Evacuate Collection Set: 3.21ms
[2024-12-21T22:09:44.896+0100][info][gc,phases   ] GC(8)   Post Evacuate Collection Set: 0.71ms
[2024-12-21T22:09:44.896+0100][info][gc,phases   ] GC(8)   Other: 0.06ms
[2024-12-21T22:09:44.896+0100][info][gc,heap     ] GC(8) Eden regions: 1->0(74)
[2024-12-21T22:09:44.896+0100][info][gc,heap     ] GC(8) Survivor regions: 2->2(10)
[2024-12-21T22:09:44.896+0100][info][gc,heap     ] GC(8) Old regions: 25->25
[2024-12-21T22:09:44.896+0100][info][gc,heap     ] GC(8) Humongous regions: 0->0
[2024-12-21T22:09:44.896+0100][info][gc,metaspace] GC(8) Metaspace: 36312K(36736K)->36312K(36736K) NonClass: 31511K(31744K)->31511K(31744K) Class: 4801K(4992K)->4801K(4992K)
[2024-12-21T22:09:44.896+0100][info][gc          ] GC(8) Pause Young (Concurrent Start) (Metadata GC Threshold) 209M->206M(12288M) 4.628ms
[2024-12-21T22:09:44.896+0100][info][gc,cpu      ] GC(8) User=0.00s Sys=0.00s Real=0.00s
[2024-12-21T22:09:44.896+0100][info][gc          ] GC(9) Concurrent Mark Cycle
[2024-12-21T22:09:44.896+0100][info][gc,marking  ] GC(9) Concurrent Scan Root Regions
[2024-12-21T22:09:44.896+0100][info][gc,marking  ] GC(9) Concurrent Scan Root Regions 3.543ms
[2024-12-21T22:09:44.896+0100][info][gc,marking  ] GC(9) Concurrent Mark
[2024-12-21T22:09:44.896+0100][info][gc,marking  ] GC(9) Concurrent Mark From Roots
[2024-12-21T22:09:44.896+0100][info][gc,task     ] GC(9) Using 4 workers of 4 for marking
[2024-12-21T22:09:44.912+0100][info][gc,marking  ] GC(9) Concurrent Mark From Roots 3.581ms
[2024-12-21T22:09:44.912+0100][info][gc,marking  ] GC(9) Concurrent Preclean
[2024-12-21T22:09:44.912+0100][info][gc,marking  ] GC(9) Concurrent Preclean 0.027ms
[2024-12-21T22:09:44.912+0100][info][gc,start    ] GC(9) Pause Remark
[2024-12-21T22:09:44.912+0100][info][gc          ] GC(9) Pause Remark 208M->123M(12288M) 6.759ms
[2024-12-21T22:09:44.912+0100][info][gc,cpu      ] GC(9) User=0.00s Sys=0.00s Real=0.00s
[2024-12-21T22:09:44.912+0100][info][gc,marking  ] GC(9) Concurrent Mark 10.533ms
[2024-12-21T22:09:44.912+0100][info][gc,marking  ] GC(9) Concurrent Rebuild Remembered Sets and Scrub Regions
[2024-12-21T22:09:44.912+0100][info][gc,marking  ] GC(9) Concurrent Rebuild Remembered Sets and Scrub Regions 2.322ms
[2024-12-21T22:09:44.912+0100][info][gc,start    ] GC(9) Pause Cleanup
[2024-12-21T22:09:44.912+0100][info][gc          ] GC(9) Pause Cleanup 123M->123M(12288M) 0.235ms
[2024-12-21T22:09:44.912+0100][info][gc,cpu      ] GC(9) User=0.00s Sys=0.00s Real=0.00s
[2024-12-21T22:09:44.912+0100][info][gc,marking  ] GC(9) Concurrent Clear Claimed Marks
[2024-12-21T22:09:44.912+0100][info][gc,marking  ] GC(9) Concurrent Clear Claimed Marks 0.074ms
[2024-12-21T22:09:44.912+0100][info][gc,marking  ] GC(9) Concurrent Cleanup for Next Mark
[2024-12-21T22:09:44.928+0100][info][gc,marking  ] GC(9) Concurrent Cleanup for Next Mark 6.953ms
[2024-12-21T22:09:44.928+0100][info][gc          ] GC(9) Concurrent Mark Cycle 24.041ms
[2024-12-21T22:09:47.400+0100][info][gc,start    ] GC(10) Pause Young (Prepare Mixed) (Metadata GC Threshold)
[2024-12-21T22:09:47.400+0100][info][gc,task     ] GC(10) Using 15 workers of 15 for evacuation
[2024-12-21T22:09:47.416+0100][info][gc,phases   ] GC(10)   Pre Evacuate Collection Set: 0.21ms
[2024-12-21T22:09:47.416+0100][info][gc,phases   ] GC(10)   Merge Heap Roots: 0.08ms
[2024-12-21T22:09:47.416+0100][info][gc,phases   ] GC(10)   Evacuate Collection Set: 7.14ms
[2024-12-21T22:09:47.416+0100][info][gc,phases   ] GC(10)   Post Evacuate Collection Set: 2.13ms
[2024-12-21T22:09:47.416+0100][info][gc,phases   ] GC(10)   Other: 0.07ms
[2024-12-21T22:09:47.416+0100][info][gc,heap     ] GC(10) Eden regions: 72->0(72)
[2024-12-21T22:09:47.416+0100][info][gc,heap     ] GC(10) Survivor regions: 2->4(13)
[2024-12-21T22:09:47.416+0100][info][gc,heap     ] GC(10) Old regions: 14->14
[2024-12-21T22:09:47.416+0100][info][gc,heap     ] GC(10) Humongous regions: 0->0
[2024-12-21T22:09:47.416+0100][info][gc,metaspace] GC(10) Metaspace: 60550K(61760K)->60550K(61760K) NonClass: 51750K(52416K)->51750K(52416K) Class: 8800K(9344K)->8800K(9344K)
[2024-12-21T22:09:47.416+0100][info][gc          ] GC(10) Pause Young (Prepare Mixed) (Metadata GC Threshold) 693M->143M(12288M) 9.844ms
[2024-12-21T22:09:47.416+0100][info][gc,cpu      ] GC(10) User=0.00s Sys=0.00s Real=0.02s
[2024-12-21T22:09:47.416+0100][info][gc,start    ] GC(11) Pause Young (Mixed) (Metadata GC Threshold)
[2024-12-21T22:09:47.416+0100][info][gc,task     ] GC(11) Using 15 workers of 15 for evacuation
[2024-12-21T22:09:47.432+0100][info][gc,phases   ] GC(11)   Pre Evacuate Collection Set: 0.18ms
[2024-12-21T22:09:47.432+0100][info][gc,phases   ] GC(11)   Merge Heap Roots: 0.05ms
[2024-12-21T22:09:47.432+0100][info][gc,phases   ] GC(11)   Evacuate Collection Set: 5.91ms
[2024-12-21T22:09:47.432+0100][info][gc,phases   ] GC(11)   Post Evacuate Collection Set: 0.82ms
[2024-12-21T22:09:47.432+0100][info][gc,phases   ] GC(11)   Other: 0.06ms
[2024-12-21T22:09:47.432+0100][info][gc,heap     ] GC(11) Eden regions: 2->0(71)
[2024-12-21T22:09:47.432+0100][info][gc,heap     ] GC(11) Survivor regions: 4->5(15)
[2024-12-21T22:09:47.432+0100][info][gc,heap     ] GC(11) Old regions: 14->15
[2024-12-21T22:09:47.432+0100][info][gc,heap     ] GC(11) Humongous regions: 0->0
[2024-12-21T22:09:47.432+0100][info][gc,metaspace] GC(11) Metaspace: 60865K(62080K)->60865K(62080K) NonClass: 52028K(52672K)->52028K(52672K) Class: 8836K(9408K)->8836K(9408K)
[2024-12-21T22:09:47.432+0100][info][gc          ] GC(11) Pause Young (Mixed) (Metadata GC Threshold) (Evacuation Failure: Pinned) 156M->142M(12288M) 7.242ms
[2024-12-21T22:09:47.432+0100][info][gc,cpu      ] GC(11) User=0.00s Sys=0.00s Real=0.02s
[2024-12-21T22:09:47.464+0100][info][gc,start    ] GC(12) Pause Young (Concurrent Start) (Metadata GC Threshold)
[2024-12-21T22:09:47.464+0100][info][gc,task     ] GC(12) Using 15 workers of 15 for evacuation
[2024-12-21T22:09:47.464+0100][info][gc,phases   ] GC(12)   Pre Evacuate Collection Set: 0.24ms
[2024-12-21T22:09:47.464+0100][info][gc,phases   ] GC(12)   Merge Heap Roots: 0.05ms
[2024-12-21T22:09:47.464+0100][info][gc,phases   ] GC(12)   Evacuate Collection Set: 6.12ms
[2024-12-21T22:09:47.464+0100][info][gc,phases   ] GC(12)   Post Evacuate Collection Set: 0.73ms
[2024-12-21T22:09:47.464+0100][info][gc,phases   ] GC(12)   Other: 0.08ms
[2024-12-21T22:09:47.464+0100][info][gc,heap     ] GC(12) Eden regions: 2->0(90)
[2024-12-21T22:09:47.464+0100][info][gc,heap     ] GC(12) Survivor regions: 5->4(14)
[2024-12-21T22:09:47.464+0100][info][gc,heap     ] GC(12) Old regions: 15->13
[2024-12-21T22:09:47.478+0100][info][gc,heap     ] GC(12) Humongous regions: 0->0
[2024-12-21T22:09:47.478+0100][info][gc,metaspace] GC(12) Metaspace: 61201K(62400K)->61201K(62400K) NonClass: 52327K(52992K)->52327K(52992K) Class: 8873K(9408K)->8873K(9408K)
[2024-12-21T22:09:47.478+0100][info][gc          ] GC(12) Pause Young (Concurrent Start) (Metadata GC Threshold) 155M->123M(12288M) 13.725ms
[2024-12-21T22:09:47.478+0100][info][gc          ] GC(13) Concurrent Mark Cycle
[2024-12-21T22:09:47.478+0100][info][gc,cpu      ] GC(12) User=0.00s Sys=0.00s Real=0.01s
[2024-12-21T22:09:47.478+0100][info][gc,marking  ] GC(13) Concurrent Scan Root Regions
[2024-12-21T22:09:47.480+0100][info][gc,marking  ] GC(13) Concurrent Scan Root Regions 4.718ms
[2024-12-21T22:09:47.480+0100][info][gc,marking  ] GC(13) Concurrent Mark
[2024-12-21T22:09:47.480+0100][info][gc,marking  ] GC(13) Concurrent Mark From Roots
[2024-12-21T22:09:47.480+0100][info][gc,task     ] GC(13) Using 4 workers of 4 for marking
[2024-12-21T22:09:47.480+0100][info][gc,marking  ] GC(13) Concurrent Mark From Roots 3.217ms
[2024-12-21T22:09:47.480+0100][info][gc,marking  ] GC(13) Concurrent Preclean
[2024-12-21T22:09:47.480+0100][info][gc,marking  ] GC(13) Concurrent Preclean 0.029ms
[2024-12-21T22:09:47.496+0100][info][gc,start    ] GC(13) Pause Remark
[2024-12-21T22:09:47.496+0100][info][gc          ] GC(13) Pause Remark 135M->135M(12288M) 4.241ms
[2024-12-21T22:09:47.496+0100][info][gc,cpu      ] GC(13) User=0.00s Sys=0.00s Real=0.00s
[2024-12-21T22:09:47.496+0100][info][gc,marking  ] GC(13) Concurrent Mark 17.553ms
[2024-12-21T22:09:47.496+0100][info][gc,marking  ] GC(13) Concurrent Rebuild Remembered Sets and Scrub Regions
[2024-12-21T22:09:47.501+0100][info][gc,marking  ] GC(13) Concurrent Rebuild Remembered Sets and Scrub Regions 2.035ms
[2024-12-21T22:09:47.517+0100][info][gc,start    ] GC(13) Pause Cleanup
[2024-12-21T22:09:47.517+0100][info][gc          ] GC(13) Pause Cleanup 135M->135M(12288M) 0.342ms
[2024-12-21T22:09:47.517+0100][info][gc,cpu      ] GC(13) User=0.00s Sys=0.00s Real=0.00s
[2024-12-21T22:09:47.517+0100][info][gc,marking  ] GC(13) Concurrent Clear Claimed Marks
[2024-12-21T22:09:47.517+0100][info][gc,marking  ] GC(13) Concurrent Clear Claimed Marks 0.148ms
[2024-12-21T22:09:47.517+0100][info][gc,marking  ] GC(13) Concurrent Cleanup for Next Mark
[2024-12-21T22:09:47.522+0100][info][gc,marking  ] GC(13) Concurrent Cleanup for Next Mark 7.177ms
[2024-12-21T22:09:47.522+0100][info][gc          ] GC(13) Concurrent Mark Cycle 46.478ms
[2024-12-21T22:09:48.463+0100][info][gc,start    ] GC(14) Pause Young (Prepare Mixed) (Metadata GC Threshold)
[2024-12-21T22:09:48.463+0100][info][gc,task     ] GC(14) Using 15 workers of 15 for evacuation
[2024-12-21T22:09:48.463+0100][info][gc,phases   ] GC(14)   Pre Evacuate Collection Set: 0.28ms
[2024-12-21T22:09:48.463+0100][info][gc,phases   ] GC(14)   Merge Heap Roots: 0.28ms
[2024-12-21T22:09:48.463+0100][info][gc,phases   ] GC(14)   Evacuate Collection Set: 8.98ms
[2024-12-21T22:09:48.463+0100][info][gc,phases   ] GC(14)   Post Evacuate Collection Set: 1.16ms
[2024-12-21T22:09:48.463+0100][info][gc,phases   ] GC(14)   Other: 0.08ms
[2024-12-21T22:09:48.463+0100][info][gc,heap     ] GC(14) Eden regions: 19->0(149)
[2024-12-21T22:09:48.463+0100][info][gc,heap     ] GC(14) Survivor regions: 4->5(20)
[2024-12-21T22:09:48.463+0100][info][gc,heap     ] GC(14) Old regions: 13->13
[2024-12-21T22:09:48.463+0100][info][gc,heap     ] GC(14) Humongous regions: 0->0
[2024-12-21T22:09:48.463+0100][info][gc,metaspace] GC(14) Metaspace: 103385K(104576K)->103385K(104576K) NonClass: 87890K(88576K)->87890K(88576K) Class: 15495K(16000K)->15495K(16000K)
[2024-12-21T22:09:48.463+0100][info][gc          ] GC(14) Pause Young (Prepare Mixed) (Metadata GC Threshold) 271M->130M(12288M) 11.025ms
[2024-12-21T22:09:48.463+0100][info][gc,cpu      ] GC(14) User=0.00s Sys=0.00s Real=0.00s
[2024-12-21T22:09:48.526+0100][info][gc,start    ] GC(15) Pause Young (Mixed) (Metadata GC Threshold)
[2024-12-21T22:09:48.526+0100][info][gc,task     ] GC(15) Using 15 workers of 15 for evacuation
[2024-12-21T22:09:48.543+0100][info][gc,phases   ] GC(15)   Pre Evacuate Collection Set: 0.42ms
[2024-12-21T22:09:48.543+0100][info][gc,phases   ] GC(15)   Merge Heap Roots: 0.11ms
[2024-12-21T22:09:48.543+0100][info][gc,phases   ] GC(15)   Evacuate Collection Set: 16.08ms
[2024-12-21T22:09:48.543+0100][info][gc,phases   ] GC(15)   Post Evacuate Collection Set: 0.98ms
[2024-12-21T22:09:48.543+0100][info][gc,phases   ] GC(15)   Other: 0.11ms
[2024-12-21T22:09:48.543+0100][info][gc,heap     ] GC(15) Eden regions: 3->0(150)
[2024-12-21T22:09:48.543+0100][info][gc,heap     ] GC(15) Survivor regions: 5->5(27)
[2024-12-21T22:09:48.543+0100][info][gc,heap     ] GC(15) Old regions: 13->11
[2024-12-21T22:09:48.543+0100][info][gc,heap     ] GC(15) Humongous regions: 0->0
[2024-12-21T22:09:48.543+0100][info][gc,metaspace] GC(15) Metaspace: 103622K(104896K)->103622K(104896K) NonClass: 88032K(88768K)->88032K(88768K) Class: 15589K(16128K)->15589K(16128K)
[2024-12-21T22:09:48.543+0100][info][gc          ] GC(15) Pause Young (Mixed) (Metadata GC Threshold) 146M->112M(12288M) 18.127ms
[2024-12-21T22:09:48.543+0100][info][gc,cpu      ] GC(15) User=0.02s Sys=0.00s Real=0.02s
[2024-12-21T22:09:48.573+0100][info][gc,start    ] GC(16) Pause Young (Concurrent Start) (Metadata GC Threshold)
[2024-12-21T22:09:48.573+0100][info][gc,task     ] GC(16) Using 15 workers of 15 for evacuation
[2024-12-21T22:09:48.574+0100][info][gc,phases   ] GC(16)   Pre Evacuate Collection Set: 0.30ms
[2024-12-21T22:09:48.574+0100][info][gc,phases   ] GC(16)   Merge Heap Roots: 0.06ms
[2024-12-21T22:09:48.574+0100][info][gc,phases   ] GC(16)   Evacuate Collection Set: 12.00ms
[2024-12-21T22:09:48.574+0100][info][gc,phases   ] GC(16)   Post Evacuate Collection Set: 1.18ms
[2024-12-21T22:09:48.574+0100][info][gc,phases   ] GC(16)   Other: 0.10ms
[2024-12-21T22:09:48.574+0100][info][gc,heap     ] GC(16) Eden regions: 3->0(233)
[2024-12-21T22:09:48.574+0100][info][gc,heap     ] GC(16) Survivor regions: 5->5(28)
[2024-12-21T22:09:48.574+0100][info][gc,heap     ] GC(16) Old regions: 11->11
[2024-12-21T22:09:48.574+0100][info][gc,heap     ] GC(16) Humongous regions: 0->0
[2024-12-21T22:09:48.574+0100][info][gc,metaspace] GC(16) Metaspace: 103998K(105216K)->103998K(105216K) NonClass: 88268K(88960K)->88268K(88960K) Class: 15730K(16256K)->15730K(16256K)
[2024-12-21T22:09:48.574+0100][info][gc          ] GC(16) Pause Young (Concurrent Start) (Metadata GC Threshold) 130M->113M(12288M) 13.871ms
[2024-12-21T22:09:48.574+0100][info][gc          ] GC(17) Concurrent Mark Cycle
[2024-12-21T22:09:48.574+0100][info][gc,cpu      ] GC(16) User=0.00s Sys=0.00s Real=0.00s
[2024-12-21T22:09:48.574+0100][info][gc,marking  ] GC(17) Concurrent Scan Root Regions
[2024-12-21T22:09:48.589+0100][info][gc,marking  ] GC(17) Concurrent Scan Root Regions 6.546ms
[2024-12-21T22:09:48.589+0100][info][gc,marking  ] GC(17) Concurrent Mark
[2024-12-21T22:09:48.589+0100][info][gc,marking  ] GC(17) Concurrent Mark From Roots
[2024-12-21T22:09:48.589+0100][info][gc,task     ] GC(17) Using 4 workers of 4 for marking
[2024-12-21T22:09:48.589+0100][info][gc,marking  ] GC(17) Concurrent Mark From Roots 2.905ms
[2024-12-21T22:09:48.589+0100][info][gc,marking  ] GC(17) Concurrent Preclean
[2024-12-21T22:09:48.589+0100][info][gc,marking  ] GC(17) Concurrent Preclean 0.031ms
[2024-12-21T22:09:48.589+0100][info][gc,start    ] GC(17) Pause Remark
[2024-12-21T22:09:48.589+0100][info][gc          ] GC(17) Pause Remark 137M->137M(12288M) 6.989ms
[2024-12-21T22:09:48.589+0100][info][gc,cpu      ] GC(17) User=0.00s Sys=0.00s Real=0.00s
[2024-12-21T22:09:48.605+0100][info][gc,marking  ] GC(17) Concurrent Mark 11.076ms
[2024-12-21T22:09:48.605+0100][info][gc,marking  ] GC(17) Concurrent Rebuild Remembered Sets and Scrub Regions
[2024-12-21T22:09:48.620+0100][info][gc,marking  ] GC(17) Concurrent Rebuild Remembered Sets and Scrub Regions 16.433ms
[2024-12-21T22:09:48.636+0100][info][gc,start    ] GC(17) Pause Cleanup
[2024-12-21T22:09:48.636+0100][info][gc          ] GC(17) Pause Cleanup 137M->137M(12288M) 0.400ms
[2024-12-21T22:09:48.636+0100][info][gc,cpu      ] GC(17) User=0.00s Sys=0.00s Real=0.00s
[2024-12-21T22:09:48.637+0100][info][gc,marking  ] GC(17) Concurrent Clear Claimed Marks
[2024-12-21T22:09:48.637+0100][info][gc,marking  ] GC(17) Concurrent Clear Claimed Marks 0.111ms
[2024-12-21T22:09:48.637+0100][info][gc,marking  ] GC(17) Concurrent Cleanup for Next Mark
[2024-12-21T22:09:48.637+0100][info][gc,marking  ] GC(17) Concurrent Cleanup for Next Mark 8.515ms
[2024-12-21T22:09:48.637+0100][info][gc          ] GC(17) Concurrent Mark Cycle 59.049ms
[2024-12-21T22:09:52.035+0100][info][gc,start    ] GC(18) Pause Young (Prepare Mixed) (Metadata GC Threshold)
[2024-12-21T22:09:52.035+0100][info][gc,task     ] GC(18) Using 15 workers of 15 for evacuation
[2024-12-21T22:09:52.055+0100][info][gc,phases   ] GC(18)   Pre Evacuate Collection Set: 0.23ms
[2024-12-21T22:09:52.055+0100][info][gc,phases   ] GC(18)   Merge Heap Roots: 0.10ms
[2024-12-21T22:09:52.055+0100][info][gc,phases   ] GC(18)   Evacuate Collection Set: 17.84ms
[2024-12-21T22:09:52.055+0100][info][gc,phases   ] GC(18)   Post Evacuate Collection Set: 2.35ms
[2024-12-21T22:09:52.055+0100][info][gc,phases   ] GC(18)   Other: 0.09ms
[2024-12-21T22:09:52.055+0100][info][gc,heap     ] GC(18) Eden regions: 149->0(914)
[2024-12-21T22:09:52.055+0100][info][gc,heap     ] GC(18) Survivor regions: 5->7(39)
[2024-12-21T22:09:52.055+0100][info][gc,heap     ] GC(18) Old regions: 11->11
[2024-12-21T22:09:52.055+0100][info][gc,heap     ] GC(18) Humongous regions: 0->0
[2024-12-21T22:09:52.055+0100][info][gc,metaspace] GC(18) Metaspace: 174680K(175936K)->174680K(175936K) NonClass: 147246K(147904K)->147246K(147904K) Class: 27433K(28032K)->27433K(28032K)
[2024-12-21T22:09:52.055+0100][info][gc          ] GC(18) Pause Young (Prepare Mixed) (Metadata GC Threshold) 1301M->134M(12288M) 20.834ms
[2024-12-21T22:09:52.055+0100][info][gc,cpu      ] GC(18) User=0.05s Sys=0.00s Real=0.02s
[2024-12-21T22:09:52.081+0100][info][gc,start    ] GC(19) Pause Young (Mixed) (Metadata GC Threshold)
[2024-12-21T22:09:52.081+0100][info][gc,task     ] GC(19) Using 15 workers of 15 for evacuation
[2024-12-21T22:09:52.096+0100][info][gc,phases   ] GC(19)   Pre Evacuate Collection Set: 0.17ms
[2024-12-21T22:09:52.096+0100][info][gc,phases   ] GC(19)   Merge Heap Roots: 0.06ms
[2024-12-21T22:09:52.096+0100][info][gc,phases   ] GC(19)   Evacuate Collection Set: 12.82ms
[2024-12-21T22:09:52.096+0100][info][gc,phases   ] GC(19)   Post Evacuate Collection Set: 2.19ms
[2024-12-21T22:09:52.096+0100][info][gc,phases   ] GC(19)   Other: 0.07ms
[2024-12-21T22:09:52.096+0100][info][gc,heap     ] GC(19) Eden regions: 20->0(914)
[2024-12-21T22:09:52.096+0100][info][gc,heap     ] GC(19) Survivor regions: 7->7(116)
[2024-12-21T22:09:52.096+0100][info][gc,heap     ] GC(19) Old regions: 11->9
[2024-12-21T22:09:52.096+0100][info][gc,heap     ] GC(19) Humongous regions: 0->0
[2024-12-21T22:09:52.096+0100][info][gc,metaspace] GC(19) Metaspace: 174995K(176256K)->174995K(176256K) NonClass: 147503K(148160K)->147503K(148160K) Class: 27492K(28096K)->27492K(28096K)
[2024-12-21T22:09:52.096+0100][info][gc          ] GC(19) Pause Young (Mixed) (Metadata GC Threshold) 290M->119M(12288M) 15.533ms
[2024-12-21T22:09:52.096+0100][info][gc,cpu      ] GC(19) User=0.02s Sys=0.00s Real=0.01s
[2024-12-21T22:09:52.115+0100][info][gc,start    ] GC(20) Pause Young (Concurrent Start) (Metadata GC Threshold)
[2024-12-21T22:09:52.115+0100][info][gc,task     ] GC(20) Using 15 workers of 15 for evacuation
[2024-12-21T22:09:52.131+0100][info][gc,phases   ] GC(20)   Pre Evacuate Collection Set: 0.23ms
[2024-12-21T22:09:52.131+0100][info][gc,phases   ] GC(20)   Merge Heap Roots: 0.06ms
[2024-12-21T22:09:52.131+0100][info][gc,phases   ] GC(20)   Evacuate Collection Set: 13.35ms
[2024-12-21T22:09:52.131+0100][info][gc,phases   ] GC(20)   Post Evacuate Collection Set: 2.27ms
[2024-12-21T22:09:52.131+0100][info][gc,phases   ] GC(20)   Other: 0.09ms
[2024-12-21T22:09:52.131+0100][info][gc,heap     ] GC(20) Eden regions: 22->0(914)
[2024-12-21T22:09:52.131+0100][info][gc,heap     ] GC(20) Survivor regions: 7->7(116)
[2024-12-21T22:09:52.131+0100][info][gc,heap     ] GC(20) Old regions: 9->9
[2024-12-21T22:09:52.131+0100][info][gc,heap     ] GC(20) Humongous regions: 0->0
[2024-12-21T22:09:52.131+0100][info][gc,metaspace] GC(20) Metaspace: 175321K(176576K)->175321K(176576K) NonClass: 147764K(148480K)->147764K(148480K) Class: 27557K(28096K)->27557K(28096K)
[2024-12-21T22:09:52.131+0100][info][gc          ] GC(20) Pause Young (Concurrent Start) (Metadata GC Threshold) 295M->118M(12288M) 16.225ms
[2024-12-21T22:09:52.131+0100][info][gc          ] GC(21) Concurrent Mark Cycle
[2024-12-21T22:09:52.131+0100][info][gc,marking  ] GC(21) Concurrent Scan Root Regions
[2024-12-21T22:09:52.131+0100][info][gc,cpu      ] GC(20) User=0.08s Sys=0.00s Real=0.02s
[2024-12-21T22:09:52.139+0100][info][gc,marking  ] GC(21) Concurrent Scan Root Regions 8.170ms
[2024-12-21T22:09:52.139+0100][info][gc,marking  ] GC(21) Concurrent Mark
[2024-12-21T22:09:52.139+0100][info][gc,marking  ] GC(21) Concurrent Mark From Roots
[2024-12-21T22:09:52.139+0100][info][gc,task     ] GC(21) Using 4 workers of 4 for marking
[2024-12-21T22:09:52.144+0100][info][gc,marking  ] GC(21) Concurrent Mark From Roots 4.321ms
[2024-12-21T22:09:52.144+0100][info][gc,marking  ] GC(21) Concurrent Preclean
[2024-12-21T22:09:52.144+0100][info][gc,marking  ] GC(21) Concurrent Preclean 0.038ms
[2024-12-21T22:09:52.147+0100][info][gc,start    ] GC(21) Pause Remark
[2024-12-21T22:09:52.152+0100][info][gc          ] GC(21) Pause Remark 262M->262M(12288M) 4.957ms
[2024-12-21T22:09:52.152+0100][info][gc,cpu      ] GC(21) User=0.00s Sys=0.00s Real=0.00s
[2024-12-21T22:09:52.152+0100][info][gc,marking  ] GC(21) Concurrent Mark 12.493ms
[2024-12-21T22:09:52.152+0100][info][gc,marking  ] GC(21) Concurrent Rebuild Remembered Sets and Scrub Regions
[2024-12-21T22:09:52.154+0100][info][gc,marking  ] GC(21) Concurrent Rebuild Remembered Sets and Scrub Regions 2.459ms
[2024-12-21T22:09:52.169+0100][info][gc,start    ] GC(21) Pause Cleanup
[2024-12-21T22:09:52.169+0100][info][gc          ] GC(21) Pause Cleanup 262M->262M(12288M) 0.275ms
[2024-12-21T22:09:52.169+0100][info][gc,cpu      ] GC(21) User=0.00s Sys=0.00s Real=0.00s
[2024-12-21T22:09:52.169+0100][info][gc,marking  ] GC(21) Concurrent Clear Claimed Marks
[2024-12-21T22:09:52.169+0100][info][gc,marking  ] GC(21) Concurrent Clear Claimed Marks 0.083ms
[2024-12-21T22:09:52.169+0100][info][gc,marking  ] GC(21) Concurrent Cleanup for Next Mark
[2024-12-21T22:09:52.176+0100][info][gc,marking  ] GC(21) Concurrent Cleanup for Next Mark 6.414ms
[2024-12-21T22:09:52.176+0100][info][gc          ] GC(21) Concurrent Mark Cycle 44.709ms
[2024-12-21T22:10:08.687+0100][info][gc,start    ] GC(22) Pause Young (Prepare Mixed) (Metadata GC Threshold)
[2024-12-21T22:10:08.687+0100][info][gc,task     ] GC(22) Using 15 workers of 15 for evacuation
[2024-12-21T22:10:08.735+0100][info][gc,phases   ] GC(22)   Pre Evacuate Collection Set: 0.54ms
[2024-12-21T22:10:08.735+0100][info][gc,phases   ] GC(22)   Merge Heap Roots: 0.28ms
[2024-12-21T22:10:08.735+0100][info][gc,phases   ] GC(22)   Evacuate Collection Set: 34.47ms
[2024-12-21T22:10:08.735+0100][info][gc,phases   ] GC(22)   Post Evacuate Collection Set: 13.40ms
[2024-12-21T22:10:08.735+0100][info][gc,phases   ] GC(22)   Other: 0.28ms
[2024-12-21T22:10:08.735+0100][info][gc,heap     ] GC(22) Eden regions: 524->0(912)
[2024-12-21T22:10:08.735+0100][info][gc,heap     ] GC(22) Survivor regions: 7->9(116)
[2024-12-21T22:10:08.735+0100][info][gc,heap     ] GC(22) Old regions: 9->9
[2024-12-21T22:10:08.735+0100][info][gc,heap     ] GC(22) Humongous regions: 0->0
[2024-12-21T22:10:08.735+0100][info][gc,metaspace] GC(22) Metaspace: 293346K(294848K)->293346K(294848K) NonClass: 246590K(247424K)->246590K(247424K) Class: 46755K(47424K)->46755K(47424K)
[2024-12-21T22:10:08.735+0100][info][gc          ] GC(22) Pause Young (Prepare Mixed) (Metadata GC Threshold) 4306M->135M(12288M) 49.321ms
[2024-12-21T22:10:08.735+0100][info][gc,cpu      ] GC(22) User=0.17s Sys=0.00s Real=0.05s
[2024-12-21T22:10:08.768+0100][info][gc,start    ] GC(23) Pause Young (Mixed) (Metadata GC Threshold)
[2024-12-21T22:10:08.768+0100][info][gc,task     ] GC(23) Using 15 workers of 15 for evacuation
[2024-12-21T22:10:08.798+0100][info][gc,phases   ] GC(23)   Pre Evacuate Collection Set: 0.65ms
[2024-12-21T22:10:08.798+0100][info][gc,phases   ] GC(23)   Merge Heap Roots: 0.12ms
[2024-12-21T22:10:08.798+0100][info][gc,phases   ] GC(23)   Evacuate Collection Set: 25.23ms
[2024-12-21T22:10:08.798+0100][info][gc,phases   ] GC(23)   Post Evacuate Collection Set: 4.13ms
[2024-12-21T22:10:08.798+0100][info][gc,phases   ] GC(23)   Other: 0.11ms
[2024-12-21T22:10:08.798+0100][info][gc,heap     ] GC(23) Eden regions: 3->0(911)
[2024-12-21T22:10:08.798+0100][info][gc,heap     ] GC(23) Survivor regions: 9->10(116)
[2024-12-21T22:10:08.798+0100][info][gc,heap     ] GC(23) Old regions: 9->8
[2024-12-21T22:10:08.798+0100][info][gc,heap     ] GC(23) Humongous regions: 0->0
[2024-12-21T22:10:08.798+0100][info][gc,metaspace] GC(23) Metaspace: 293660K(295168K)->293660K(295168K) NonClass: 246801K(247680K)->246801K(247680K) Class: 46858K(47488K)->46858K(47488K)
[2024-12-21T22:10:08.798+0100][info][gc          ] GC(23) Pause Young (Mixed) (Metadata GC Threshold) 159M->128M(12288M) 30.566ms
[2024-12-21T22:10:08.798+0100][info][gc,cpu      ] GC(23) User=0.05s Sys=0.00s Real=0.03s
[2024-12-21T22:10:08.802+0100][info][gc,start    ] GC(24) Pause Young (Concurrent Start) (Metadata GC Threshold)
[2024-12-21T22:10:08.802+0100][info][gc,task     ] GC(24) Using 15 workers of 15 for evacuation
[2024-12-21T22:10:08.818+0100][info][gc,phases   ] GC(24)   Pre Evacuate Collection Set: 0.35ms
[2024-12-21T22:10:08.818+0100][info][gc,phases   ] GC(24)   Merge Heap Roots: 0.19ms
[2024-12-21T22:10:08.818+0100][info][gc,phases   ] GC(24)   Evacuate Collection Set: 24.19ms
[2024-12-21T22:10:08.818+0100][info][gc,phases   ] GC(24)   Post Evacuate Collection Set: 3.87ms
[2024-12-21T22:10:08.818+0100][info][gc,phases   ] GC(24)   Other: 0.15ms
[2024-12-21T22:10:08.818+0100][info][gc,heap     ] GC(24) Eden regions: 5->0(912)
[2024-12-21T22:10:08.818+0100][info][gc,heap     ] GC(24) Survivor regions: 10->9(116)
[2024-12-21T22:10:08.818+0100][info][gc,heap     ] GC(24) Old regions: 8->8
[2024-12-21T22:10:08.818+0100][info][gc,heap     ] GC(24) Humongous regions: 0->0
[2024-12-21T22:10:08.818+0100][info][gc,metaspace] GC(24) Metaspace: 293945K(295488K)->293945K(295488K) NonClass: 246979K(247872K)->246979K(247872K) Class: 46965K(47616K)->46965K(47616K)
[2024-12-21T22:10:08.818+0100][info][gc          ] GC(24) Pause Young (Concurrent Start) (Metadata GC Threshold) 168M->130M(12288M) 29.033ms
[2024-12-21T22:10:08.818+0100][info][gc          ] GC(25) Concurrent Mark Cycle
[2024-12-21T22:10:08.818+0100][info][gc,cpu      ] GC(24) User=0.03s Sys=0.00s Real=0.02s
[2024-12-21T22:10:08.818+0100][info][gc,marking  ] GC(25) Concurrent Scan Root Regions
[2024-12-21T22:10:08.834+0100][info][gc,marking  ] GC(25) Concurrent Scan Root Regions 10.534ms
[2024-12-21T22:10:08.834+0100][info][gc,marking  ] GC(25) Concurrent Mark
[2024-12-21T22:10:08.834+0100][info][gc,marking  ] GC(25) Concurrent Mark From Roots
[2024-12-21T22:10:08.834+0100][info][gc,task     ] GC(25) Using 4 workers of 4 for marking
[2024-12-21T22:10:08.851+0100][info][gc,marking  ] GC(25) Concurrent Mark From Roots 10.448ms
[2024-12-21T22:10:08.851+0100][info][gc,marking  ] GC(25) Concurrent Preclean
[2024-12-21T22:10:08.851+0100][info][gc,marking  ] GC(25) Concurrent Preclean 0.036ms
[2024-12-21T22:10:08.865+0100][info][gc,start    ] GC(25) Pause Remark
[2024-12-21T22:10:08.868+0100][info][gc          ] GC(25) Pause Remark 174M->174M(12288M) 12.176ms
[2024-12-21T22:10:08.868+0100][info][gc,cpu      ] GC(25) User=0.00s Sys=0.00s Real=0.00s
[2024-12-21T22:10:08.868+0100][info][gc,marking  ] GC(25) Concurrent Mark 34.377ms
[2024-12-21T22:10:08.868+0100][info][gc,marking  ] GC(25) Concurrent Rebuild Remembered Sets and Scrub Regions
[2024-12-21T22:10:08.878+0100][info][gc,marking  ] GC(25) Concurrent Rebuild Remembered Sets and Scrub Regions 4.980ms
[2024-12-21T22:10:08.894+0100][info][gc,start    ] GC(25) Pause Cleanup
[2024-12-21T22:10:08.894+0100][info][gc          ] GC(25) Pause Cleanup 174M->174M(12288M) 0.451ms
[2024-12-21T22:10:08.894+0100][info][gc,cpu      ] GC(25) User=0.00s Sys=0.00s Real=0.00s
[2024-12-21T22:10:08.894+0100][info][gc,marking  ] GC(25) Concurrent Clear Claimed Marks
[2024-12-21T22:10:08.894+0100][info][gc,marking  ] GC(25) Concurrent Clear Claimed Marks 0.187ms
[2024-12-21T22:10:08.894+0100][info][gc,marking  ] GC(25) Concurrent Cleanup for Next Mark
[2024-12-21T22:10:08.906+0100][info][gc,marking  ] GC(25) Concurrent Cleanup for Next Mark 11.748ms
[2024-12-21T22:10:08.906+0100][info][gc          ] GC(25) Concurrent Mark Cycle 73.764ms
[2024-12-21T22:10:31.773+0100][info][gc,start    ] GC(26) Pause Young (Prepare Mixed) (G1 Evacuation Pause)
[2024-12-21T22:10:31.773+0100][info][gc,task     ] GC(26) Using 15 workers of 15 for evacuation
[2024-12-21T22:10:31.822+0100][info][gc,phases   ] GC(26)   Pre Evacuate Collection Set: 0.41ms
[2024-12-21T22:10:31.823+0100][info][gc,phases   ] GC(26)   Merge Heap Roots: 0.35ms
[2024-12-21T22:10:31.823+0100][info][gc,phases   ] GC(26)   Evacuate Collection Set: 35.14ms
[2024-12-21T22:10:31.823+0100][info][gc,phases   ] GC(26)   Post Evacuate Collection Set: 13.04ms
[2024-12-21T22:10:31.823+0100][info][gc,phases   ] GC(26)   Other: 0.41ms
[2024-12-21T22:10:31.823+0100][info][gc,heap     ] GC(26) Eden regions: 912->0(909)
[2024-12-21T22:10:31.823+0100][info][gc,heap     ] GC(26) Survivor regions: 9->12(116)
[2024-12-21T22:10:31.823+0100][info][gc,heap     ] GC(26) Old regions: 8->8
[2024-12-21T22:10:31.823+0100][info][gc,heap     ] GC(26) Humongous regions: 0->0
[2024-12-21T22:10:31.823+0100][info][gc,metaspace] GC(26) Metaspace: 437472K(439360K)->437472K(439360K) NonClass: 367108K(368192K)->367108K(368192K) Class: 70364K(71168K)->70364K(71168K)
[2024-12-21T22:10:31.823+0100][info][gc          ] GC(26) Pause Young (Prepare Mixed) (G1 Evacuation Pause) 7426M->157M(12288M) 49.761ms
[2024-12-21T22:10:31.823+0100][info][gc,cpu      ] GC(26) User=0.09s Sys=0.02s Real=0.05s
[2024-12-21T22:10:49.899+0100][info][gc,heap,exit] Heap
[2024-12-21T22:10:49.899+0100][info][gc,heap,exit]  garbage-first heap   total reserved 12582912K, committed 12582912K, used 2421871K [0x0000000500000000, 0x0000000800000000)
[2024-12-21T22:10:49.899+0100][info][gc,heap,exit]   region size 8192K, 288 young (2359296K), 12 survivors (98304K)
[2024-12-21T22:10:49.899+0100][info][gc,heap,exit]  Metaspace       used 449339K, committed 451136K, reserved 1441792K
[2024-12-21T22:10:49.899+0100][info][gc,heap,exit]   class space    used 72501K, committed 73280K, reserved 1048576K
