[2024-12-21T22:11:51.899+0100][info][gc,init] CardTable entry size: 512
[2024-12-21T22:11:51.899+0100][info][gc     ] Using G1
[2024-12-21T22:11:52.025+0100][info][gc,init] Version: 22.0.2+9-70 (release)
[2024-12-21T22:11:52.025+0100][info][gc,init] CPUs: 20 total, 20 available
[2024-12-21T22:11:52.025+0100][info][gc,init] Memory: 16108M
[2024-12-21T22:11:52.025+0100][info][gc,init] Large Page Support: Disabled
[2024-12-21T22:11:52.025+0100][info][gc,init] NUMA Support: Disabled
[2024-12-21T22:11:52.025+0100][info][gc,init] Compressed Oops: Enabled (Zero based)
[2024-12-21T22:11:52.025+0100][info][gc,init] Heap Region Size: 8M
[2024-12-21T22:11:52.025+0100][info][gc,init] Heap Min Capacity: 12G
[2024-12-21T22:11:52.025+0100][info][gc,init] Heap Initial Capacity: 12G
[2024-12-21T22:11:52.025+0100][info][gc,init] Heap Max Capacity: 12G
[2024-12-21T22:11:52.025+0100][info][gc,init] Pre-touch: Disabled
[2024-12-21T22:11:52.025+0100][info][gc,init] Parallel Workers: 15
[2024-12-21T22:11:52.025+0100][info][gc,init] Concurrent Workers: 4
[2024-12-21T22:11:52.025+0100][info][gc,init] Concurrent Refinement Workers: 15
[2024-12-21T22:11:52.025+0100][info][gc,init] Periodic GC: Disabled
[2024-12-21T22:11:52.041+0100][info][gc,metaspace] CDS archive(s) mapped at: [0x000001e96b000000-0x000001e96bc60000-0x000001e96bc60000), size 12976128, SharedBaseAddress: 0x000001e96b000000, ArchiveRelocationMode: 1.
[2024-12-21T22:11:52.041+0100][info][gc,metaspace] Compressed class space mapped at: 0x000001e96c000000-0x000001e9ac000000, reserved size: 1073741824
[2024-12-21T22:11:52.041+0100][info][gc,metaspace] Narrow klass base: 0x000001e96b000000, Narrow klass shift: 0, Narrow klass range: 0x41000000
[2024-12-21T22:11:53.140+0100][info][gc,start    ] GC(0) Pause Young (Normal) (G1 Evacuation Pause)
[2024-12-21T22:11:53.140+0100][info][gc,task     ] GC(0) Using 15 workers of 15 for evacuation
[2024-12-21T22:11:53.155+0100][info][gc,phases   ] GC(0)   Pre Evacuate Collection Set: 0.20ms
[2024-12-21T22:11:53.155+0100][info][gc,phases   ] GC(0)   Merge Heap Roots: 0.12ms
[2024-12-21T22:11:53.155+0100][info][gc,phases   ] GC(0)   Evacuate Collection Set: 23.69ms
[2024-12-21T22:11:53.155+0100][info][gc,phases   ] GC(0)   Post Evacuate Collection Set: 0.71ms
[2024-12-21T22:11:53.155+0100][info][gc,phases   ] GC(0)   Other: 0.54ms
[2024-12-21T22:11:53.155+0100][info][gc,heap     ] GC(0) Eden regions: 76->0(67)
[2024-12-21T22:11:53.155+0100][info][gc,heap     ] GC(0) Survivor regions: 0->9(10)
[2024-12-21T22:11:53.155+0100][info][gc,heap     ] GC(0) Old regions: 0->1
[2024-12-21T22:11:53.155+0100][info][gc,heap     ] GC(0) Humongous regions: 0->0
[2024-12-21T22:11:53.155+0100][info][gc,metaspace] GC(0) Metaspace: 3740K(3968K)->3740K(3968K) NonClass: 3404K(3520K)->3404K(3520K) Class: 336K(448K)->336K(448K)
[2024-12-21T22:11:53.155+0100][info][gc          ] GC(0) Pause Young (Normal) (G1 Evacuation Pause) (Evacuation Failure: Pinned) 608M->78M(12288M) 25.697ms
[2024-12-21T22:11:53.155+0100][info][gc,cpu      ] GC(0) User=0.06s Sys=0.02s Real=0.01s
[2024-12-21T22:11:53.486+0100][info][gc,start    ] GC(1) Pause Young (Normal) (G1 Evacuation Pause)
[2024-12-21T22:11:53.486+0100][info][gc,task     ] GC(1) Using 15 workers of 15 for evacuation
[2024-12-21T22:11:53.521+0100][info][gc,phases   ] GC(1)   Pre Evacuate Collection Set: 0.23ms
[2024-12-21T22:11:53.521+0100][info][gc,phases   ] GC(1)   Merge Heap Roots: 0.07ms
[2024-12-21T22:11:53.521+0100][info][gc,phases   ] GC(1)   Evacuate Collection Set: 42.94ms
[2024-12-21T22:11:53.521+0100][info][gc,phases   ] GC(1)   Post Evacuate Collection Set: 0.47ms
[2024-12-21T22:11:53.521+0100][info][gc,phases   ] GC(1)   Other: 0.08ms
[2024-12-21T22:11:53.521+0100][info][gc,heap     ] GC(1) Eden regions: 67->0(69)
[2024-12-21T22:11:53.521+0100][info][gc,heap     ] GC(1) Survivor regions: 9->7(10)
[2024-12-21T22:11:53.521+0100][info][gc,heap     ] GC(1) Old regions: 1->9
[2024-12-21T22:11:53.521+0100][info][gc,heap     ] GC(1) Humongous regions: 0->0
[2024-12-21T22:11:53.521+0100][info][gc,metaspace] GC(1) Metaspace: 3753K(3968K)->3753K(3968K) NonClass: 3415K(3520K)->3415K(3520K) Class: 338K(448K)->338K(448K)
[2024-12-21T22:11:53.521+0100][info][gc          ] GC(1) Pause Young (Normal) (G1 Evacuation Pause) 614M->117M(12288M) 44.093ms
[2024-12-21T22:11:53.521+0100][info][gc,cpu      ] GC(1) User=0.05s Sys=0.02s Real=0.03s
[2024-12-21T22:11:53.877+0100][info][gc,start    ] GC(2) Pause Young (Normal) (G1 Evacuation Pause)
[2024-12-21T22:11:53.877+0100][info][gc,task     ] GC(2) Using 15 workers of 15 for evacuation
[2024-12-21T22:11:53.908+0100][info][gc,phases   ] GC(2)   Pre Evacuate Collection Set: 0.30ms
[2024-12-21T22:11:53.908+0100][info][gc,phases   ] GC(2)   Merge Heap Roots: 0.21ms
[2024-12-21T22:11:53.908+0100][info][gc,phases   ] GC(2)   Evacuate Collection Set: 31.85ms
[2024-12-21T22:11:53.908+0100][info][gc,phases   ] GC(2)   Post Evacuate Collection Set: 0.36ms
[2024-12-21T22:11:53.908+0100][info][gc,phases   ] GC(2)   Other: 0.09ms
[2024-12-21T22:11:53.908+0100][info][gc,heap     ] GC(2) Eden regions: 69->0(68)
[2024-12-21T22:11:53.908+0100][info][gc,heap     ] GC(2) Survivor regions: 7->8(10)
[2024-12-21T22:11:53.908+0100][info][gc,heap     ] GC(2) Old regions: 9->15
[2024-12-21T22:11:53.908+0100][info][gc,heap     ] GC(2) Humongous regions: 0->0
[2024-12-21T22:11:53.908+0100][info][gc,metaspace] GC(2) Metaspace: 3757K(3968K)->3757K(3968K) NonClass: 3418K(3520K)->3418K(3520K) Class: 338K(448K)->338K(448K)
[2024-12-21T22:11:53.908+0100][info][gc          ] GC(2) Pause Young (Normal) (G1 Evacuation Pause) 669M->171M(12288M) 33.024ms
[2024-12-21T22:11:53.908+0100][info][gc,cpu      ] GC(2) User=0.08s Sys=0.00s Real=0.03s
[2024-12-21T22:11:55.009+0100][info][gc,start    ] GC(3) Pause Young (Normal) (G1 Evacuation Pause)
[2024-12-21T22:11:55.009+0100][info][gc,task     ] GC(3) Using 15 workers of 15 for evacuation
[2024-12-21T22:11:55.057+0100][info][gc,phases   ] GC(3)   Pre Evacuate Collection Set: 0.32ms
[2024-12-21T22:11:55.057+0100][info][gc,phases   ] GC(3)   Merge Heap Roots: 0.39ms
[2024-12-21T22:11:55.057+0100][info][gc,phases   ] GC(3)   Evacuate Collection Set: 43.79ms
[2024-12-21T22:11:55.057+0100][info][gc,phases   ] GC(3)   Post Evacuate Collection Set: 0.59ms
[2024-12-21T22:11:55.057+0100][info][gc,phases   ] GC(3)   Other: 0.07ms
[2024-12-21T22:11:55.057+0100][info][gc,heap     ] GC(3) Eden regions: 68->0(69)
[2024-12-21T22:11:55.057+0100][info][gc,heap     ] GC(3) Survivor regions: 8->7(10)
[2024-12-21T22:11:55.057+0100][info][gc,heap     ] GC(3) Old regions: 15->20
[2024-12-21T22:11:55.057+0100][info][gc,heap     ] GC(3) Humongous regions: 0->0
[2024-12-21T22:11:55.057+0100][info][gc,metaspace] GC(3) Metaspace: 8296K(8576K)->8296K(8576K) NonClass: 7445K(7616K)->7445K(7616K) Class: 850K(960K)->850K(960K)
[2024-12-21T22:11:55.057+0100][info][gc          ] GC(3) Pause Young (Normal) (G1 Evacuation Pause) 715M->210M(12288M) 45.434ms
[2024-12-21T22:11:55.057+0100][info][gc,cpu      ] GC(3) User=0.27s Sys=0.00s Real=0.05s
[2024-12-21T22:11:56.697+0100][info][gc,start    ] GC(4) Pause Young (Concurrent Start) (Metadata GC Threshold)
[2024-12-21T22:11:56.697+0100][info][gc,task     ] GC(4) Using 15 workers of 15 for evacuation
[2024-12-21T22:11:56.760+0100][info][gc,phases   ] GC(4)   Pre Evacuate Collection Set: 0.41ms
[2024-12-21T22:11:56.760+0100][info][gc,phases   ] GC(4)   Merge Heap Roots: 0.77ms
[2024-12-21T22:11:56.760+0100][info][gc,phases   ] GC(4)   Evacuate Collection Set: 55.52ms
[2024-12-21T22:11:56.760+0100][info][gc,phases   ] GC(4)   Post Evacuate Collection Set: 0.61ms
[2024-12-21T22:11:56.760+0100][info][gc,phases   ] GC(4)   Other: 0.09ms
[2024-12-21T22:11:56.760+0100][info][gc,heap     ] GC(4) Eden regions: 54->0(72)
[2024-12-21T22:11:56.760+0100][info][gc,heap     ] GC(4) Survivor regions: 7->4(10)
[2024-12-21T22:11:56.760+0100][info][gc,heap     ] GC(4) Old regions: 20->27
[2024-12-21T22:11:56.760+0100][info][gc,heap     ] GC(4) Humongous regions: 4->3
[2024-12-21T22:11:56.760+0100][info][gc,metaspace] GC(4) Metaspace: 21105K(21504K)->21105K(21504K) NonClass: 18484K(18688K)->18484K(18688K) Class: 2620K(2816K)->2620K(2816K)
[2024-12-21T22:11:56.760+0100][info][gc          ] GC(4) Pause Young (Concurrent Start) (Metadata GC Threshold) 670M->259M(12288M) 57.738ms
[2024-12-21T22:11:56.760+0100][info][gc          ] GC(5) Concurrent Mark Cycle
[2024-12-21T22:11:56.760+0100][info][gc,cpu      ] GC(4) User=0.17s Sys=0.03s Real=0.06s
[2024-12-21T22:11:56.760+0100][info][gc,marking  ] GC(5) Concurrent Scan Root Regions
[2024-12-21T22:11:56.791+0100][info][gc,marking  ] GC(5) Concurrent Scan Root Regions 35.656ms
[2024-12-21T22:11:56.791+0100][info][gc,marking  ] GC(5) Concurrent Mark
[2024-12-21T22:11:56.791+0100][info][gc,marking  ] GC(5) Concurrent Mark From Roots
[2024-12-21T22:11:56.791+0100][info][gc,task     ] GC(5) Using 4 workers of 4 for marking
[2024-12-21T22:11:56.839+0100][info][gc,marking  ] GC(5) Concurrent Mark From Roots 42.177ms
[2024-12-21T22:11:56.839+0100][info][gc,marking  ] GC(5) Concurrent Preclean
[2024-12-21T22:11:56.839+0100][info][gc,marking  ] GC(5) Concurrent Preclean 0.038ms
[2024-12-21T22:11:56.854+0100][info][gc,start    ] GC(5) Pause Remark
[2024-12-21T22:11:56.854+0100][info][gc          ] GC(5) Pause Remark 267M->267M(12288M) 5.288ms
[2024-12-21T22:11:56.854+0100][info][gc,cpu      ] GC(5) User=0.00s Sys=0.00s Real=0.00s
[2024-12-21T22:11:56.854+0100][info][gc,marking  ] GC(5) Concurrent Mark 54.017ms
[2024-12-21T22:11:56.854+0100][info][gc,marking  ] GC(5) Concurrent Rebuild Remembered Sets and Scrub Regions
[2024-12-21T22:11:56.917+0100][info][gc,marking  ] GC(5) Concurrent Rebuild Remembered Sets and Scrub Regions 60.828ms
[2024-12-21T22:11:56.917+0100][info][gc,start    ] GC(5) Pause Cleanup
[2024-12-21T22:11:56.917+0100][info][gc          ] GC(5) Pause Cleanup 271M->271M(12288M) 0.236ms
[2024-12-21T22:11:56.917+0100][info][gc,cpu      ] GC(5) User=0.00s Sys=0.00s Real=0.00s
[2024-12-21T22:11:56.917+0100][info][gc,marking  ] GC(5) Concurrent Clear Claimed Marks
[2024-12-21T22:11:56.917+0100][info][gc,marking  ] GC(5) Concurrent Clear Claimed Marks 0.049ms
[2024-12-21T22:11:56.917+0100][info][gc,marking  ] GC(5) Concurrent Cleanup for Next Mark
[2024-12-21T22:11:56.949+0100][info][gc,marking  ] GC(5) Concurrent Cleanup for Next Mark 29.070ms
[2024-12-21T22:11:56.949+0100][info][gc          ] GC(5) Concurrent Mark Cycle 180.418ms
[2024-12-21T22:11:57.698+0100][info][gc,start    ] GC(6) Pause Young (Prepare Mixed) (Metadata GC Threshold)
[2024-12-21T22:11:57.698+0100][info][gc,task     ] GC(6) Using 15 workers of 15 for evacuation
[2024-12-21T22:11:57.713+0100][info][gc,phases   ] GC(6)   Pre Evacuate Collection Set: 0.24ms
[2024-12-21T22:11:57.713+0100][info][gc,phases   ] GC(6)   Merge Heap Roots: 0.10ms
[2024-12-21T22:11:57.713+0100][info][gc,phases   ] GC(6)   Evacuate Collection Set: 13.72ms
[2024-12-21T22:11:57.713+0100][info][gc,phases   ] GC(6)   Post Evacuate Collection Set: 0.71ms
[2024-12-21T22:11:57.713+0100][info][gc,phases   ] GC(6)   Other: 0.07ms
[2024-12-21T22:11:57.713+0100][info][gc,heap     ] GC(6) Eden regions: 9->0(72)
[2024-12-21T22:11:57.713+0100][info][gc,heap     ] GC(6) Survivor regions: 4->4(10)
[2024-12-21T22:11:57.713+0100][info][gc,heap     ] GC(6) Old regions: 27->27
[2024-12-21T22:11:57.713+0100][info][gc,heap     ] GC(6) Humongous regions: 3->3
[2024-12-21T22:11:57.713+0100][info][gc,metaspace] GC(6) Metaspace: 35678K(36160K)->35678K(36160K) NonClass: 30970K(31232K)->30970K(31232K) Class: 4707K(4928K)->4707K(4928K)
[2024-12-21T22:11:57.713+0100][info][gc          ] GC(6) Pause Young (Prepare Mixed) (Metadata GC Threshold) 327M->262M(12288M) 15.074ms
[2024-12-21T22:11:57.713+0100][info][gc,cpu      ] GC(6) User=0.02s Sys=0.00s Real=0.02s
[2024-12-21T22:11:57.739+0100][info][gc,start    ] GC(7) Pause Young (Mixed) (Metadata GC Threshold)
[2024-12-21T22:11:57.739+0100][info][gc,task     ] GC(7) Using 15 workers of 15 for evacuation
[2024-12-21T22:11:57.757+0100][info][gc,phases   ] GC(7)   Pre Evacuate Collection Set: 0.22ms
[2024-12-21T22:11:57.757+0100][info][gc,phases   ] GC(7)   Merge Heap Roots: 0.09ms
[2024-12-21T22:11:57.757+0100][info][gc,phases   ] GC(7)   Evacuate Collection Set: 17.92ms
[2024-12-21T22:11:57.757+0100][info][gc,phases   ] GC(7)   Post Evacuate Collection Set: 0.71ms
[2024-12-21T22:11:57.757+0100][info][gc,phases   ] GC(7)   Other: 0.06ms
[2024-12-21T22:11:57.757+0100][info][gc,heap     ] GC(7) Eden regions: 1->0(72)
[2024-12-21T22:11:57.757+0100][info][gc,heap     ] GC(7) Survivor regions: 4->4(10)
[2024-12-21T22:11:57.757+0100][info][gc,heap     ] GC(7) Old regions: 27->26
[2024-12-21T22:11:57.757+0100][info][gc,heap     ] GC(7) Humongous regions: 3->3
[2024-12-21T22:11:57.757+0100][info][gc,metaspace] GC(7) Metaspace: 36032K(36480K)->36032K(36480K) NonClass: 31290K(31552K)->31290K(31552K) Class: 4741K(4928K)->4741K(4928K)
[2024-12-21T22:11:57.757+0100][info][gc          ] GC(7) Pause Young (Mixed) (Metadata GC Threshold) 267M->251M(12288M) 19.232ms
[2024-12-21T22:11:57.757+0100][info][gc,cpu      ] GC(7) User=0.02s Sys=0.00s Real=0.02s
[2024-12-21T22:11:57.774+0100][info][gc,start    ] GC(8) Pause Young (Concurrent Start) (Metadata GC Threshold)
[2024-12-21T22:11:57.774+0100][info][gc,task     ] GC(8) Using 15 workers of 15 for evacuation
[2024-12-21T22:11:57.775+0100][info][gc,phases   ] GC(8)   Pre Evacuate Collection Set: 0.33ms
[2024-12-21T22:11:57.775+0100][info][gc,phases   ] GC(8)   Merge Heap Roots: 0.07ms
[2024-12-21T22:11:57.775+0100][info][gc,phases   ] GC(8)   Evacuate Collection Set: 14.62ms
[2024-12-21T22:11:57.775+0100][info][gc,phases   ] GC(8)   Post Evacuate Collection Set: 0.61ms
[2024-12-21T22:11:57.775+0100][info][gc,phases   ] GC(8)   Other: 0.08ms
[2024-12-21T22:11:57.775+0100][info][gc,heap     ] GC(8) Eden regions: 1->0(72)
[2024-12-21T22:11:57.775+0100][info][gc,heap     ] GC(8) Survivor regions: 4->4(10)
[2024-12-21T22:11:57.775+0100][info][gc,heap     ] GC(8) Old regions: 26->26
[2024-12-21T22:11:57.775+0100][info][gc,heap     ] GC(8) Humongous regions: 3->3
[2024-12-21T22:11:57.775+0100][info][gc,metaspace] GC(8) Metaspace: 36335K(36800K)->36335K(36800K) NonClass: 31543K(31808K)->31543K(31808K) Class: 4791K(4992K)->4791K(4992K)
[2024-12-21T22:11:57.775+0100][info][gc          ] GC(8) Pause Young (Concurrent Start) (Metadata GC Threshold) 255M->251M(12288M) 15.969ms
[2024-12-21T22:11:57.775+0100][info][gc,cpu      ] GC(8) User=0.00s Sys=0.00s Real=0.00s
[2024-12-21T22:11:57.775+0100][info][gc          ] GC(9) Concurrent Mark Cycle
[2024-12-21T22:11:57.775+0100][info][gc,marking  ] GC(9) Concurrent Scan Root Regions
[2024-12-21T22:11:57.791+0100][info][gc,marking  ] GC(9) Concurrent Scan Root Regions 5.909ms
[2024-12-21T22:11:57.791+0100][info][gc,marking  ] GC(9) Concurrent Mark
[2024-12-21T22:11:57.791+0100][info][gc,marking  ] GC(9) Concurrent Mark From Roots
[2024-12-21T22:11:57.791+0100][info][gc,task     ] GC(9) Using 4 workers of 4 for marking
[2024-12-21T22:11:57.791+0100][info][gc,marking  ] GC(9) Concurrent Mark From Roots 5.116ms
[2024-12-21T22:11:57.791+0100][info][gc,marking  ] GC(9) Concurrent Preclean
[2024-12-21T22:11:57.791+0100][info][gc,marking  ] GC(9) Concurrent Preclean 0.032ms
[2024-12-21T22:11:57.791+0100][info][gc,start    ] GC(9) Pause Remark
[2024-12-21T22:11:57.806+0100][info][gc          ] GC(9) Pause Remark 255M->199M(12288M) 7.194ms
[2024-12-21T22:11:57.806+0100][info][gc,cpu      ] GC(9) User=0.00s Sys=0.00s Real=0.02s
[2024-12-21T22:11:57.806+0100][info][gc,marking  ] GC(9) Concurrent Mark 12.661ms
[2024-12-21T22:11:57.806+0100][info][gc,marking  ] GC(9) Concurrent Rebuild Remembered Sets and Scrub Regions
[2024-12-21T22:11:57.811+0100][info][gc,marking  ] GC(9) Concurrent Rebuild Remembered Sets and Scrub Regions 3.149ms
[2024-12-21T22:11:57.811+0100][info][gc,start    ] GC(9) Pause Cleanup
[2024-12-21T22:11:57.811+0100][info][gc          ] GC(9) Pause Cleanup 199M->199M(12288M) 0.233ms
[2024-12-21T22:11:57.811+0100][info][gc,cpu      ] GC(9) User=0.00s Sys=0.00s Real=0.00s
[2024-12-21T22:11:57.811+0100][info][gc,marking  ] GC(9) Concurrent Clear Claimed Marks
[2024-12-21T22:11:57.811+0100][info][gc,marking  ] GC(9) Concurrent Clear Claimed Marks 0.101ms
[2024-12-21T22:11:57.811+0100][info][gc,marking  ] GC(9) Concurrent Cleanup for Next Mark
[2024-12-21T22:11:57.811+0100][info][gc,marking  ] GC(9) Concurrent Cleanup for Next Mark 8.099ms
[2024-12-21T22:11:57.811+0100][info][gc          ] GC(9) Concurrent Mark Cycle 30.504ms
[2024-12-21T22:11:59.978+0100][info][gc,start    ] GC(10) Pause Young (Prepare Mixed) (G1 Evacuation Pause)
[2024-12-21T22:11:59.978+0100][info][gc,task     ] GC(10) Using 15 workers of 15 for evacuation
[2024-12-21T22:12:00.001+0100][info][gc,phases   ] GC(10)   Pre Evacuate Collection Set: 0.26ms
[2024-12-21T22:12:00.001+0100][info][gc,phases   ] GC(10)   Merge Heap Roots: 0.10ms
[2024-12-21T22:12:00.001+0100][info][gc,phases   ] GC(10)   Evacuate Collection Set: 20.99ms
[2024-12-21T22:12:00.001+0100][info][gc,phases   ] GC(10)   Post Evacuate Collection Set: 1.37ms
[2024-12-21T22:12:00.001+0100][info][gc,phases   ] GC(10)   Other: 0.08ms
[2024-12-21T22:12:00.001+0100][info][gc,heap     ] GC(10) Eden regions: 83->0(66)
[2024-12-21T22:12:00.001+0100][info][gc,heap     ] GC(10) Survivor regions: 4->10(11)
[2024-12-21T22:12:00.001+0100][info][gc,heap     ] GC(10) Old regions: 18->18
[2024-12-21T22:12:00.001+0100][info][gc,heap     ] GC(10) Humongous regions: 10->5
[2024-12-21T22:12:00.001+0100][info][gc,metaspace] GC(10) Metaspace: 53648K(54464K)->53648K(54464K) NonClass: 45999K(46464K)->45999K(46464K) Class: 7648K(8000K)->7648K(8000K)
[2024-12-21T22:12:00.001+0100][info][gc          ] GC(10) Pause Young (Prepare Mixed) (G1 Evacuation Pause) 915M->259M(12288M) 23.040ms
[2024-12-21T22:12:00.001+0100][info][gc,cpu      ] GC(10) User=0.00s Sys=0.02s Real=0.02s
[2024-12-21T22:12:01.320+0100][info][gc,start    ] GC(11) Pause Young (Mixed) (G1 Evacuation Pause)
[2024-12-21T22:12:01.320+0100][info][gc,task     ] GC(11) Using 15 workers of 15 for evacuation
[2024-12-21T22:12:01.390+0100][info][gc,phases   ] GC(11)   Pre Evacuate Collection Set: 0.28ms
[2024-12-21T22:12:01.390+0100][info][gc,phases   ] GC(11)   Merge Heap Roots: 0.09ms
[2024-12-21T22:12:01.390+0100][info][gc,phases   ] GC(11)   Evacuate Collection Set: 67.13ms
[2024-12-21T22:12:01.390+0100][info][gc,phases   ] GC(11)   Post Evacuate Collection Set: 1.25ms
[2024-12-21T22:12:01.390+0100][info][gc,phases   ] GC(11)   Other: 0.08ms
[2024-12-21T22:12:01.390+0100][info][gc,heap     ] GC(11) Eden regions: 66->0(66)
[2024-12-21T22:12:01.390+0100][info][gc,heap     ] GC(11) Survivor regions: 10->10(10)
[2024-12-21T22:12:01.390+0100][info][gc,heap     ] GC(11) Old regions: 18->29
[2024-12-21T22:12:01.390+0100][info][gc,heap     ] GC(11) Humongous regions: 5->4
[2024-12-21T22:12:01.390+0100][info][gc,metaspace] GC(11) Metaspace: 53729K(54528K)->53729K(54528K) NonClass: 46080K(46528K)->46080K(46528K) Class: 7648K(8000K)->7648K(8000K)
[2024-12-21T22:12:01.390+0100][info][gc          ] GC(11) Pause Young (Mixed) (G1 Evacuation Pause) 787M->339M(12288M) 69.118ms
[2024-12-21T22:12:01.390+0100][info][gc,cpu      ] GC(11) User=0.14s Sys=0.02s Real=0.07s
[2024-12-21T22:12:02.783+0100][info][gc,start    ] GC(12) Pause Young (Mixed) (G1 Evacuation Pause)
[2024-12-21T22:12:02.783+0100][info][gc,task     ] GC(12) Using 15 workers of 15 for evacuation
[2024-12-21T22:12:02.829+0100][info][gc,phases   ] GC(12)   Pre Evacuate Collection Set: 0.25ms
[2024-12-21T22:12:02.829+0100][info][gc,phases   ] GC(12)   Merge Heap Roots: 0.19ms
[2024-12-21T22:12:02.829+0100][info][gc,phases   ] GC(12)   Evacuate Collection Set: 45.14ms
[2024-12-21T22:12:02.829+0100][info][gc,phases   ] GC(12)   Post Evacuate Collection Set: 0.49ms
[2024-12-21T22:12:02.829+0100][info][gc,phases   ] GC(12)   Other: 0.08ms
[2024-12-21T22:12:02.829+0100][info][gc,heap     ] GC(12) Eden regions: 66->0(818)
[2024-12-21T22:12:02.829+0100][info][gc,heap     ] GC(12) Survivor regions: 10->10(10)
[2024-12-21T22:12:02.829+0100][info][gc,heap     ] GC(12) Old regions: 29->42
[2024-12-21T22:12:02.829+0100][info][gc,heap     ] GC(12) Humongous regions: 4->4
[2024-12-21T22:12:02.829+0100][info][gc,metaspace] GC(12) Metaspace: 53777K(54592K)->53777K(54592K) NonClass: 46127K(46592K)->46127K(46592K) Class: 7649K(8000K)->7649K(8000K)
[2024-12-21T22:12:02.829+0100][info][gc          ] GC(12) Pause Young (Mixed) (G1 Evacuation Pause) 867M->445M(12288M) 46.443ms
[2024-12-21T22:12:02.829+0100][info][gc,cpu      ] GC(12) User=0.05s Sys=0.00s Real=0.05s
[2024-12-21T22:12:32.264+0100][info][gc,start    ] GC(13) Pause Young (Mixed) (G1 Evacuation Pause)
[2024-12-21T22:12:32.264+0100][info][gc,task     ] GC(13) Using 15 workers of 15 for evacuation
[2024-12-21T22:12:32.702+0100][info][gc,mmu      ] GC(13) MMU target violated: 201.0ms (200.0ms/201.0ms)
[2024-12-21T22:12:32.702+0100][info][gc,phases   ] GC(13)   Pre Evacuate Collection Set: 0.41ms
[2024-12-21T22:12:32.702+0100][info][gc,phases   ] GC(13)   Merge Heap Roots: 0.41ms
[2024-12-21T22:12:32.702+0100][info][gc,phases   ] GC(13)   Evacuate Collection Set: 436.03ms
[2024-12-21T22:12:32.702+0100][info][gc,phases   ] GC(13)   Post Evacuate Collection Set: 1.36ms
[2024-12-21T22:12:32.702+0100][info][gc,phases   ] GC(13)   Other: 0.27ms
[2024-12-21T22:12:32.702+0100][info][gc,heap     ] GC(13) Eden regions: 695->0(1)
[2024-12-21T22:12:32.702+0100][info][gc,heap     ] GC(13) Survivor regions: 10->89(89)
[2024-12-21T22:12:32.702+0100][info][gc,heap     ] GC(13) Old regions: 42->134
[2024-12-21T22:12:32.702+0100][info][gc,heap     ] GC(13) Humongous regions: 4->4
[2024-12-21T22:12:32.702+0100][info][gc,metaspace] GC(13) Metaspace: 54084K(54848K)->54084K(54848K) NonClass: 46403K(46848K)->46403K(46848K) Class: 7681K(8000K)->7681K(8000K)
[2024-12-21T22:12:32.702+0100][info][gc          ] GC(13) Pause Young (Mixed) (G1 Evacuation Pause) 6005M->1812M(12288M) 438.682ms
[2024-12-21T22:12:32.702+0100][info][gc,cpu      ] GC(13) User=1.27s Sys=2.88s Real=0.44s
[2024-12-21T22:12:32.703+0100][info][gc,start    ] GC(14) Pause Young (Normal) (G1 Evacuation Pause)
[2024-12-21T22:12:32.703+0100][info][gc,task     ] GC(14) Using 15 workers of 15 for evacuation
[2024-12-21T22:12:35.348+0100][info][gc,mmu      ] GC(14) MMU target violated: 201.0ms (200.0ms/201.0ms)
[2024-12-21T22:12:35.348+0100][info][gc,phases   ] GC(14)   Pre Evacuate Collection Set: 0.19ms
[2024-12-21T22:12:35.348+0100][info][gc,phases   ] GC(14)   Merge Heap Roots: 0.84ms
[2024-12-21T22:12:35.348+0100][info][gc,phases   ] GC(14)   Evacuate Collection Set: 2642.95ms
[2024-12-21T22:12:35.348+0100][info][gc,phases   ] GC(14)   Post Evacuate Collection Set: 0.85ms
[2024-12-21T22:12:35.348+0100][info][gc,phases   ] GC(14)   Other: 0.19ms
[2024-12-21T22:12:35.348+0100][info][gc,heap     ] GC(14) Eden regions: 1->0(73)
[2024-12-21T22:12:35.348+0100][info][gc,heap     ] GC(14) Survivor regions: 89->3(12)
[2024-12-21T22:12:35.348+0100][info][gc,heap     ] GC(14) Old regions: 134->227
[2024-12-21T22:12:35.348+0100][info][gc,heap     ] GC(14) Humongous regions: 4->4
[2024-12-21T22:12:35.348+0100][info][gc,metaspace] GC(14) Metaspace: 54085K(54848K)->54085K(54848K) NonClass: 46403K(46848K)->46403K(46848K) Class: 7681K(8000K)->7681K(8000K)
[2024-12-21T22:12:35.349+0100][info][gc          ] GC(14) Pause Young (Normal) (G1 Evacuation Pause) 1820M->1868M(12288M) 2645.240ms
[2024-12-21T22:12:35.349+0100][info][gc,cpu      ] GC(14) User=0.38s Sys=31.33s Real=2.65s
[2024-12-21T22:12:39.446+0100][info][gc,start    ] GC(15) Pause Young (Normal) (G1 Evacuation Pause)
[2024-12-21T22:12:39.446+0100][info][gc,task     ] GC(15) Using 15 workers of 15 for evacuation
[2024-12-21T22:12:39.476+0100][info][gc,phases   ] GC(15)   Pre Evacuate Collection Set: 0.67ms
[2024-12-21T22:12:39.476+0100][info][gc,phases   ] GC(15)   Merge Heap Roots: 0.14ms
[2024-12-21T22:12:39.476+0100][info][gc,phases   ] GC(15)   Evacuate Collection Set: 26.83ms
[2024-12-21T22:12:39.476+0100][info][gc,phases   ] GC(15)   Post Evacuate Collection Set: 1.14ms
[2024-12-21T22:12:39.476+0100][info][gc,phases   ] GC(15)   Other: 0.24ms
[2024-12-21T22:12:39.476+0100][info][gc,heap     ] GC(15) Eden regions: 73->0(66)
[2024-12-21T22:12:39.476+0100][info][gc,heap     ] GC(15) Survivor regions: 3->10(10)
[2024-12-21T22:12:39.476+0100][info][gc,heap     ] GC(15) Old regions: 227->238
[2024-12-21T22:12:39.476+0100][info][gc,heap     ] GC(15) Humongous regions: 4->4
[2024-12-21T22:12:39.476+0100][info][gc,metaspace] GC(15) Metaspace: 54091K(54848K)->54091K(54848K) NonClass: 46410K(46848K)->46410K(46848K) Class: 7681K(8000K)->7681K(8000K)
[2024-12-21T22:12:39.476+0100][info][gc          ] GC(15) Pause Young (Normal) (G1 Evacuation Pause) 2452M->2012M(12288M) 29.442ms
[2024-12-21T22:12:39.476+0100][info][gc,cpu      ] GC(15) User=0.09s Sys=0.03s Real=0.03s
[2024-12-21T22:12:43.303+0100][info][gc,start    ] GC(16) Pause Young (Normal) (G1 Evacuation Pause)
[2024-12-21T22:12:43.304+0100][info][gc,task     ] GC(16) Using 15 workers of 15 for evacuation
[2024-12-21T22:12:43.359+0100][info][gc,phases   ] GC(16)   Pre Evacuate Collection Set: 0.31ms
[2024-12-21T22:12:43.359+0100][info][gc,phases   ] GC(16)   Merge Heap Roots: 0.28ms
[2024-12-21T22:12:43.359+0100][info][gc,phases   ] GC(16)   Evacuate Collection Set: 53.89ms
[2024-12-21T22:12:43.359+0100][info][gc,phases   ] GC(16)   Post Evacuate Collection Set: 1.15ms
[2024-12-21T22:12:43.359+0100][info][gc,phases   ] GC(16)   Other: 0.14ms
[2024-12-21T22:12:43.359+0100][info][gc,heap     ] GC(16) Eden regions: 66->0(66)
[2024-12-21T22:12:43.359+0100][info][gc,heap     ] GC(16) Survivor regions: 10->10(10)
[2024-12-21T22:12:43.359+0100][info][gc,heap     ] GC(16) Old regions: 238->256
[2024-12-21T22:12:43.359+0100][info][gc,heap     ] GC(16) Humongous regions: 4->4
[2024-12-21T22:12:43.359+0100][info][gc,metaspace] GC(16) Metaspace: 54109K(54848K)->54109K(54848K) NonClass: 46427K(46848K)->46427K(46848K) Class: 7681K(8000K)->7681K(8000K)
[2024-12-21T22:12:43.359+0100][info][gc          ] GC(16) Pause Young (Normal) (G1 Evacuation Pause) 2540M->2154M(12288M) 56.328ms
[2024-12-21T22:12:43.359+0100][info][gc,cpu      ] GC(16) User=0.05s Sys=0.09s Real=0.06s
[2024-12-21T22:12:47.277+0100][info][gc,start    ] GC(17) Pause Young (Normal) (G1 Evacuation Pause)
[2024-12-21T22:12:47.277+0100][info][gc,task     ] GC(17) Using 15 workers of 15 for evacuation
[2024-12-21T22:12:47.335+0100][info][gc,phases   ] GC(17)   Pre Evacuate Collection Set: 0.36ms
[2024-12-21T22:12:47.335+0100][info][gc,phases   ] GC(17)   Merge Heap Roots: 0.17ms
[2024-12-21T22:12:47.336+0100][info][gc,phases   ] GC(17)   Evacuate Collection Set: 56.81ms
[2024-12-21T22:12:47.336+0100][info][gc,phases   ] GC(17)   Post Evacuate Collection Set: 1.27ms
[2024-12-21T22:12:47.336+0100][info][gc,phases   ] GC(17)   Other: 0.25ms
[2024-12-21T22:12:47.336+0100][info][gc,heap     ] GC(17) Eden regions: 66->0(66)
[2024-12-21T22:12:47.336+0100][info][gc,heap     ] GC(17) Survivor regions: 10->10(10)
[2024-12-21T22:12:47.336+0100][info][gc,heap     ] GC(17) Old regions: 256->273
[2024-12-21T22:12:47.336+0100][info][gc,heap     ] GC(17) Humongous regions: 4->4
[2024-12-21T22:12:47.336+0100][info][gc,metaspace] GC(17) Metaspace: 54109K(54848K)->54109K(54848K) NonClass: 46427K(46848K)->46427K(46848K) Class: 7681K(8000K)->7681K(8000K)
[2024-12-21T22:12:47.336+0100][info][gc          ] GC(17) Pause Young (Normal) (G1 Evacuation Pause) 2682M->2296M(12288M) 59.297ms
[2024-12-21T22:12:47.337+0100][info][gc,cpu      ] GC(17) User=0.09s Sys=0.05s Real=0.06s
[2024-12-21T22:12:50.552+0100][info][gc,heap,exit] Heap
[2024-12-21T22:12:50.552+0100][info][gc,heap,exit]  garbage-first heap   total reserved 12582912K, committed 12582912K, used 2881935K [0x0000000500000000, 0x0000000800000000)
[2024-12-21T22:12:50.552+0100][info][gc,heap,exit]   region size 8192K, 75 young (614400K), 10 survivors (81920K)
[2024-12-21T22:12:50.552+0100][info][gc,heap,exit]  Metaspace       used 54152K, committed 54912K, reserved 1114112K
[2024-12-21T22:12:50.552+0100][info][gc,heap,exit]   class space    used 7689K, committed 8000K, reserved 1048576K
