[2024-12-21T22:08:41.799+0100][info][gc,init] CardTable entry size: 512
[2024-12-21T22:08:41.799+0100][info][gc     ] Using G1
[2024-12-21T22:08:41.928+0100][info][gc,init] Version: 22.0.2+9-70 (release)
[2024-12-21T22:08:41.928+0100][info][gc,init] CPUs: 20 total, 20 available
[2024-12-21T22:08:41.928+0100][info][gc,init] Memory: 16108M
[2024-12-21T22:08:41.928+0100][info][gc,init] Large Page Support: Disabled
[2024-12-21T22:08:41.928+0100][info][gc,init] NUMA Support: Disabled
[2024-12-21T22:08:41.928+0100][info][gc,init] Compressed Oops: Enabled (Zero based)
[2024-12-21T22:08:41.928+0100][info][gc,init] Heap Region Size: 8M
[2024-12-21T22:08:41.928+0100][info][gc,init] Heap Min Capacity: 12G
[2024-12-21T22:08:41.928+0100][info][gc,init] Heap Initial Capacity: 12G
[2024-12-21T22:08:41.932+0100][info][gc,init] Heap Max Capacity: 12G
[2024-12-21T22:08:41.932+0100][info][gc,init] Pre-touch: Disabled
[2024-12-21T22:08:41.932+0100][info][gc,init] Parallel Workers: 15
[2024-12-21T22:08:41.932+0100][info][gc,init] Concurrent Workers: 4
[2024-12-21T22:08:41.932+0100][info][gc,init] Concurrent Refinement Workers: 15
[2024-12-21T22:08:41.932+0100][info][gc,init] Periodic GC: Disabled
[2024-12-21T22:08:41.940+0100][info][gc,metaspace] CDS archive(s) mapped at: [0x00000216e1000000-0x00000216e1c60000-0x00000216e1c60000), size 12976128, SharedBaseAddress: 0x00000216e1000000, ArchiveRelocationMode: 1.
[2024-12-21T22:08:41.940+0100][info][gc,metaspace] Compressed class space mapped at: 0x00000216e2000000-0x0000021722000000, reserved size: 1073741824
[2024-12-21T22:08:41.940+0100][info][gc,metaspace] Narrow klass base: 0x00000216e1000000, Narrow klass shift: 0, Narrow klass range: 0x41000000
[2024-12-21T22:08:43.545+0100][info][gc,start    ] GC(0) Pause Young (Normal) (G1 Evacuation Pause)
[2024-12-21T22:08:43.545+0100][info][gc,task     ] GC(0) Using 15 workers of 15 for evacuation
[2024-12-21T22:08:43.576+0100][info][gc,phases   ] GC(0)   Pre Evacuate Collection Set: 0.29ms
[2024-12-21T22:08:43.576+0100][info][gc,phases   ] GC(0)   Merge Heap Roots: 0.19ms
[2024-12-21T22:08:43.576+0100][info][gc,phases   ] GC(0)   Evacuate Collection Set: 30.11ms
[2024-12-21T22:08:43.576+0100][info][gc,phases   ] GC(0)   Post Evacuate Collection Set: 0.71ms
[2024-12-21T22:08:43.576+0100][info][gc,phases   ] GC(0)   Other: 1.23ms
[2024-12-21T22:08:43.576+0100][info][gc,heap     ] GC(0) Eden regions: 76->0(67)
[2024-12-21T22:08:43.576+0100][info][gc,heap     ] GC(0) Survivor regions: 0->9(10)
[2024-12-21T22:08:43.576+0100][info][gc,heap     ] GC(0) Old regions: 0->0
[2024-12-21T22:08:43.576+0100][info][gc,heap     ] GC(0) Humongous regions: 0->0
[2024-12-21T22:08:43.576+0100][info][gc,metaspace] GC(0) Metaspace: 3726K(3904K)->3726K(3904K) NonClass: 3389K(3456K)->3389K(3456K) Class: 336K(448K)->336K(448K)
[2024-12-21T22:08:43.576+0100][info][gc          ] GC(0) Pause Young (Normal) (G1 Evacuation Pause) 608M->70M(12288M) 32.948ms
[2024-12-21T22:08:43.576+0100][info][gc,cpu      ] GC(0) User=0.08s Sys=0.00s Real=0.03s
[2024-12-21T22:08:44.047+0100][info][gc,start    ] GC(1) Pause Young (Normal) (G1 Evacuation Pause)
[2024-12-21T22:08:44.047+0100][info][gc,task     ] GC(1) Using 15 workers of 15 for evacuation
[2024-12-21T22:08:44.110+0100][info][gc,phases   ] GC(1)   Pre Evacuate Collection Set: 0.28ms
[2024-12-21T22:08:44.110+0100][info][gc,phases   ] GC(1)   Merge Heap Roots: 0.10ms
[2024-12-21T22:08:44.110+0100][info][gc,phases   ] GC(1)   Evacuate Collection Set: 49.86ms
[2024-12-21T22:08:44.110+0100][info][gc,phases   ] GC(1)   Post Evacuate Collection Set: 0.96ms
[2024-12-21T22:08:44.110+0100][info][gc,phases   ] GC(1)   Other: 0.17ms
[2024-12-21T22:08:44.110+0100][info][gc,heap     ] GC(1) Eden regions: 67->0(69)
[2024-12-21T22:08:44.113+0100][info][gc,heap     ] GC(1) Survivor regions: 9->7(10)
[2024-12-21T22:08:44.113+0100][info][gc,heap     ] GC(1) Old regions: 0->9
[2024-12-21T22:08:44.113+0100][info][gc,heap     ] GC(1) Humongous regions: 0->0
[2024-12-21T22:08:44.113+0100][info][gc,metaspace] GC(1) Metaspace: 3739K(3904K)->3739K(3904K) NonClass: 3401K(3456K)->3401K(3456K) Class: 338K(448K)->338K(448K)
[2024-12-21T22:08:44.113+0100][info][gc          ] GC(1) Pause Young (Normal) (G1 Evacuation Pause) 606M->118M(12288M) 51.763ms
[2024-12-21T22:08:44.113+0100][info][gc,cpu      ] GC(1) User=0.19s Sys=0.02s Real=0.07s
[2024-12-21T22:08:44.589+0100][info][gc,start    ] GC(2) Pause Young (Normal) (G1 Evacuation Pause)
[2024-12-21T22:08:44.589+0100][info][gc,task     ] GC(2) Using 15 workers of 15 for evacuation
[2024-12-21T22:08:44.635+0100][info][gc,phases   ] GC(2)   Pre Evacuate Collection Set: 0.32ms
[2024-12-21T22:08:44.637+0100][info][gc,phases   ] GC(2)   Merge Heap Roots: 0.22ms
[2024-12-21T22:08:44.637+0100][info][gc,phases   ] GC(2)   Evacuate Collection Set: 41.03ms
[2024-12-21T22:08:44.637+0100][info][gc,phases   ] GC(2)   Post Evacuate Collection Set: 0.39ms
[2024-12-21T22:08:44.637+0100][info][gc,phases   ] GC(2)   Other: 0.12ms
[2024-12-21T22:08:44.637+0100][info][gc,heap     ] GC(2) Eden regions: 69->0(68)
[2024-12-21T22:08:44.637+0100][info][gc,heap     ] GC(2) Survivor regions: 7->8(10)
[2024-12-21T22:08:44.637+0100][info][gc,heap     ] GC(2) Old regions: 9->15
[2024-12-21T22:08:44.637+0100][info][gc,heap     ] GC(2) Humongous regions: 0->0
[2024-12-21T22:08:44.637+0100][info][gc,metaspace] GC(2) Metaspace: 3742K(3904K)->3742K(3904K) NonClass: 3403K(3456K)->3403K(3456K) Class: 338K(448K)->338K(448K)
[2024-12-21T22:08:44.637+0100][info][gc          ] GC(2) Pause Young (Normal) (G1 Evacuation Pause) 670M->174M(12288M) 42.367ms
[2024-12-21T22:08:44.637+0100][info][gc,cpu      ] GC(2) User=0.02s Sys=0.00s Real=0.05s
[2024-12-21T22:08:46.329+0100][info][gc,start    ] GC(3) Pause Young (Normal) (G1 Evacuation Pause)
[2024-12-21T22:08:46.329+0100][info][gc,task     ] GC(3) Using 15 workers of 15 for evacuation
[2024-12-21T22:08:46.376+0100][info][gc,phases   ] GC(3)   Pre Evacuate Collection Set: 0.32ms
[2024-12-21T22:08:46.376+0100][info][gc,phases   ] GC(3)   Merge Heap Roots: 0.47ms
[2024-12-21T22:08:46.376+0100][info][gc,phases   ] GC(3)   Evacuate Collection Set: 45.82ms
[2024-12-21T22:08:46.376+0100][info][gc,phases   ] GC(3)   Post Evacuate Collection Set: 0.80ms
[2024-12-21T22:08:46.376+0100][info][gc,phases   ] GC(3)   Other: 0.11ms
[2024-12-21T22:08:46.376+0100][info][gc,heap     ] GC(3) Eden regions: 68->0(69)
[2024-12-21T22:08:46.376+0100][info][gc,heap     ] GC(3) Survivor regions: 8->7(10)
[2024-12-21T22:08:46.376+0100][info][gc,heap     ] GC(3) Old regions: 15->20
[2024-12-21T22:08:46.376+0100][info][gc,heap     ] GC(3) Humongous regions: 0->0
[2024-12-21T22:08:46.376+0100][info][gc,metaspace] GC(3) Metaspace: 8339K(8640K)->8339K(8640K) NonClass: 7480K(7616K)->7480K(7616K) Class: 859K(1024K)->859K(1024K)
[2024-12-21T22:08:46.376+0100][info][gc          ] GC(3) Pause Young (Normal) (G1 Evacuation Pause) 718M->209M(12288M) 47.855ms
[2024-12-21T22:08:46.376+0100][info][gc,cpu      ] GC(3) User=0.31s Sys=0.00s Real=0.05s
[2024-12-21T22:08:47.077+0100][info][gc,heap,exit] Heap
[2024-12-21T22:08:47.077+0100][info][gc,heap,exit]  garbage-first heap   total reserved 12582912K, committed 12582912K, used 252127K [0x0000000500000000, 0x0000000800000000)
[2024-12-21T22:08:47.077+0100][info][gc,heap,exit]   region size 8192K, 12 young (98304K), 7 survivors (57344K)
[2024-12-21T22:08:47.077+0100][info][gc,heap,exit]  Metaspace       used 14197K, committed 14592K, reserved 1114112K
[2024-12-21T22:08:47.077+0100][info][gc,heap,exit]   class space    used 1630K, committed 1792K, reserved 1048576K
