[2024-12-21T22:14:42.807+0100][info][gc,init] CardTable entry size: 512
[2024-12-21T22:14:42.807+0100][info][gc     ] Using G1
[2024-12-21T22:14:42.886+0100][info][gc,init] Version: 22.0.2+9-70 (release)
[2024-12-21T22:14:42.886+0100][info][gc,init] CPUs: 20 total, 20 available
[2024-12-21T22:14:42.886+0100][info][gc,init] Memory: 16108M
[2024-12-21T22:14:42.886+0100][info][gc,init] Large Page Support: Disabled
[2024-12-21T22:14:42.886+0100][info][gc,init] NUMA Support: Disabled
[2024-12-21T22:14:42.886+0100][info][gc,init] Compressed Oops: Enabled (Zero based)
[2024-12-21T22:14:42.886+0100][info][gc,init] Heap Region Size: 8M
[2024-12-21T22:14:42.886+0100][info][gc,init] Heap Min Capacity: 12G
[2024-12-21T22:14:42.886+0100][info][gc,init] Heap Initial Capacity: 12G
[2024-12-21T22:14:42.886+0100][info][gc,init] Heap Max Capacity: 12G
[2024-12-21T22:14:42.886+0100][info][gc,init] Pre-touch: Disabled
[2024-12-21T22:14:42.886+0100][info][gc,init] Parallel Workers: 15
[2024-12-21T22:14:42.886+0100][info][gc,init] Concurrent Workers: 4
[2024-12-21T22:14:42.886+0100][info][gc,init] Concurrent Refinement Workers: 15
[2024-12-21T22:14:42.886+0100][info][gc,init] Periodic GC: Disabled
[2024-12-21T22:14:42.901+0100][info][gc,metaspace] CDS archive(s) mapped at: [0x000001da9b000000-0x000001da9bc60000-0x000001da9bc60000), size 12976128, SharedBaseAddress: 0x000001da9b000000, ArchiveRelocationMode: 1.
[2024-12-21T22:14:42.901+0100][info][gc,metaspace] Compressed class space mapped at: 0x000001da9c000000-0x000001dadc000000, reserved size: 1073741824
[2024-12-21T22:14:42.901+0100][info][gc,metaspace] Narrow klass base: 0x000001da9b000000, Narrow klass shift: 0, Narrow klass range: 0x41000000
[2024-12-21T22:14:43.656+0100][info][gc,start    ] GC(0) Pause Young (Normal) (G1 Evacuation Pause)
[2024-12-21T22:14:43.656+0100][info][gc,task     ] GC(0) Using 15 workers of 15 for evacuation
[2024-12-21T22:14:43.688+0100][info][gc,phases   ] GC(0)   Pre Evacuate Collection Set: 0.17ms
[2024-12-21T22:14:43.688+0100][info][gc,phases   ] GC(0)   Merge Heap Roots: 0.14ms
[2024-12-21T22:14:43.688+0100][info][gc,phases   ] GC(0)   Evacuate Collection Set: 21.08ms
[2024-12-21T22:14:43.688+0100][info][gc,phases   ] GC(0)   Post Evacuate Collection Set: 0.66ms
[2024-12-21T22:14:43.688+0100][info][gc,phases   ] GC(0)   Other: 1.24ms
[2024-12-21T22:14:43.688+0100][info][gc,heap     ] GC(0) Eden regions: 76->0(67)
[2024-12-21T22:14:43.688+0100][info][gc,heap     ] GC(0) Survivor regions: 0->9(10)
[2024-12-21T22:14:43.688+0100][info][gc,heap     ] GC(0) Old regions: 0->2
[2024-12-21T22:14:43.688+0100][info][gc,heap     ] GC(0) Humongous regions: 0->0
[2024-12-21T22:14:43.688+0100][info][gc,metaspace] GC(0) Metaspace: 3737K(3968K)->3737K(3968K) NonClass: 3401K(3520K)->3401K(3520K) Class: 336K(448K)->336K(448K)
[2024-12-21T22:14:43.688+0100][info][gc          ] GC(0) Pause Young (Normal) (G1 Evacuation Pause) (Evacuation Failure: Pinned) 608M->86M(12288M) 23.601ms
[2024-12-21T22:14:43.688+0100][info][gc,cpu      ] GC(0) User=0.09s Sys=0.00s Real=0.03s
[2024-12-21T22:14:43.967+0100][info][gc,start    ] GC(1) Pause Young (Normal) (G1 Evacuation Pause)
[2024-12-21T22:14:43.967+0100][info][gc,task     ] GC(1) Using 15 workers of 15 for evacuation
[2024-12-21T22:14:43.983+0100][info][gc,phases   ] GC(1)   Pre Evacuate Collection Set: 0.22ms
[2024-12-21T22:14:43.983+0100][info][gc,phases   ] GC(1)   Merge Heap Roots: 0.15ms
[2024-12-21T22:14:43.983+0100][info][gc,phases   ] GC(1)   Evacuate Collection Set: 28.84ms
[2024-12-21T22:14:43.983+0100][info][gc,phases   ] GC(1)   Merge Optional Heap Roots: 0.04ms
[2024-12-21T22:14:43.983+0100][info][gc,phases   ] GC(1)   Evacuate Optional Collection Set: 0.29ms
[2024-12-21T22:14:43.983+0100][info][gc,phases   ] GC(1)   Post Evacuate Collection Set: 0.53ms
[2024-12-21T22:14:43.983+0100][info][gc,phases   ] GC(1)   Other: 0.07ms
[2024-12-21T22:14:43.983+0100][info][gc,heap     ] GC(1) Eden regions: 67->0(69)
[2024-12-21T22:14:43.983+0100][info][gc,heap     ] GC(1) Survivor regions: 9->7(10)
[2024-12-21T22:14:43.983+0100][info][gc,heap     ] GC(1) Old regions: 2->10
[2024-12-21T22:14:43.998+0100][info][gc,heap     ] GC(1) Humongous regions: 0->0
[2024-12-21T22:14:43.998+0100][info][gc,metaspace] GC(1) Metaspace: 3750K(3968K)->3750K(3968K) NonClass: 3412K(3520K)->3412K(3520K) Class: 338K(448K)->338K(448K)
[2024-12-21T22:14:43.998+0100][info][gc          ] GC(1) Pause Young (Normal) (G1 Evacuation Pause) (Evacuation Failure: Pinned) 622M->130M(12288M) 30.419ms
[2024-12-21T22:14:43.998+0100][info][gc,cpu      ] GC(1) User=0.00s Sys=0.00s Real=0.03s
[2024-12-21T22:14:44.228+0100][info][gc,start    ] GC(2) Pause Young (Normal) (G1 Evacuation Pause)
[2024-12-21T22:14:44.228+0100][info][gc,task     ] GC(2) Using 15 workers of 15 for evacuation
[2024-12-21T22:14:44.260+0100][info][gc,phases   ] GC(2)   Pre Evacuate Collection Set: 0.21ms
[2024-12-21T22:14:44.260+0100][info][gc,phases   ] GC(2)   Merge Heap Roots: 0.16ms
[2024-12-21T22:14:44.260+0100][info][gc,phases   ] GC(2)   Evacuate Collection Set: 28.34ms
[2024-12-21T22:14:44.260+0100][info][gc,phases   ] GC(2)   Post Evacuate Collection Set: 0.61ms
[2024-12-21T22:14:44.260+0100][info][gc,phases   ] GC(2)   Other: 0.08ms
[2024-12-21T22:14:44.260+0100][info][gc,heap     ] GC(2) Eden regions: 69->0(68)
[2024-12-21T22:14:44.260+0100][info][gc,heap     ] GC(2) Survivor regions: 7->8(10)
[2024-12-21T22:14:44.260+0100][info][gc,heap     ] GC(2) Old regions: 10->15
[2024-12-21T22:14:44.260+0100][info][gc,heap     ] GC(2) Humongous regions: 0->0
[2024-12-21T22:14:44.260+0100][info][gc,metaspace] GC(2) Metaspace: 3758K(4032K)->3758K(4032K) NonClass: 3420K(3584K)->3420K(3584K) Class: 338K(448K)->338K(448K)
[2024-12-21T22:14:44.260+0100][info][gc          ] GC(2) Pause Young (Normal) (G1 Evacuation Pause) 682M->174M(12288M) 29.581ms
[2024-12-21T22:14:44.260+0100][info][gc,cpu      ] GC(2) User=0.02s Sys=0.00s Real=0.03s
[2024-12-21T22:14:45.107+0100][info][gc,start    ] GC(3) Pause Young (Normal) (G1 Evacuation Pause)
[2024-12-21T22:14:45.107+0100][info][gc,task     ] GC(3) Using 15 workers of 15 for evacuation
[2024-12-21T22:14:45.124+0100][info][gc,phases   ] GC(3)   Pre Evacuate Collection Set: 0.23ms
[2024-12-21T22:14:45.124+0100][info][gc,phases   ] GC(3)   Merge Heap Roots: 0.35ms
[2024-12-21T22:14:45.124+0100][info][gc,phases   ] GC(3)   Evacuate Collection Set: 21.74ms
[2024-12-21T22:14:45.124+0100][info][gc,phases   ] GC(3)   Post Evacuate Collection Set: 0.64ms
[2024-12-21T22:14:45.124+0100][info][gc,phases   ] GC(3)   Other: 0.08ms
[2024-12-21T22:14:45.124+0100][info][gc,heap     ] GC(3) Eden regions: 68->0(68)
[2024-12-21T22:14:45.124+0100][info][gc,heap     ] GC(3) Survivor regions: 8->8(10)
[2024-12-21T22:14:45.124+0100][info][gc,heap     ] GC(3) Old regions: 15->20
[2024-12-21T22:14:45.124+0100][info][gc,heap     ] GC(3) Humongous regions: 0->0
[2024-12-21T22:14:45.124+0100][info][gc,metaspace] GC(3) Metaspace: 8779K(9088K)->8779K(9088K) NonClass: 7885K(8064K)->7885K(8064K) Class: 894K(1024K)->894K(1024K)
[2024-12-21T22:14:45.124+0100][info][gc          ] GC(3) Pause Young (Normal) (G1 Evacuation Pause) 718M->215M(12288M) 23.216ms
[2024-12-21T22:14:45.124+0100][info][gc,cpu      ] GC(3) User=0.05s Sys=0.00s Real=0.02s
[2024-12-21T22:14:46.229+0100][info][gc,start    ] GC(4) Pause Young (Concurrent Start) (Metadata GC Threshold)
[2024-12-21T22:14:46.229+0100][info][gc,task     ] GC(4) Using 15 workers of 15 for evacuation
[2024-12-21T22:14:46.244+0100][info][gc,phases   ] GC(4)   Pre Evacuate Collection Set: 0.24ms
[2024-12-21T22:14:46.244+0100][info][gc,phases   ] GC(4)   Merge Heap Roots: 0.45ms
[2024-12-21T22:14:46.244+0100][info][gc,phases   ] GC(4)   Evacuate Collection Set: 18.03ms
[2024-12-21T22:14:46.244+0100][info][gc,phases   ] GC(4)   Post Evacuate Collection Set: 0.57ms
[2024-12-21T22:14:46.244+0100][info][gc,phases   ] GC(4)   Other: 0.07ms
[2024-12-21T22:14:46.244+0100][info][gc,heap     ] GC(4) Eden regions: 53->0(72)
[2024-12-21T22:14:46.244+0100][info][gc,heap     ] GC(4) Survivor regions: 8->4(10)
[2024-12-21T22:14:46.244+0100][info][gc,heap     ] GC(4) Old regions: 20->27
[2024-12-21T22:14:46.244+0100][info][gc,heap     ] GC(4) Humongous regions: 4->3
[2024-12-21T22:14:46.244+0100][info][gc,metaspace] GC(4) Metaspace: 21110K(21504K)->21110K(21504K) NonClass: 18488K(18688K)->18488K(18688K) Class: 2622K(2816K)->2622K(2816K)
[2024-12-21T22:14:46.244+0100][info][gc          ] GC(4) Pause Young (Concurrent Start) (Metadata GC Threshold) 667M->265M(12288M) 19.592ms
[2024-12-21T22:14:46.244+0100][info][gc          ] GC(5) Concurrent Mark Cycle
[2024-12-21T22:14:46.244+0100][info][gc,cpu      ] GC(4) User=0.00s Sys=0.00s Real=0.01s
[2024-12-21T22:14:46.244+0100][info][gc,marking  ] GC(5) Concurrent Scan Root Regions
[2024-12-21T22:14:46.244+0100][info][gc,marking  ] GC(5) Concurrent Scan Root Regions 9.420ms
[2024-12-21T22:14:46.244+0100][info][gc,marking  ] GC(5) Concurrent Mark
[2024-12-21T22:14:46.244+0100][info][gc,marking  ] GC(5) Concurrent Mark From Roots
[2024-12-21T22:14:46.244+0100][info][gc,task     ] GC(5) Using 4 workers of 4 for marking
[2024-12-21T22:14:46.275+0100][info][gc,marking  ] GC(5) Concurrent Mark From Roots 23.703ms
[2024-12-21T22:14:46.275+0100][info][gc,marking  ] GC(5) Concurrent Preclean
[2024-12-21T22:14:46.275+0100][info][gc,marking  ] GC(5) Concurrent Preclean 0.029ms
[2024-12-21T22:14:46.275+0100][info][gc,start    ] GC(5) Pause Remark
[2024-12-21T22:14:46.275+0100][info][gc          ] GC(5) Pause Remark 273M->273M(12288M) 2.677ms
[2024-12-21T22:14:46.275+0100][info][gc,cpu      ] GC(5) User=0.00s Sys=0.00s Real=0.00s
[2024-12-21T22:14:46.275+0100][info][gc,marking  ] GC(5) Concurrent Mark 27.437ms
[2024-12-21T22:14:46.275+0100][info][gc,marking  ] GC(5) Concurrent Rebuild Remembered Sets and Scrub Regions
[2024-12-21T22:14:46.326+0100][info][gc,marking  ] GC(5) Concurrent Rebuild Remembered Sets and Scrub Regions 45.081ms
[2024-12-21T22:14:46.326+0100][info][gc,start    ] GC(5) Pause Cleanup
[2024-12-21T22:14:46.326+0100][info][gc          ] GC(5) Pause Cleanup 273M->273M(12288M) 0.196ms
[2024-12-21T22:14:46.326+0100][info][gc,cpu      ] GC(5) User=0.00s Sys=0.00s Real=0.00s
[2024-12-21T22:14:46.326+0100][info][gc,marking  ] GC(5) Concurrent Clear Claimed Marks
[2024-12-21T22:14:46.326+0100][info][gc,marking  ] GC(5) Concurrent Clear Claimed Marks 0.057ms
[2024-12-21T22:14:46.326+0100][info][gc,marking  ] GC(5) Concurrent Cleanup for Next Mark
[2024-12-21T22:14:46.354+0100][info][gc,marking  ] GC(5) Concurrent Cleanup for Next Mark 25.894ms
[2024-12-21T22:14:46.354+0100][info][gc          ] GC(5) Concurrent Mark Cycle 108.504ms
[2024-12-21T22:14:46.849+0100][info][gc,start    ] GC(6) Pause Young (Prepare Mixed) (Metadata GC Threshold)
[2024-12-21T22:14:46.849+0100][info][gc,task     ] GC(6) Using 15 workers of 15 for evacuation
[2024-12-21T22:14:46.865+0100][info][gc,phases   ] GC(6)   Pre Evacuate Collection Set: 0.27ms
[2024-12-21T22:14:46.865+0100][info][gc,phases   ] GC(6)   Merge Heap Roots: 0.14ms
[2024-12-21T22:14:46.865+0100][info][gc,phases   ] GC(6)   Evacuate Collection Set: 5.95ms
[2024-12-21T22:14:46.865+0100][info][gc,phases   ] GC(6)   Post Evacuate Collection Set: 1.08ms
[2024-12-21T22:14:46.865+0100][info][gc,phases   ] GC(6)   Other: 0.07ms
[2024-12-21T22:14:46.865+0100][info][gc,heap     ] GC(6) Eden regions: 9->0(72)
[2024-12-21T22:14:46.865+0100][info][gc,heap     ] GC(6) Survivor regions: 4->4(10)
[2024-12-21T22:14:46.865+0100][info][gc,heap     ] GC(6) Old regions: 27->27
[2024-12-21T22:14:46.865+0100][info][gc,heap     ] GC(6) Humongous regions: 3->3
[2024-12-21T22:14:46.865+0100][info][gc,metaspace] GC(6) Metaspace: 35676K(36160K)->35676K(36160K) NonClass: 30968K(31232K)->30968K(31232K) Class: 4707K(4928K)->4707K(4928K)
[2024-12-21T22:14:46.865+0100][info][gc          ] GC(6) Pause Young (Prepare Mixed) (Metadata GC Threshold) 337M->264M(12288M) 7.773ms
[2024-12-21T22:14:46.865+0100][info][gc,cpu      ] GC(6) User=0.03s Sys=0.00s Real=0.02s
[2024-12-21T22:14:46.881+0100][info][gc,start    ] GC(7) Pause Young (Mixed) (Metadata GC Threshold)
[2024-12-21T22:14:46.881+0100][info][gc,task     ] GC(7) Using 15 workers of 15 for evacuation
[2024-12-21T22:14:46.891+0100][info][gc,phases   ] GC(7)   Pre Evacuate Collection Set: 0.25ms
[2024-12-21T22:14:46.891+0100][info][gc,phases   ] GC(7)   Merge Heap Roots: 0.11ms
[2024-12-21T22:14:46.891+0100][info][gc,phases   ] GC(7)   Evacuate Collection Set: 9.36ms
[2024-12-21T22:14:46.891+0100][info][gc,phases   ] GC(7)   Post Evacuate Collection Set: 0.99ms
[2024-12-21T22:14:46.891+0100][info][gc,phases   ] GC(7)   Other: 0.06ms
[2024-12-21T22:14:46.891+0100][info][gc,heap     ] GC(7) Eden regions: 1->0(72)
[2024-12-21T22:14:46.891+0100][info][gc,heap     ] GC(7) Survivor regions: 4->4(10)
[2024-12-21T22:14:46.891+0100][info][gc,heap     ] GC(7) Old regions: 27->26
[2024-12-21T22:14:46.891+0100][info][gc,heap     ] GC(7) Humongous regions: 3->3
[2024-12-21T22:14:46.891+0100][info][gc,metaspace] GC(7) Metaspace: 36036K(36480K)->36036K(36480K) NonClass: 31289K(31552K)->31289K(31552K) Class: 4747K(4928K)->4747K(4928K)
[2024-12-21T22:14:46.891+0100][info][gc          ] GC(7) Pause Young (Mixed) (Metadata GC Threshold) 269M->255M(12288M) 11.051ms
[2024-12-21T22:14:46.891+0100][info][gc,cpu      ] GC(7) User=0.00s Sys=0.00s Real=0.01s
[2024-12-21T22:14:46.891+0100][info][gc,start    ] GC(8) Pause Young (Concurrent Start) (Metadata GC Threshold)
[2024-12-21T22:14:46.891+0100][info][gc,task     ] GC(8) Using 15 workers of 15 for evacuation
[2024-12-21T22:14:46.907+0100][info][gc,phases   ] GC(8)   Pre Evacuate Collection Set: 0.31ms
[2024-12-21T22:14:46.907+0100][info][gc,phases   ] GC(8)   Merge Heap Roots: 0.14ms
[2024-12-21T22:14:46.907+0100][info][gc,phases   ] GC(8)   Evacuate Collection Set: 8.64ms
[2024-12-21T22:14:46.907+0100][info][gc,phases   ] GC(8)   Post Evacuate Collection Set: 1.25ms
[2024-12-21T22:14:46.907+0100][info][gc,phases   ] GC(8)   Other: 0.09ms
[2024-12-21T22:14:46.907+0100][info][gc,heap     ] GC(8) Eden regions: 1->0(72)
[2024-12-21T22:14:46.907+0100][info][gc,heap     ] GC(8) Survivor regions: 4->4(10)
[2024-12-21T22:14:46.907+0100][info][gc,heap     ] GC(8) Old regions: 26->26
[2024-12-21T22:14:46.907+0100][info][gc,heap     ] GC(8) Humongous regions: 3->3
[2024-12-21T22:14:46.907+0100][info][gc,metaspace] GC(8) Metaspace: 36336K(36800K)->36336K(36800K) NonClass: 31545K(31808K)->31545K(31808K) Class: 4790K(4992K)->4790K(4992K)
[2024-12-21T22:14:46.907+0100][info][gc          ] GC(8) Pause Young (Concurrent Start) (Metadata GC Threshold) 259M->256M(12288M) 10.786ms
[2024-12-21T22:14:46.907+0100][info][gc,cpu      ] GC(8) User=0.00s Sys=0.00s Real=0.02s
[2024-12-21T22:14:46.907+0100][info][gc          ] GC(9) Concurrent Mark Cycle
[2024-12-21T22:14:46.907+0100][info][gc,marking  ] GC(9) Concurrent Scan Root Regions
[2024-12-21T22:14:46.907+0100][info][gc,marking  ] GC(9) Concurrent Scan Root Regions 4.496ms
[2024-12-21T22:14:46.907+0100][info][gc,marking  ] GC(9) Concurrent Mark
[2024-12-21T22:14:46.907+0100][info][gc,marking  ] GC(9) Concurrent Mark From Roots
[2024-12-21T22:14:46.907+0100][info][gc,task     ] GC(9) Using 4 workers of 4 for marking
[2024-12-21T22:14:46.907+0100][info][gc,marking  ] GC(9) Concurrent Mark From Roots 1.481ms
[2024-12-21T22:14:46.907+0100][info][gc,marking  ] GC(9) Concurrent Preclean
[2024-12-21T22:14:46.907+0100][info][gc,marking  ] GC(9) Concurrent Preclean 0.019ms
[2024-12-21T22:14:46.907+0100][info][gc,start    ] GC(9) Pause Remark
[2024-12-21T22:14:46.922+0100][info][gc          ] GC(9) Pause Remark 260M->160M(12288M) 6.882ms
[2024-12-21T22:14:46.922+0100][info][gc,cpu      ] GC(9) User=0.00s Sys=0.00s Real=0.01s
[2024-12-21T22:14:46.922+0100][info][gc,marking  ] GC(9) Concurrent Mark 8.628ms
[2024-12-21T22:14:46.922+0100][info][gc,marking  ] GC(9) Concurrent Rebuild Remembered Sets and Scrub Regions
[2024-12-21T22:14:46.922+0100][info][gc,marking  ] GC(9) Concurrent Rebuild Remembered Sets and Scrub Regions 2.353ms
[2024-12-21T22:14:46.922+0100][info][gc,start    ] GC(9) Pause Cleanup
[2024-12-21T22:14:46.927+0100][info][gc          ] GC(9) Pause Cleanup 160M->160M(12288M) 0.388ms
[2024-12-21T22:14:46.927+0100][info][gc,cpu      ] GC(9) User=0.00s Sys=0.00s Real=0.01s
[2024-12-21T22:14:46.927+0100][info][gc,marking  ] GC(9) Concurrent Clear Claimed Marks
[2024-12-21T22:14:46.927+0100][info][gc,marking  ] GC(9) Concurrent Clear Claimed Marks 0.101ms
[2024-12-21T22:14:46.927+0100][info][gc,marking  ] GC(9) Concurrent Cleanup for Next Mark
[2024-12-21T22:14:46.927+0100][info][gc,marking  ] GC(9) Concurrent Cleanup for Next Mark 7.612ms
[2024-12-21T22:14:46.927+0100][info][gc          ] GC(9) Concurrent Mark Cycle 24.154ms
[2024-12-21T22:14:48.366+0100][info][gc,start    ] GC(10) Pause Young (Prepare Mixed) (G1 Evacuation Pause)
[2024-12-21T22:14:48.366+0100][info][gc,task     ] GC(10) Using 15 workers of 15 for evacuation
[2024-12-21T22:14:48.384+0100][info][gc,phases   ] GC(10)   Pre Evacuate Collection Set: 0.20ms
[2024-12-21T22:14:48.384+0100][info][gc,phases   ] GC(10)   Merge Heap Roots: 0.07ms
[2024-12-21T22:14:48.384+0100][info][gc,phases   ] GC(10)   Evacuate Collection Set: 16.53ms
[2024-12-21T22:14:48.384+0100][info][gc,phases   ] GC(10)   Post Evacuate Collection Set: 1.39ms
[2024-12-21T22:14:48.384+0100][info][gc,phases   ] GC(10)   Other: 0.08ms
[2024-12-21T22:14:48.384+0100][info][gc,heap     ] GC(10) Eden regions: 84->0(66)
[2024-12-21T22:14:48.384+0100][info][gc,heap     ] GC(10) Survivor regions: 4->10(11)
[2024-12-21T22:14:48.384+0100][info][gc,heap     ] GC(10) Old regions: 13->13
[2024-12-21T22:14:48.384+0100][info][gc,heap     ] GC(10) Humongous regions: 10->5
[2024-12-21T22:14:48.384+0100][info][gc,metaspace] GC(10) Metaspace: 53398K(54208K)->53398K(54208K) NonClass: 45768K(46208K)->45768K(46208K) Class: 7629K(8000K)->7629K(8000K)
[2024-12-21T22:14:48.384+0100][info][gc          ] GC(10) Pause Young (Prepare Mixed) (G1 Evacuation Pause) 884M->218M(12288M) 18.488ms
[2024-12-21T22:14:48.384+0100][info][gc,cpu      ] GC(10) User=0.02s Sys=0.02s Real=0.02s
[2024-12-21T22:14:48.832+0100][info][gc,start    ] GC(11) Pause Young (Mixed) (G1 Evacuation Pause)
[2024-12-21T22:14:48.832+0100][info][gc,task     ] GC(11) Using 15 workers of 15 for evacuation
[2024-12-21T22:14:48.850+0100][info][gc,phases   ] GC(11)   Pre Evacuate Collection Set: 0.17ms
[2024-12-21T22:14:48.850+0100][info][gc,phases   ] GC(11)   Merge Heap Roots: 0.09ms
[2024-12-21T22:14:48.850+0100][info][gc,phases   ] GC(11)   Evacuate Collection Set: 16.17ms
[2024-12-21T22:14:48.850+0100][info][gc,phases   ] GC(11)   Post Evacuate Collection Set: 0.88ms
[2024-12-21T22:14:48.850+0100][info][gc,phases   ] GC(11)   Other: 0.08ms
[2024-12-21T22:14:48.850+0100][info][gc,heap     ] GC(11) Eden regions: 66->0(66)
[2024-12-21T22:14:48.850+0100][info][gc,heap     ] GC(11) Survivor regions: 10->10(10)
[2024-12-21T22:14:48.850+0100][info][gc,heap     ] GC(11) Old regions: 13->22
[2024-12-21T22:14:48.850+0100][info][gc,heap     ] GC(11) Humongous regions: 5->5
[2024-12-21T22:14:48.850+0100][info][gc,metaspace] GC(11) Metaspace: 53407K(54208K)->53407K(54208K) NonClass: 45776K(46208K)->45776K(46208K) Class: 7631K(8000K)->7631K(8000K)
[2024-12-21T22:14:48.850+0100][info][gc          ] GC(11) Pause Young (Mixed) (G1 Evacuation Pause) 746M->284M(12288M) 17.612ms
[2024-12-21T22:14:48.850+0100][info][gc,cpu      ] GC(11) User=0.03s Sys=0.00s Real=0.02s
[2024-12-21T22:14:49.132+0100][info][gc,start    ] GC(12) Pause Young (Mixed) (G1 Evacuation Pause)
[2024-12-21T22:14:49.132+0100][info][gc,task     ] GC(12) Using 15 workers of 15 for evacuation
[2024-12-21T22:14:49.147+0100][info][gc,phases   ] GC(12)   Pre Evacuate Collection Set: 0.22ms
[2024-12-21T22:14:49.147+0100][info][gc,phases   ] GC(12)   Merge Heap Roots: 0.08ms
[2024-12-21T22:14:49.147+0100][info][gc,phases   ] GC(12)   Evacuate Collection Set: 14.02ms
[2024-12-21T22:14:49.147+0100][info][gc,phases   ] GC(12)   Post Evacuate Collection Set: 0.47ms
[2024-12-21T22:14:49.147+0100][info][gc,phases   ] GC(12)   Other: 0.06ms
[2024-12-21T22:14:49.147+0100][info][gc,heap     ] GC(12) Eden regions: 66->0(66)
[2024-12-21T22:14:49.147+0100][info][gc,heap     ] GC(12) Survivor regions: 10->10(10)
[2024-12-21T22:14:49.147+0100][info][gc,heap     ] GC(12) Old regions: 22->30
[2024-12-21T22:14:49.147+0100][info][gc,heap     ] GC(12) Humongous regions: 5->5
[2024-12-21T22:14:49.147+0100][info][gc,metaspace] GC(12) Metaspace: 53414K(54208K)->53414K(54208K) NonClass: 45783K(46208K)->45783K(46208K) Class: 7631K(8000K)->7631K(8000K)
[2024-12-21T22:14:49.147+0100][info][gc          ] GC(12) Pause Young (Mixed) (G1 Evacuation Pause) 812M->357M(12288M) 15.075ms
[2024-12-21T22:14:49.147+0100][info][gc,cpu      ] GC(12) User=0.02s Sys=0.00s Real=0.02s
[2024-12-21T22:14:49.418+0100][info][gc,start    ] GC(13) Pause Young (Normal) (G1 Evacuation Pause)
[2024-12-21T22:14:49.418+0100][info][gc,task     ] GC(13) Using 15 workers of 15 for evacuation
[2024-12-21T22:14:49.435+0100][info][gc,phases   ] GC(13)   Pre Evacuate Collection Set: 0.20ms
[2024-12-21T22:14:49.435+0100][info][gc,phases   ] GC(13)   Merge Heap Roots: 0.07ms
[2024-12-21T22:14:49.435+0100][info][gc,phases   ] GC(13)   Evacuate Collection Set: 15.38ms
[2024-12-21T22:14:49.435+0100][info][gc,phases   ] GC(13)   Post Evacuate Collection Set: 0.35ms
[2024-12-21T22:14:49.435+0100][info][gc,phases   ] GC(13)   Other: 0.06ms
[2024-12-21T22:14:49.435+0100][info][gc,heap     ] GC(13) Eden regions: 66->0(66)
[2024-12-21T22:14:49.435+0100][info][gc,heap     ] GC(13) Survivor regions: 10->10(10)
[2024-12-21T22:14:49.435+0100][info][gc,heap     ] GC(13) Old regions: 30->43
[2024-12-21T22:14:49.435+0100][info][gc,heap     ] GC(13) Humongous regions: 5->5
[2024-12-21T22:14:49.435+0100][info][gc,metaspace] GC(13) Metaspace: 53422K(54208K)->53422K(54208K) NonClass: 45790K(46208K)->45790K(46208K) Class: 7632K(8000K)->7632K(8000K)
[2024-12-21T22:14:49.435+0100][info][gc          ] GC(13) Pause Young (Normal) (G1 Evacuation Pause) 885M->459M(12288M) 16.269ms
[2024-12-21T22:14:49.435+0100][info][gc,cpu      ] GC(13) User=0.00s Sys=0.00s Real=0.02s
[2024-12-21T22:14:49.724+0100][info][gc,start    ] GC(14) Pause Young (Normal) (G1 Evacuation Pause)
[2024-12-21T22:14:49.724+0100][info][gc,task     ] GC(14) Using 15 workers of 15 for evacuation
[2024-12-21T22:14:49.739+0100][info][gc,phases   ] GC(14)   Pre Evacuate Collection Set: 0.23ms
[2024-12-21T22:14:49.739+0100][info][gc,phases   ] GC(14)   Merge Heap Roots: 0.10ms
[2024-12-21T22:14:49.739+0100][info][gc,phases   ] GC(14)   Evacuate Collection Set: 15.37ms
[2024-12-21T22:14:49.739+0100][info][gc,phases   ] GC(14)   Post Evacuate Collection Set: 0.48ms
[2024-12-21T22:14:49.739+0100][info][gc,phases   ] GC(14)   Other: 0.06ms
[2024-12-21T22:14:49.739+0100][info][gc,heap     ] GC(14) Eden regions: 66->0(66)
[2024-12-21T22:14:49.739+0100][info][gc,heap     ] GC(14) Survivor regions: 10->10(10)
[2024-12-21T22:14:49.739+0100][info][gc,heap     ] GC(14) Old regions: 43->56
[2024-12-21T22:14:49.739+0100][info][gc,heap     ] GC(14) Humongous regions: 5->5
[2024-12-21T22:14:49.740+0100][info][gc,metaspace] GC(14) Metaspace: 53430K(54208K)->53430K(54208K) NonClass: 45798K(46208K)->45798K(46208K) Class: 7632K(8000K)->7632K(8000K)
[2024-12-21T22:14:49.740+0100][info][gc          ] GC(14) Pause Young (Normal) (G1 Evacuation Pause) 987M->568M(12288M) 16.427ms
[2024-12-21T22:14:49.740+0100][info][gc,cpu      ] GC(14) User=0.03s Sys=0.02s Real=0.02s
[2024-12-21T22:14:50.039+0100][info][gc,start    ] GC(15) Pause Young (Normal) (G1 Evacuation Pause)
[2024-12-21T22:14:50.040+0100][info][gc,task     ] GC(15) Using 15 workers of 15 for evacuation
[2024-12-21T22:14:50.057+0100][info][gc,phases   ] GC(15)   Pre Evacuate Collection Set: 0.26ms
[2024-12-21T22:14:50.057+0100][info][gc,phases   ] GC(15)   Merge Heap Roots: 0.17ms
[2024-12-21T22:14:50.057+0100][info][gc,phases   ] GC(15)   Evacuate Collection Set: 16.49ms
[2024-12-21T22:14:50.057+0100][info][gc,phases   ] GC(15)   Post Evacuate Collection Set: 0.58ms
[2024-12-21T22:14:50.057+0100][info][gc,phases   ] GC(15)   Other: 0.06ms
[2024-12-21T22:14:50.057+0100][info][gc,heap     ] GC(15) Eden regions: 66->0(66)
[2024-12-21T22:14:50.057+0100][info][gc,heap     ] GC(15) Survivor regions: 10->10(10)
[2024-12-21T22:14:50.057+0100][info][gc,heap     ] GC(15) Old regions: 56->70
[2024-12-21T22:14:50.057+0100][info][gc,heap     ] GC(15) Humongous regions: 5->5
[2024-12-21T22:14:50.057+0100][info][gc,metaspace] GC(15) Metaspace: 53436K(54272K)->53436K(54272K) NonClass: 45804K(46272K)->45804K(46272K) Class: 7632K(8000K)->7632K(8000K)
[2024-12-21T22:14:50.057+0100][info][gc          ] GC(15) Pause Young (Normal) (G1 Evacuation Pause) 1096M->679M(12288M) 17.802ms
[2024-12-21T22:14:50.057+0100][info][gc,cpu      ] GC(15) User=0.06s Sys=0.03s Real=0.02s
[2024-12-21T22:14:50.488+0100][info][gc,start    ] GC(16) Pause Young (Normal) (G1 Evacuation Pause)
[2024-12-21T22:14:50.488+0100][info][gc,task     ] GC(16) Using 15 workers of 15 for evacuation
[2024-12-21T22:14:50.505+0100][info][gc,phases   ] GC(16)   Pre Evacuate Collection Set: 0.18ms
[2024-12-21T22:14:50.505+0100][info][gc,phases   ] GC(16)   Merge Heap Roots: 0.10ms
[2024-12-21T22:14:50.505+0100][info][gc,phases   ] GC(16)   Evacuate Collection Set: 16.28ms
[2024-12-21T22:14:50.505+0100][info][gc,phases   ] GC(16)   Post Evacuate Collection Set: 0.47ms
[2024-12-21T22:14:50.505+0100][info][gc,phases   ] GC(16)   Other: 0.08ms
[2024-12-21T22:14:50.505+0100][info][gc,heap     ] GC(16) Eden regions: 67->0(80)
[2024-12-21T22:14:50.505+0100][info][gc,heap     ] GC(16) Survivor regions: 10->10(10)
[2024-12-21T22:14:50.505+0100][info][gc,heap     ] GC(16) Old regions: 70->85
[2024-12-21T22:14:50.505+0100][info][gc,heap     ] GC(16) Humongous regions: 5->5
[2024-12-21T22:14:50.505+0100][info][gc,metaspace] GC(16) Metaspace: 53457K(54272K)->53457K(54272K) NonClass: 45825K(46272K)->45825K(46272K) Class: 7632K(8000K)->7632K(8000K)
[2024-12-21T22:14:50.505+0100][info][gc          ] GC(16) Pause Young (Normal) (G1 Evacuation Pause) 1215M->799M(12288M) 17.307ms
[2024-12-21T22:14:50.505+0100][info][gc,cpu      ] GC(16) User=0.00s Sys=0.08s Real=0.02s
[2024-12-21T22:14:50.964+0100][info][gc,start    ] GC(17) Pause Young (Normal) (G1 Evacuation Pause)
[2024-12-21T22:14:50.964+0100][info][gc,task     ] GC(17) Using 15 workers of 15 for evacuation
[2024-12-21T22:14:50.991+0100][info][gc,phases   ] GC(17)   Pre Evacuate Collection Set: 0.25ms
[2024-12-21T22:14:50.991+0100][info][gc,phases   ] GC(17)   Merge Heap Roots: 0.11ms
[2024-12-21T22:14:50.991+0100][info][gc,phases   ] GC(17)   Evacuate Collection Set: 26.36ms
[2024-12-21T22:14:50.991+0100][info][gc,phases   ] GC(17)   Post Evacuate Collection Set: 0.55ms
[2024-12-21T22:14:50.991+0100][info][gc,phases   ] GC(17)   Other: 0.06ms
[2024-12-21T22:14:50.991+0100][info][gc,heap     ] GC(17) Eden regions: 88->0(96)
[2024-12-21T22:14:50.991+0100][info][gc,heap     ] GC(17) Survivor regions: 10->13(13)
[2024-12-21T22:14:50.991+0100][info][gc,heap     ] GC(17) Old regions: 85->102
[2024-12-21T22:14:50.991+0100][info][gc,heap     ] GC(17) Humongous regions: 5->5
[2024-12-21T22:14:50.991+0100][info][gc,metaspace] GC(17) Metaspace: 53502K(54400K)->53502K(54400K) NonClass: 45870K(46400K)->45870K(46400K) Class: 7632K(8000K)->7632K(8000K)
[2024-12-21T22:14:50.991+0100][info][gc          ] GC(17) Pause Young (Normal) (G1 Evacuation Pause) 1503M->956M(12288M) 27.517ms
[2024-12-21T22:14:50.991+0100][info][gc,cpu      ] GC(17) User=0.03s Sys=0.09s Real=0.03s
[2024-12-21T22:14:51.503+0100][info][gc,start    ] GC(18) Pause Young (Normal) (G1 Evacuation Pause)
[2024-12-21T22:14:51.503+0100][info][gc,task     ] GC(18) Using 15 workers of 15 for evacuation
[2024-12-21T22:14:51.534+0100][info][gc,phases   ] GC(18)   Pre Evacuate Collection Set: 0.27ms
[2024-12-21T22:14:51.534+0100][info][gc,phases   ] GC(18)   Merge Heap Roots: 0.14ms
[2024-12-21T22:14:51.534+0100][info][gc,phases   ] GC(18)   Evacuate Collection Set: 29.82ms
[2024-12-21T22:14:51.534+0100][info][gc,phases   ] GC(18)   Post Evacuate Collection Set: 0.59ms
[2024-12-21T22:14:51.534+0100][info][gc,phases   ] GC(18)   Other: 0.08ms
[2024-12-21T22:14:51.534+0100][info][gc,heap     ] GC(18) Eden regions: 96->0(106)
[2024-12-21T22:14:51.534+0100][info][gc,heap     ] GC(18) Survivor regions: 13->14(14)
[2024-12-21T22:14:51.534+0100][info][gc,heap     ] GC(18) Old regions: 102->123
[2024-12-21T22:14:51.534+0100][info][gc,heap     ] GC(18) Humongous regions: 5->5
[2024-12-21T22:14:51.534+0100][info][gc,metaspace] GC(18) Metaspace: 53543K(54400K)->53543K(54400K) NonClass: 45910K(46400K)->45910K(46400K) Class: 7633K(8000K)->7633K(8000K)
[2024-12-21T22:14:51.534+0100][info][gc          ] GC(18) Pause Young (Normal) (G1 Evacuation Pause) 1724M->1131M(12288M) 31.131ms
[2024-12-21T22:14:51.534+0100][info][gc,cpu      ] GC(18) User=0.09s Sys=0.06s Real=0.03s
[2024-12-21T22:14:52.139+0100][info][gc,start    ] GC(19) Pause Young (Normal) (G1 Evacuation Pause)
[2024-12-21T22:14:52.139+0100][info][gc,task     ] GC(19) Using 15 workers of 15 for evacuation
[2024-12-21T22:14:52.172+0100][info][gc,phases   ] GC(19)   Pre Evacuate Collection Set: 0.31ms
[2024-12-21T22:14:52.172+0100][info][gc,phases   ] GC(19)   Merge Heap Roots: 0.18ms
[2024-12-21T22:14:52.172+0100][info][gc,phases   ] GC(19)   Evacuate Collection Set: 31.42ms
[2024-12-21T22:14:52.172+0100][info][gc,phases   ] GC(19)   Post Evacuate Collection Set: 0.53ms
[2024-12-21T22:14:52.172+0100][info][gc,phases   ] GC(19)   Other: 0.08ms
[2024-12-21T22:14:52.172+0100][info][gc,heap     ] GC(19) Eden regions: 104->0(123)
[2024-12-21T22:14:52.172+0100][info][gc,heap     ] GC(19) Survivor regions: 14->15(15)
[2024-12-21T22:14:52.172+0100][info][gc,heap     ] GC(19) Old regions: 123->146
[2024-12-21T22:14:52.172+0100][info][gc,heap     ] GC(19) Humongous regions: 5->5
[2024-12-21T22:14:52.172+0100][info][gc,metaspace] GC(19) Metaspace: 53558K(54400K)->53558K(54400K) NonClass: 45925K(46400K)->45925K(46400K) Class: 7633K(8000K)->7633K(8000K)
[2024-12-21T22:14:52.172+0100][info][gc          ] GC(19) Pause Young (Normal) (G1 Evacuation Pause) 1963M->1328M(12288M) 32.686ms
[2024-12-21T22:14:52.172+0100][info][gc,cpu      ] GC(19) User=0.05s Sys=0.08s Real=0.03s
[2024-12-21T22:14:52.923+0100][info][gc,start    ] GC(20) Pause Young (Normal) (G1 Evacuation Pause)
[2024-12-21T22:14:52.923+0100][info][gc,task     ] GC(20) Using 15 workers of 15 for evacuation
[2024-12-21T22:14:52.962+0100][info][gc,phases   ] GC(20)   Pre Evacuate Collection Set: 0.29ms
[2024-12-21T22:14:52.962+0100][info][gc,phases   ] GC(20)   Merge Heap Roots: 0.15ms
[2024-12-21T22:14:52.962+0100][info][gc,phases   ] GC(20)   Evacuate Collection Set: 38.30ms
[2024-12-21T22:14:52.962+0100][info][gc,phases   ] GC(20)   Post Evacuate Collection Set: 0.54ms
[2024-12-21T22:14:52.962+0100][info][gc,phases   ] GC(20)   Other: 0.08ms
[2024-12-21T22:14:52.962+0100][info][gc,heap     ] GC(20) Eden regions: 122->0(141)
[2024-12-21T22:14:52.962+0100][info][gc,heap     ] GC(20) Survivor regions: 15->18(18)
[2024-12-21T22:14:52.962+0100][info][gc,heap     ] GC(20) Old regions: 146->173
[2024-12-21T22:14:52.962+0100][info][gc,heap     ] GC(20) Humongous regions: 5->5
[2024-12-21T22:14:52.962+0100][info][gc,metaspace] GC(20) Metaspace: 53566K(54400K)->53566K(54400K) NonClass: 45933K(46400K)->45933K(46400K) Class: 7633K(8000K)->7633K(8000K)
[2024-12-21T22:14:52.962+0100][info][gc          ] GC(20) Pause Young (Normal) (G1 Evacuation Pause) 2304M->1562M(12288M) 39.574ms
[2024-12-21T22:14:52.962+0100][info][gc,cpu      ] GC(20) User=0.09s Sys=0.25s Real=0.04s
[2024-12-21T22:14:53.879+0100][info][gc,start    ] GC(21) Pause Young (Normal) (G1 Evacuation Pause)
[2024-12-21T22:14:53.879+0100][info][gc,task     ] GC(21) Using 15 workers of 15 for evacuation
[2024-12-21T22:14:53.923+0100][info][gc,phases   ] GC(21)   Pre Evacuate Collection Set: 0.27ms
[2024-12-21T22:14:53.923+0100][info][gc,phases   ] GC(21)   Merge Heap Roots: 0.18ms
[2024-12-21T22:14:53.923+0100][info][gc,phases   ] GC(21)   Evacuate Collection Set: 42.50ms
[2024-12-21T22:14:53.923+0100][info][gc,phases   ] GC(21)   Post Evacuate Collection Set: 0.65ms
[2024-12-21T22:14:53.923+0100][info][gc,phases   ] GC(21)   Other: 0.12ms
[2024-12-21T22:14:53.923+0100][info][gc,heap     ] GC(21) Eden regions: 139->0(158)
[2024-12-21T22:14:53.923+0100][info][gc,heap     ] GC(21) Survivor regions: 18->20(20)
[2024-12-21T22:14:53.923+0100][info][gc,heap     ] GC(21) Old regions: 173->204
[2024-12-21T22:14:53.923+0100][info][gc,heap     ] GC(21) Humongous regions: 5->5
[2024-12-21T22:14:53.923+0100][info][gc,metaspace] GC(21) Metaspace: 53587K(54400K)->53587K(54400K) NonClass: 45952K(46400K)->45952K(46400K) Class: 7634K(8000K)->7634K(8000K)
[2024-12-21T22:14:53.923+0100][info][gc          ] GC(21) Pause Young (Normal) (G1 Evacuation Pause) 2674M->1832M(12288M) 43.921ms
[2024-12-21T22:14:53.923+0100][info][gc,cpu      ] GC(21) User=0.11s Sys=0.17s Real=0.04s
[2024-12-21T22:14:54.956+0100][info][gc,start    ] GC(22) Pause Young (Normal) (G1 Evacuation Pause)
[2024-12-21T22:14:54.956+0100][info][gc,task     ] GC(22) Using 15 workers of 15 for evacuation
[2024-12-21T22:14:55.007+0100][info][gc,phases   ] GC(22)   Pre Evacuate Collection Set: 0.28ms
[2024-12-21T22:14:55.007+0100][info][gc,phases   ] GC(22)   Merge Heap Roots: 0.19ms
[2024-12-21T22:14:55.007+0100][info][gc,phases   ] GC(22)   Evacuate Collection Set: 49.93ms
[2024-12-21T22:14:55.007+0100][info][gc,phases   ] GC(22)   Post Evacuate Collection Set: 0.48ms
[2024-12-21T22:14:55.007+0100][info][gc,phases   ] GC(22)   Other: 0.11ms
[2024-12-21T22:14:55.007+0100][info][gc,heap     ] GC(22) Eden regions: 155->0(182)
[2024-12-21T22:14:55.007+0100][info][gc,heap     ] GC(22) Survivor regions: 20->22(22)
[2024-12-21T22:14:55.007+0100][info][gc,heap     ] GC(22) Old regions: 204->241
[2024-12-21T22:14:55.007+0100][info][gc,heap     ] GC(22) Humongous regions: 5->5
[2024-12-21T22:14:55.007+0100][info][gc,metaspace] GC(22) Metaspace: 53613K(54400K)->53613K(54400K) NonClass: 45978K(46400K)->45978K(46400K) Class: 7634K(8000K)->7634K(8000K)
[2024-12-21T22:14:55.007+0100][info][gc          ] GC(22) Pause Young (Normal) (G1 Evacuation Pause) 3072M->2141M(12288M) 51.178ms
[2024-12-21T22:14:55.007+0100][info][gc,cpu      ] GC(22) User=0.06s Sys=0.25s Real=0.05s
[2024-12-21T22:14:56.196+0100][info][gc,start    ] GC(23) Pause Young (Normal) (G1 Evacuation Pause)
[2024-12-21T22:14:56.196+0100][info][gc,task     ] GC(23) Using 15 workers of 15 for evacuation
[2024-12-21T22:14:56.255+0100][info][gc,phases   ] GC(23)   Pre Evacuate Collection Set: 0.30ms
[2024-12-21T22:14:56.256+0100][info][gc,phases   ] GC(23)   Merge Heap Roots: 0.25ms
[2024-12-21T22:14:56.256+0100][info][gc,phases   ] GC(23)   Evacuate Collection Set: 58.20ms
[2024-12-21T22:14:56.256+0100][info][gc,phases   ] GC(23)   Post Evacuate Collection Set: 0.58ms
[2024-12-21T22:14:56.256+0100][info][gc,phases   ] GC(23)   Other: 0.11ms
[2024-12-21T22:14:56.256+0100][info][gc,heap     ] GC(23) Eden regions: 179->0(203)
[2024-12-21T22:14:56.256+0100][info][gc,heap     ] GC(23) Survivor regions: 22->26(26)
[2024-12-21T22:14:56.256+0100][info][gc,heap     ] GC(23) Old regions: 241->283
[2024-12-21T22:14:56.256+0100][info][gc,heap     ] GC(23) Humongous regions: 5->5
[2024-12-21T22:14:56.256+0100][info][gc,metaspace] GC(23) Metaspace: 53631K(54464K)->53631K(54464K) NonClass: 45996K(46464K)->45996K(46464K) Class: 7635K(8000K)->7635K(8000K)
[2024-12-21T22:14:56.256+0100][info][gc          ] GC(23) Pause Young (Normal) (G1 Evacuation Pause) 3573M->2508M(12288M) 59.627ms
[2024-12-21T22:14:56.256+0100][info][gc,cpu      ] GC(23) User=0.23s Sys=0.41s Real=0.06s
[2024-12-21T22:14:57.662+0100][info][gc,start    ] GC(24) Pause Young (Normal) (G1 Evacuation Pause)
[2024-12-21T22:14:57.662+0100][info][gc,task     ] GC(24) Using 15 workers of 15 for evacuation
[2024-12-21T22:14:57.730+0100][info][gc,phases   ] GC(24)   Pre Evacuate Collection Set: 0.33ms
[2024-12-21T22:14:57.730+0100][info][gc,phases   ] GC(24)   Merge Heap Roots: 0.25ms
[2024-12-21T22:14:57.730+0100][info][gc,phases   ] GC(24)   Evacuate Collection Set: 66.53ms
[2024-12-21T22:14:57.730+0100][info][gc,phases   ] GC(24)   Post Evacuate Collection Set: 0.65ms
[2024-12-21T22:14:57.730+0100][info][gc,phases   ] GC(24)   Other: 0.10ms
[2024-12-21T22:14:57.730+0100][info][gc,heap     ] GC(24) Eden regions: 200->0(226)
[2024-12-21T22:14:57.730+0100][info][gc,heap     ] GC(24) Survivor regions: 26->29(29)
[2024-12-21T22:14:57.730+0100][info][gc,heap     ] GC(24) Old regions: 283->330
[2024-12-21T22:14:57.730+0100][info][gc,heap     ] GC(24) Humongous regions: 5->5
[2024-12-21T22:14:57.730+0100][info][gc,metaspace] GC(24) Metaspace: 53794K(54592K)->53794K(54592K) NonClass: 46126K(46592K)->46126K(46592K) Class: 7667K(8000K)->7667K(8000K)
[2024-12-21T22:14:57.730+0100][info][gc          ] GC(24) Pause Young (Normal) (G1 Evacuation Pause) 4108M->2911M(12288M) 68.050ms
[2024-12-21T22:14:57.730+0100][info][gc,cpu      ] GC(24) User=0.25s Sys=0.44s Real=0.07s
[2024-12-21T22:14:59.373+0100][info][gc,start    ] GC(25) Pause Young (Normal) (G1 Evacuation Pause)
[2024-12-21T22:14:59.373+0100][info][gc,task     ] GC(25) Using 15 workers of 15 for evacuation
[2024-12-21T22:14:59.451+0100][info][gc,phases   ] GC(25)   Pre Evacuate Collection Set: 0.33ms
[2024-12-21T22:14:59.452+0100][info][gc,phases   ] GC(25)   Merge Heap Roots: 0.28ms
[2024-12-21T22:14:59.452+0100][info][gc,phases   ] GC(25)   Evacuate Collection Set: 76.35ms
[2024-12-21T22:14:59.452+0100][info][gc,phases   ] GC(25)   Post Evacuate Collection Set: 0.62ms
[2024-12-21T22:14:59.452+0100][info][gc,phases   ] GC(25)   Other: 0.10ms
[2024-12-21T22:14:59.452+0100][info][gc,heap     ] GC(25) Eden regions: 223->0(256)
[2024-12-21T22:14:59.452+0100][info][gc,heap     ] GC(25) Survivor regions: 29->32(32)
[2024-12-21T22:14:59.452+0100][info][gc,heap     ] GC(25) Old regions: 330->386
[2024-12-21T22:14:59.452+0100][info][gc,heap     ] GC(25) Humongous regions: 5->5
[2024-12-21T22:14:59.452+0100][info][gc,metaspace] GC(25) Metaspace: 53822K(54656K)->53822K(54656K) NonClass: 46153K(46656K)->46153K(46656K) Class: 7669K(8000K)->7669K(8000K)
[2024-12-21T22:14:59.452+0100][info][gc          ] GC(25) Pause Young (Normal) (G1 Evacuation Pause) 4695M->3384M(12288M) 77.877ms
[2024-12-21T22:14:59.452+0100][info][gc,cpu      ] GC(25) User=0.36s Sys=0.41s Real=0.08s
[2024-12-21T22:15:01.398+0100][info][gc,start    ] GC(26) Pause Young (Normal) (G1 Evacuation Pause)
[2024-12-21T22:15:01.398+0100][info][gc,task     ] GC(26) Using 15 workers of 15 for evacuation
[2024-12-21T22:15:01.558+0100][info][gc,phases   ] GC(26)   Pre Evacuate Collection Set: 0.37ms
[2024-12-21T22:15:01.558+0100][info][gc,phases   ] GC(26)   Merge Heap Roots: 0.42ms
[2024-12-21T22:15:01.558+0100][info][gc,phases   ] GC(26)   Evacuate Collection Set: 158.90ms
[2024-12-21T22:15:01.558+0100][info][gc,phases   ] GC(26)   Post Evacuate Collection Set: 0.66ms
[2024-12-21T22:15:01.558+0100][info][gc,phases   ] GC(26)   Other: 0.12ms
[2024-12-21T22:15:01.558+0100][info][gc,heap     ] GC(26) Eden regions: 252->0(244)
[2024-12-21T22:15:01.558+0100][info][gc,heap     ] GC(26) Survivor regions: 32->36(36)
[2024-12-21T22:15:01.558+0100][info][gc,heap     ] GC(26) Old regions: 386->448
[2024-12-21T22:15:01.558+0100][info][gc,heap     ] GC(26) Humongous regions: 5->5
[2024-12-21T22:15:01.558+0100][info][gc,metaspace] GC(26) Metaspace: 53859K(54656K)->53859K(54656K) NonClass: 46188K(46656K)->46188K(46656K) Class: 7671K(8000K)->7671K(8000K)
[2024-12-21T22:15:01.558+0100][info][gc          ] GC(26) Pause Young (Normal) (G1 Evacuation Pause) 5400M->3908M(12288M) 160.692ms
[2024-12-21T22:15:01.558+0100][info][gc,cpu      ] GC(26) User=0.28s Sys=1.23s Real=0.16s
[2024-12-21T22:15:03.549+0100][info][gc,start    ] GC(27) Pause Young (Normal) (G1 Evacuation Pause)
[2024-12-21T22:15:03.549+0100][info][gc,task     ] GC(27) Using 15 workers of 15 for evacuation
[2024-12-21T22:15:03.689+0100][info][gc,phases   ] GC(27)   Pre Evacuate Collection Set: 0.33ms
[2024-12-21T22:15:03.689+0100][info][gc,phases   ] GC(27)   Merge Heap Roots: 0.43ms
[2024-12-21T22:15:03.689+0100][info][gc,phases   ] GC(27)   Evacuate Collection Set: 137.67ms
[2024-12-21T22:15:03.689+0100][info][gc,phases   ] GC(27)   Post Evacuate Collection Set: 0.78ms
[2024-12-21T22:15:03.689+0100][info][gc,phases   ] GC(27)   Other: 0.09ms
[2024-12-21T22:15:03.689+0100][info][gc,heap     ] GC(27) Eden regions: 241->0(247)
[2024-12-21T22:15:03.689+0100][info][gc,heap     ] GC(27) Survivor regions: 36->35(35)
[2024-12-21T22:15:03.689+0100][info][gc,heap     ] GC(27) Old regions: 448->512
[2024-12-21T22:15:03.689+0100][info][gc,heap     ] GC(27) Humongous regions: 5->5
[2024-12-21T22:15:03.689+0100][info][gc,metaspace] GC(27) Metaspace: 53893K(54720K)->53893K(54720K) NonClass: 46222K(46720K)->46222K(46720K) Class: 7671K(8000K)->7671K(8000K)
[2024-12-21T22:15:03.689+0100][info][gc          ] GC(27) Pause Young (Normal) (G1 Evacuation Pause) 5836M->4416M(12288M) 139.543ms
[2024-12-21T22:15:03.689+0100][info][gc,cpu      ] GC(27) User=0.27s Sys=1.27s Real=0.14s
[2024-12-21T22:15:05.879+0100][info][gc,start    ] GC(28) Pause Young (Normal) (G1 Evacuation Pause)
[2024-12-21T22:15:05.879+0100][info][gc,task     ] GC(28) Using 15 workers of 15 for evacuation
[2024-12-21T22:15:06.016+0100][info][gc,phases   ] GC(28)   Pre Evacuate Collection Set: 0.46ms
[2024-12-21T22:15:06.017+0100][info][gc,phases   ] GC(28)   Merge Heap Roots: 0.45ms
[2024-12-21T22:15:06.017+0100][info][gc,phases   ] GC(28)   Evacuate Collection Set: 136.21ms
[2024-12-21T22:15:06.017+0100][info][gc,phases   ] GC(28)   Post Evacuate Collection Set: 0.65ms
[2024-12-21T22:15:06.017+0100][info][gc,phases   ] GC(28)   Other: 0.07ms
[2024-12-21T22:15:06.017+0100][info][gc,heap     ] GC(28) Eden regions: 247->0(260)
[2024-12-21T22:15:06.017+0100][info][gc,heap     ] GC(28) Survivor regions: 35->36(36)
[2024-12-21T22:15:06.017+0100][info][gc,heap     ] GC(28) Old regions: 512->577
[2024-12-21T22:15:06.017+0100][info][gc,heap     ] GC(28) Humongous regions: 5->5
[2024-12-21T22:15:06.017+0100][info][gc,metaspace] GC(28) Metaspace: 53898K(54720K)->53898K(54720K) NonClass: 46226K(46720K)->46226K(46720K) Class: 7671K(8000K)->7671K(8000K)
[2024-12-21T22:15:06.017+0100][info][gc          ] GC(28) Pause Young (Normal) (G1 Evacuation Pause) 6392M->4940M(12288M) 138.047ms
[2024-12-21T22:15:06.017+0100][info][gc,cpu      ] GC(28) User=0.22s Sys=1.25s Real=0.14s
[2024-12-21T22:15:08.372+0100][info][gc,start    ] GC(29) Pause Young (Normal) (G1 Evacuation Pause)
[2024-12-21T22:15:08.372+0100][info][gc,task     ] GC(29) Using 15 workers of 15 for evacuation
[2024-12-21T22:15:08.625+0100][info][gc,mmu      ] GC(29) MMU target violated: 201.0ms (200.0ms/201.0ms)
[2024-12-21T22:15:08.625+0100][info][gc,phases   ] GC(29)   Pre Evacuate Collection Set: 0.31ms
[2024-12-21T22:15:08.625+0100][info][gc,phases   ] GC(29)   Merge Heap Roots: 0.43ms
[2024-12-21T22:15:08.625+0100][info][gc,phases   ] GC(29)   Evacuate Collection Set: 251.10ms
[2024-12-21T22:15:08.625+0100][info][gc,phases   ] GC(29)   Post Evacuate Collection Set: 0.64ms
[2024-12-21T22:15:08.625+0100][info][gc,phases   ] GC(29)   Other: 0.20ms
[2024-12-21T22:15:08.625+0100][info][gc,heap     ] GC(29) Eden regions: 261->0(207)
[2024-12-21T22:15:08.625+0100][info][gc,heap     ] GC(29) Survivor regions: 36->38(38)
[2024-12-21T22:15:08.625+0100][info][gc,heap     ] GC(29) Old regions: 577->644
[2024-12-21T22:15:08.625+0100][info][gc,heap     ] GC(29) Humongous regions: 5->5
[2024-12-21T22:15:08.625+0100][info][gc,metaspace] GC(29) Metaspace: 53902K(54720K)->53902K(54720K) NonClass: 46231K(46720K)->46231K(46720K) Class: 7671K(8000K)->7671K(8000K)
[2024-12-21T22:15:08.625+0100][info][gc          ] GC(29) Pause Young (Normal) (G1 Evacuation Pause) 7028M->5492M(12288M) 252.858ms
[2024-12-21T22:15:08.625+0100][info][gc,cpu      ] GC(29) User=0.19s Sys=2.73s Real=0.25s
[2024-12-21T22:15:10.668+0100][info][gc,start    ] GC(30) Pause Young (Normal) (G1 Evacuation Pause)
[2024-12-21T22:15:10.668+0100][info][gc,task     ] GC(30) Using 15 workers of 15 for evacuation
[2024-12-21T22:15:10.791+0100][info][gc,phases   ] GC(30)   Pre Evacuate Collection Set: 0.28ms
[2024-12-21T22:15:10.791+0100][info][gc,phases   ] GC(30)   Merge Heap Roots: 0.31ms
[2024-12-21T22:15:10.791+0100][info][gc,phases   ] GC(30)   Evacuate Collection Set: 120.97ms
[2024-12-21T22:15:10.791+0100][info][gc,phases   ] GC(30)   Post Evacuate Collection Set: 0.60ms
[2024-12-21T22:15:10.791+0100][info][gc,phases   ] GC(30)   Other: 0.07ms
[2024-12-21T22:15:10.791+0100][info][gc,heap     ] GC(30) Eden regions: 207->0(254)
[2024-12-21T22:15:10.791+0100][info][gc,heap     ] GC(30) Survivor regions: 38->31(31)
[2024-12-21T22:15:10.791+0100][info][gc,heap     ] GC(30) Old regions: 644->708
[2024-12-21T22:15:10.791+0100][info][gc,heap     ] GC(30) Humongous regions: 5->5
[2024-12-21T22:15:10.791+0100][info][gc,metaspace] GC(30) Metaspace: 53904K(54720K)->53904K(54720K) NonClass: 46233K(46720K)->46233K(46720K) Class: 7671K(8000K)->7671K(8000K)
[2024-12-21T22:15:10.791+0100][info][gc          ] GC(30) Pause Young (Normal) (G1 Evacuation Pause) 7148M->5948M(12288M) 122.429ms
[2024-12-21T22:15:10.791+0100][info][gc,cpu      ] GC(30) User=0.20s Sys=1.06s Real=0.12s
[2024-12-21T22:15:13.221+0100][info][gc,start    ] GC(31) Pause Young (Concurrent Start) (G1 Evacuation Pause)
[2024-12-21T22:15:13.222+0100][info][gc,task     ] GC(31) Using 15 workers of 15 for evacuation
[2024-12-21T22:15:13.438+0100][info][gc,mmu      ] GC(31) MMU target violated: 201.0ms (200.0ms/201.0ms)
[2024-12-21T22:15:13.439+0100][info][gc,phases   ] GC(31)   Pre Evacuate Collection Set: 0.52ms
[2024-12-21T22:15:13.439+0100][info][gc,phases   ] GC(31)   Merge Heap Roots: 0.24ms
[2024-12-21T22:15:13.439+0100][info][gc,phases   ] GC(31)   Evacuate Collection Set: 216.08ms
[2024-12-21T22:15:13.439+0100][info][gc,phases   ] GC(31)   Post Evacuate Collection Set: 0.50ms
[2024-12-21T22:15:13.439+0100][info][gc,phases   ] GC(31)   Other: 0.19ms
[2024-12-21T22:15:13.439+0100][info][gc,heap     ] GC(31) Eden regions: 256->0(208)
[2024-12-21T22:15:13.439+0100][info][gc,heap     ] GC(31) Survivor regions: 31->36(36)
[2024-12-21T22:15:13.439+0100][info][gc,heap     ] GC(31) Old regions: 708->774
[2024-12-21T22:15:13.439+0100][info][gc,heap     ] GC(31) Humongous regions: 5->5
[2024-12-21T22:15:13.439+0100][info][gc,metaspace] GC(31) Metaspace: 53910K(54720K)->53910K(54720K) NonClass: 46239K(46720K)->46239K(46720K) Class: 7671K(8000K)->7671K(8000K)
[2024-12-21T22:15:13.439+0100][info][gc          ] GC(31) Pause Young (Concurrent Start) (G1 Evacuation Pause) 7996M->6516M(12288M) 217.683ms
[2024-12-21T22:15:13.439+0100][info][gc          ] GC(32) Concurrent Mark Cycle
[2024-12-21T22:15:13.439+0100][info][gc,cpu      ] GC(31) User=0.22s Sys=2.19s Real=0.22s
[2024-12-21T22:15:13.439+0100][info][gc,marking  ] GC(32) Concurrent Scan Root Regions
[2024-12-21T22:15:13.451+0100][info][gc,marking  ] GC(32) Concurrent Scan Root Regions 12.417ms
[2024-12-21T22:15:13.451+0100][info][gc,marking  ] GC(32) Concurrent Mark
[2024-12-21T22:15:13.451+0100][info][gc,marking  ] GC(32) Concurrent Mark From Roots
[2024-12-21T22:15:13.451+0100][info][gc,task     ] GC(32) Using 4 workers of 4 for marking
[2024-12-21T22:15:16.385+0100][info][gc,start    ] GC(33) Pause Young (Normal) (G1 Evacuation Pause)
[2024-12-21T22:15:16.385+0100][info][gc,task     ] GC(33) Using 15 workers of 15 for evacuation
[2024-12-21T22:15:16.683+0100][info][gc,mmu      ] GC(33) MMU target violated: 201.0ms (200.0ms/201.0ms)
[2024-12-21T22:15:16.683+0100][info][gc,phases   ] GC(33)   Pre Evacuate Collection Set: 0.71ms
[2024-12-21T22:15:16.683+0100][info][gc,phases   ] GC(33)   Merge Heap Roots: 0.53ms
[2024-12-21T22:15:16.683+0100][info][gc,phases   ] GC(33)   Evacuate Collection Set: 291.76ms
[2024-12-21T22:15:16.683+0100][info][gc,phases   ] GC(33)   Post Evacuate Collection Set: 2.66ms
[2024-12-21T22:15:16.683+0100][info][gc,phases   ] GC(33)   Other: 2.27ms
[2024-12-21T22:15:16.683+0100][info][gc,heap     ] GC(33) Eden regions: 208->0(151)
[2024-12-21T22:15:16.683+0100][info][gc,heap     ] GC(33) Survivor regions: 36->31(31)
[2024-12-21T22:15:16.683+0100][info][gc,heap     ] GC(33) Old regions: 774->836
[2024-12-21T22:15:16.683+0100][info][gc,heap     ] GC(33) Humongous regions: 5->5
[2024-12-21T22:15:16.683+0100][info][gc,metaspace] GC(33) Metaspace: 53941K(54720K)->53941K(54720K) NonClass: 46270K(46720K)->46270K(46720K) Class: 7671K(8000K)->7671K(8000K)
[2024-12-21T22:15:16.683+0100][info][gc          ] GC(33) Pause Young (Normal) (G1 Evacuation Pause) 8180M->6972M(12288M) 298.218ms
[2024-12-21T22:15:16.683+0100][info][gc,cpu      ] GC(33) User=0.42s Sys=1.45s Real=0.30s
[2024-12-21T22:15:18.339+0100][info][gc,marking  ] GC(32) Concurrent Mark From Roots 4887.689ms
[2024-12-21T22:15:18.339+0100][info][gc,marking  ] GC(32) Concurrent Preclean
[2024-12-21T22:15:18.340+0100][info][gc,marking  ] GC(32) Concurrent Preclean 0.495ms
[2024-12-21T22:15:18.340+0100][info][gc,start    ] GC(32) Pause Remark
[2024-12-21T22:15:18.705+0100][info][gc,mmu      ] GC(32) MMU target violated: 201.0ms (200.0ms/201.0ms)
[2024-12-21T22:15:18.705+0100][info][gc          ] GC(32) Pause Remark 7912M->7912M(12288M) 364.417ms
[2024-12-21T22:15:18.705+0100][info][gc,cpu      ] GC(32) User=0.00s Sys=0.00s Real=0.37s
[2024-12-21T22:15:18.705+0100][info][gc,marking  ] GC(32) Concurrent Mark 5253.159ms
[2024-12-21T22:15:18.705+0100][info][gc,marking  ] GC(32) Concurrent Rebuild Remembered Sets and Scrub Regions
[2024-12-21T22:15:19.211+0100][info][gc,start    ] GC(34) Pause Young (Normal) (G1 Evacuation Pause)
[2024-12-21T22:15:19.211+0100][info][gc,task     ] GC(34) Using 15 workers of 15 for evacuation
[2024-12-21T22:15:19.903+0100][info][gc,mmu      ] GC(34) MMU target violated: 201.0ms (200.0ms/201.0ms)
[2024-12-21T22:15:19.903+0100][info][gc,phases   ] GC(34)   Pre Evacuate Collection Set: 0.25ms
[2024-12-21T22:15:19.903+0100][info][gc,phases   ] GC(34)   Merge Heap Roots: 0.30ms
[2024-12-21T22:15:19.903+0100][info][gc,phases   ] GC(34)   Evacuate Collection Set: 686.45ms
[2024-12-21T22:15:19.903+0100][info][gc,phases   ] GC(34)   Post Evacuate Collection Set: 4.12ms
[2024-12-21T22:15:19.903+0100][info][gc,phases   ] GC(34)   Other: 0.18ms
[2024-12-21T22:15:19.903+0100][info][gc,heap     ] GC(34) Eden regions: 153->0(53)
[2024-12-21T22:15:19.903+0100][info][gc,heap     ] GC(34) Survivor regions: 31->23(23)
[2024-12-21T22:15:19.903+0100][info][gc,heap     ] GC(34) Old regions: 836->887
[2024-12-21T22:15:19.903+0100][info][gc,heap     ] GC(34) Humongous regions: 5->5
[2024-12-21T22:15:19.903+0100][info][gc,metaspace] GC(34) Metaspace: 53737K(54720K)->53737K(54720K) NonClass: 46127K(46720K)->46127K(46720K) Class: 7609K(8000K)->7609K(8000K)
[2024-12-21T22:15:19.903+0100][info][gc          ] GC(34) Pause Young (Normal) (G1 Evacuation Pause) 8196M->7320M(12288M) 691.670ms
[2024-12-21T22:15:19.903+0100][info][gc,cpu      ] GC(34) User=0.16s Sys=7.88s Real=0.69s
[2024-12-21T22:15:20.707+0100][info][gc,start    ] GC(35) Pause Young (Normal) (G1 Evacuation Pause)
[2024-12-21T22:15:20.707+0100][info][gc,task     ] GC(35) Using 15 workers of 15 for evacuation
[2024-12-21T22:15:20.965+0100][info][gc,mmu      ] GC(35) MMU target violated: 201.0ms (200.0ms/201.0ms)
[2024-12-21T22:15:20.965+0100][info][gc,phases   ] GC(35)   Pre Evacuate Collection Set: 0.25ms
[2024-12-21T22:15:20.965+0100][info][gc,phases   ] GC(35)   Merge Heap Roots: 0.29ms
[2024-12-21T22:15:20.965+0100][info][gc,phases   ] GC(35)   Evacuate Collection Set: 255.88ms
[2024-12-21T22:15:20.965+0100][info][gc,phases   ] GC(35)   Post Evacuate Collection Set: 1.72ms
[2024-12-21T22:15:20.965+0100][info][gc,phases   ] GC(35)   Other: 0.15ms
[2024-12-21T22:15:20.965+0100][info][gc,heap     ] GC(35) Eden regions: 53->0(66)
[2024-12-21T22:15:20.965+0100][info][gc,heap     ] GC(35) Survivor regions: 23->10(10)
[2024-12-21T22:15:20.965+0100][info][gc,heap     ] GC(35) Old regions: 887->922
[2024-12-21T22:15:20.965+0100][info][gc,heap     ] GC(35) Humongous regions: 5->5
[2024-12-21T22:15:20.965+0100][info][gc,metaspace] GC(35) Metaspace: 53737K(54720K)->53737K(54720K) NonClass: 46127K(46720K)->46127K(46720K) Class: 7609K(8000K)->7609K(8000K)
[2024-12-21T22:15:20.965+0100][info][gc          ] GC(35) Pause Young (Normal) (G1 Evacuation Pause) 7744M->7492M(12288M) 258.499ms
[2024-12-21T22:15:20.965+0100][info][gc,cpu      ] GC(35) User=0.09s Sys=2.62s Real=0.26s
[2024-12-21T22:15:21.980+0100][info][gc,start    ] GC(36) Pause Young (Normal) (G1 Evacuation Pause)
[2024-12-21T22:15:21.980+0100][info][gc,task     ] GC(36) Using 15 workers of 15 for evacuation
[2024-12-21T22:15:22.122+0100][info][gc,phases   ] GC(36)   Pre Evacuate Collection Set: 0.59ms
[2024-12-21T22:15:22.122+0100][info][gc,phases   ] GC(36)   Merge Heap Roots: 0.16ms
[2024-12-21T22:15:22.122+0100][info][gc,phases   ] GC(36)   Evacuate Collection Set: 139.77ms
[2024-12-21T22:15:22.122+0100][info][gc,phases   ] GC(36)   Post Evacuate Collection Set: 1.95ms
[2024-12-21T22:15:22.122+0100][info][gc,phases   ] GC(36)   Other: 0.10ms
[2024-12-21T22:15:22.122+0100][info][gc,heap     ] GC(36) Eden regions: 66->0(66)
[2024-12-21T22:15:22.122+0100][info][gc,heap     ] GC(36) Survivor regions: 10->10(10)
[2024-12-21T22:15:22.122+0100][info][gc,heap     ] GC(36) Old regions: 922->943
[2024-12-21T22:15:22.122+0100][info][gc,heap     ] GC(36) Humongous regions: 5->5
[2024-12-21T22:15:22.122+0100][info][gc,metaspace] GC(36) Metaspace: 53737K(54720K)->53737K(54720K) NonClass: 46127K(46720K)->46127K(46720K) Class: 7609K(8000K)->7609K(8000K)
[2024-12-21T22:15:22.122+0100][info][gc          ] GC(36) Pause Young (Normal) (G1 Evacuation Pause) 8020M->7664M(12288M) 142.791ms
[2024-12-21T22:15:22.122+0100][info][gc,cpu      ] GC(36) User=0.17s Sys=1.44s Real=0.14s
[2024-12-21T22:15:22.787+0100][info][gc,marking  ] GC(32) Concurrent Rebuild Remembered Sets and Scrub Regions 4082.100ms
[2024-12-21T22:15:22.787+0100][info][gc,start    ] GC(32) Pause Cleanup
[2024-12-21T22:15:22.790+0100][info][gc          ] GC(32) Pause Cleanup 7967M->7967M(12288M) 3.094ms
[2024-12-21T22:15:22.790+0100][info][gc,cpu      ] GC(32) User=0.00s Sys=0.00s Real=0.00s
[2024-12-21T22:15:22.791+0100][info][gc,marking  ] GC(32) Concurrent Clear Claimed Marks
[2024-12-21T22:15:22.791+0100][info][gc,marking  ] GC(32) Concurrent Clear Claimed Marks 0.428ms
[2024-12-21T22:15:22.791+0100][info][gc,marking  ] GC(32) Concurrent Cleanup for Next Mark
[2024-12-21T22:15:22.839+0100][info][gc,marking  ] GC(32) Concurrent Cleanup for Next Mark 48.358ms
[2024-12-21T22:15:22.839+0100][info][gc          ] GC(32) Concurrent Mark Cycle 9400.503ms
[2024-12-21T22:15:23.384+0100][info][gc,start    ] GC(37) Pause Young (Prepare Mixed) (G1 Evacuation Pause)
[2024-12-21T22:15:23.384+0100][info][gc,task     ] GC(37) Using 15 workers of 15 for evacuation
[2024-12-21T22:15:23.450+0100][info][gc,phases   ] GC(37)   Pre Evacuate Collection Set: 0.80ms
[2024-12-21T22:15:23.450+0100][info][gc,phases   ] GC(37)   Merge Heap Roots: 0.43ms
[2024-12-21T22:15:23.450+0100][info][gc,phases   ] GC(37)   Evacuate Collection Set: 60.59ms
[2024-12-21T22:15:23.450+0100][info][gc,phases   ] GC(37)   Post Evacuate Collection Set: 3.43ms
[2024-12-21T22:15:23.450+0100][info][gc,phases   ] GC(37)   Other: 0.17ms
[2024-12-21T22:15:23.450+0100][info][gc,heap     ] GC(37) Eden regions: 68->0(342)
[2024-12-21T22:15:23.450+0100][info][gc,heap     ] GC(37) Survivor regions: 10->10(10)
[2024-12-21T22:15:23.450+0100][info][gc,heap     ] GC(37) Old regions: 943->965
[2024-12-21T22:15:23.450+0100][info][gc,heap     ] GC(37) Humongous regions: 5->5
[2024-12-21T22:15:23.450+0100][info][gc,metaspace] GC(37) Metaspace: 53737K(54720K)->53737K(54720K) NonClass: 46127K(46720K)->46127K(46720K) Class: 7609K(8000K)->7609K(8000K)
[2024-12-21T22:15:23.450+0100][info][gc          ] GC(37) Pause Young (Prepare Mixed) (G1 Evacuation Pause) 8208M->7840M(12288M) 65.968ms
[2024-12-21T22:15:23.451+0100][info][gc,cpu      ] GC(37) User=0.12s Sys=0.48s Real=0.07s
[2024-12-21T22:15:31.799+0100][info][gc,start    ] GC(38) Pause Young (Mixed) (G1 Evacuation Pause)
[2024-12-21T22:15:31.799+0100][info][gc,task     ] GC(38) Using 15 workers of 15 for evacuation
[2024-12-21T22:15:32.087+0100][info][gc,mmu      ] GC(38) MMU target violated: 201.0ms (200.0ms/201.0ms)
[2024-12-21T22:15:32.088+0100][info][gc,phases   ] GC(38)   Pre Evacuate Collection Set: 0.73ms
[2024-12-21T22:15:32.088+0100][info][gc,phases   ] GC(38)   Merge Heap Roots: 2.58ms
[2024-12-21T22:15:32.088+0100][info][gc,phases   ] GC(38)   Evacuate Collection Set: 278.67ms
[2024-12-21T22:15:32.088+0100][info][gc,phases   ] GC(38)   Post Evacuate Collection Set: 7.15ms
[2024-12-21T22:15:32.088+0100][info][gc,phases   ] GC(38)   Other: 0.32ms
[2024-12-21T22:15:32.088+0100][info][gc,heap     ] GC(38) Eden regions: 342->0(32)
[2024-12-21T22:15:32.088+0100][info][gc,heap     ] GC(38) Survivor regions: 10->44(44)
[2024-12-21T22:15:32.088+0100][info][gc,heap     ] GC(38) Old regions: 965->1010
[2024-12-21T22:15:32.088+0100][info][gc,heap     ] GC(38) Humongous regions: 5->5
[2024-12-21T22:15:32.088+0100][info][gc,metaspace] GC(38) Metaspace: 53750K(54720K)->53750K(54720K) NonClass: 46139K(46720K)->46139K(46720K) Class: 7610K(8000K)->7610K(8000K)
[2024-12-21T22:15:32.088+0100][info][gc          ] GC(38) Pause Young (Mixed) (G1 Evacuation Pause) 10576M->8468M(12288M) 289.684ms
[2024-12-21T22:15:32.088+0100][info][gc,cpu      ] GC(38) User=0.14s Sys=1.47s Real=0.29s
[2024-12-21T22:15:32.910+0100][info][gc,start    ] GC(39) Pause Young (Concurrent Start) (G1 Evacuation Pause)
[2024-12-21T22:15:32.910+0100][info][gc,task     ] GC(39) Using 15 workers of 15 for evacuation
[2024-12-21T22:15:33.045+0100][info][gc,phases   ] GC(39)   Pre Evacuate Collection Set: 1.29ms
[2024-12-21T22:15:33.045+0100][info][gc,phases   ] GC(39)   Merge Heap Roots: 0.45ms
[2024-12-21T22:15:33.045+0100][info][gc,phases   ] GC(39)   Evacuate Collection Set: 130.05ms
[2024-12-21T22:15:33.045+0100][info][gc,phases   ] GC(39)   Post Evacuate Collection Set: 3.97ms
[2024-12-21T22:15:33.045+0100][info][gc,phases   ] GC(39)   Other: -0.05ms
[2024-12-21T22:15:33.045+0100][info][gc,heap     ] GC(39) Eden regions: 32->0(82)
[2024-12-21T22:15:33.045+0100][info][gc,heap     ] GC(39) Survivor regions: 44->10(10)
[2024-12-21T22:15:33.045+0100][info][gc,heap     ] GC(39) Old regions: 1010->1059
[2024-12-21T22:15:33.045+0100][info][gc,heap     ] GC(39) Humongous regions: 5->5
[2024-12-21T22:15:33.045+0100][info][gc,metaspace] GC(39) Metaspace: 53750K(54720K)->53750K(54720K) NonClass: 46139K(46720K)->46139K(46720K) Class: 7610K(8000K)->7610K(8000K)
[2024-12-21T22:15:33.046+0100][info][gc          ] GC(39) Pause Young (Concurrent Start) (G1 Evacuation Pause) 8724M->8592M(12288M) 136.010ms
[2024-12-21T22:15:33.046+0100][info][gc          ] GC(40) Concurrent Mark Cycle
[2024-12-21T22:15:33.046+0100][info][gc,cpu      ] GC(39) User=0.23s Sys=1.05s Real=0.14s
[2024-12-21T22:15:33.046+0100][info][gc,marking  ] GC(40) Concurrent Scan Root Regions
[2024-12-21T22:15:33.078+0100][info][gc,marking  ] GC(40) Concurrent Scan Root Regions 32.672ms
[2024-12-21T22:15:33.079+0100][info][gc,marking  ] GC(40) Concurrent Mark
[2024-12-21T22:15:33.079+0100][info][gc,marking  ] GC(40) Concurrent Mark From Roots
[2024-12-21T22:15:33.079+0100][info][gc,task     ] GC(40) Using 4 workers of 4 for marking
[2024-12-21T22:15:36.890+0100][info][gc,start    ] GC(41) Pause Young (Normal) (G1 Evacuation Pause)
[2024-12-21T22:15:36.890+0100][info][gc,task     ] GC(41) Using 15 workers of 15 for evacuation
[2024-12-21T22:15:37.249+0100][info][gc,mmu      ] GC(41) MMU target violated: 201.0ms (200.0ms/201.0ms)
[2024-12-21T22:15:37.249+0100][info][gc,phases   ] GC(41)   Pre Evacuate Collection Set: 0.54ms
[2024-12-21T22:15:37.249+0100][info][gc,phases   ] GC(41)   Merge Heap Roots: 0.42ms
[2024-12-21T22:15:37.249+0100][info][gc,phases   ] GC(41)   Evacuate Collection Set: 344.15ms
[2024-12-21T22:15:37.249+0100][info][gc,phases   ] GC(41)   Post Evacuate Collection Set: 8.42ms
[2024-12-21T22:15:37.249+0100][info][gc,phases   ] GC(41)   Other: 0.92ms
[2024-12-21T22:15:37.249+0100][info][gc,heap     ] GC(41) Eden regions: 116->0(60)
[2024-12-21T22:15:37.249+0100][info][gc,heap     ] GC(41) Survivor regions: 10->16(16)
[2024-12-21T22:15:37.249+0100][info][gc,heap     ] GC(41) Old regions: 1059->1084
[2024-12-21T22:15:37.249+0100][info][gc,heap     ] GC(41) Humongous regions: 5->5
[2024-12-21T22:15:37.249+0100][info][gc,metaspace] GC(41) Metaspace: 53929K(54720K)->53929K(54720K) NonClass: 46267K(46720K)->46267K(46720K) Class: 7662K(8000K)->7662K(8000K)
[2024-12-21T22:15:37.249+0100][info][gc          ] GC(41) Pause Young (Normal) (G1 Evacuation Pause) 9520M->8840M(12288M) 355.639ms
[2024-12-21T22:15:37.249+0100][info][gc,cpu      ] GC(41) User=0.09s Sys=3.94s Real=0.36s
[2024-12-21T22:15:39.304+0100][info][gc,start    ] GC(42) Pause Young (Normal) (G1 Evacuation Pause)
[2024-12-21T22:15:39.304+0100][info][gc,task     ] GC(42) Using 15 workers of 15 for evacuation
[2024-12-21T22:15:39.508+0100][info][gc,mmu      ] GC(42) MMU target violated: 201.0ms (200.0ms/201.0ms)
[2024-12-21T22:15:39.508+0100][info][gc,phases   ] GC(42)   Pre Evacuate Collection Set: 0.36ms
[2024-12-21T22:15:39.508+0100][info][gc,phases   ] GC(42)   Merge Heap Roots: 0.29ms
[2024-12-21T22:15:39.508+0100][info][gc,phases   ] GC(42)   Evacuate Collection Set: 199.33ms
[2024-12-21T22:15:39.508+0100][info][gc,phases   ] GC(42)   Post Evacuate Collection Set: 6.22ms
[2024-12-21T22:15:39.508+0100][info][gc,phases   ] GC(42)   Other: 0.32ms
[2024-12-21T22:15:39.508+0100][info][gc,heap     ] GC(42) Eden regions: 60->0(66)
[2024-12-21T22:15:39.508+0100][info][gc,heap     ] GC(42) Survivor regions: 16->10(10)
[2024-12-21T22:15:39.508+0100][info][gc,heap     ] GC(42) Old regions: 1084->1109
[2024-12-21T22:15:39.508+0100][info][gc,heap     ] GC(42) Humongous regions: 5->5
[2024-12-21T22:15:39.508+0100][info][gc,metaspace] GC(42) Metaspace: 53933K(54720K)->53933K(54720K) NonClass: 46270K(46720K)->46270K(46720K) Class: 7663K(8000K)->7663K(8000K)
[2024-12-21T22:15:39.508+0100][info][gc          ] GC(42) Pause Young (Normal) (G1 Evacuation Pause) 9320M->8989M(12288M) 206.893ms
[2024-12-21T22:15:39.508+0100][info][gc,cpu      ] GC(42) User=0.11s Sys=2.33s Real=0.20s
[2024-12-21T22:15:41.556+0100][info][gc,start    ] GC(43) Pause Young (Normal) (G1 Evacuation Pause)
[2024-12-21T22:15:41.556+0100][info][gc,task     ] GC(43) Using 15 workers of 15 for evacuation
[2024-12-21T22:15:41.693+0100][info][gc,phases   ] GC(43)   Pre Evacuate Collection Set: 0.37ms
[2024-12-21T22:15:41.693+0100][info][gc,phases   ] GC(43)   Merge Heap Roots: 0.26ms
[2024-12-21T22:15:41.693+0100][info][gc,phases   ] GC(43)   Evacuate Collection Set: 130.20ms
[2024-12-21T22:15:41.693+0100][info][gc,phases   ] GC(43)   Post Evacuate Collection Set: 3.83ms
[2024-12-21T22:15:41.693+0100][info][gc,phases   ] GC(43)   Other: 0.53ms
[2024-12-21T22:15:41.693+0100][info][gc,heap     ] GC(43) Eden regions: 66->0(66)
[2024-12-21T22:15:41.693+0100][info][gc,heap     ] GC(43) Survivor regions: 10->10(10)
[2024-12-21T22:15:41.693+0100][info][gc,heap     ] GC(43) Old regions: 1109->1131
[2024-12-21T22:15:41.693+0100][info][gc,heap     ] GC(43) Humongous regions: 5->5
[2024-12-21T22:15:41.693+0100][info][gc,metaspace] GC(43) Metaspace: 53933K(54720K)->53933K(54720K) NonClass: 46270K(46720K)->46270K(46720K) Class: 7663K(8000K)->7663K(8000K)
[2024-12-21T22:15:41.693+0100][info][gc          ] GC(43) Pause Young (Normal) (G1 Evacuation Pause) 9517M->9162M(12288M) 135.704ms
[2024-12-21T22:15:41.693+0100][info][gc,cpu      ] GC(43) User=0.08s Sys=1.44s Real=0.14s
[2024-12-21T22:15:43.706+0100][info][gc,start    ] GC(44) Pause Young (Normal) (G1 Evacuation Pause)
[2024-12-21T22:15:43.706+0100][info][gc,task     ] GC(44) Using 15 workers of 15 for evacuation
[2024-12-21T22:15:43.738+0100][info][gc,phases   ] GC(44)   Pre Evacuate Collection Set: 0.36ms
[2024-12-21T22:15:43.738+0100][info][gc,phases   ] GC(44)   Merge Heap Roots: 1.64ms
[2024-12-21T22:15:43.738+0100][info][gc,phases   ] GC(44)   Evacuate Collection Set: 25.10ms
[2024-12-21T22:15:43.738+0100][info][gc,phases   ] GC(44)   Post Evacuate Collection Set: 1.82ms
[2024-12-21T22:15:43.738+0100][info][gc,phases   ] GC(44)   Other: 0.11ms
[2024-12-21T22:15:43.738+0100][info][gc,heap     ] GC(44) Eden regions: 66->0(70)
[2024-12-21T22:15:43.738+0100][info][gc,heap     ] GC(44) Survivor regions: 10->10(10)
[2024-12-21T22:15:43.738+0100][info][gc,heap     ] GC(44) Old regions: 1131->1150
[2024-12-21T22:15:43.738+0100][info][gc,heap     ] GC(44) Humongous regions: 5->5
[2024-12-21T22:15:43.738+0100][info][gc,metaspace] GC(44) Metaspace: 53936K(54720K)->53936K(54720K) NonClass: 46273K(46720K)->46273K(46720K) Class: 7663K(8000K)->7663K(8000K)
[2024-12-21T22:15:43.738+0100][info][gc          ] GC(44) Pause Young (Normal) (G1 Evacuation Pause) 9690M->9320M(12288M) 29.927ms
[2024-12-21T22:15:43.738+0100][info][gc,cpu      ] GC(44) User=0.05s Sys=0.08s Real=0.03s
[2024-12-21T22:15:45.609+0100][info][gc,marking  ] GC(40) Concurrent Mark From Roots 12536.342ms
[2024-12-21T22:15:45.609+0100][info][gc,marking  ] GC(40) Concurrent Preclean
[2024-12-21T22:15:45.609+0100][info][gc,marking  ] GC(40) Concurrent Preclean 0.587ms
[2024-12-21T22:15:45.609+0100][info][gc,start    ] GC(40) Pause Remark
[2024-12-21T22:15:45.688+0100][info][gc          ] GC(40) Pause Remark 9884M->9884M(12288M) 81.354ms
[2024-12-21T22:15:45.688+0100][info][gc,cpu      ] GC(40) User=0.03s Sys=0.06s Real=0.08s
[2024-12-21T22:15:45.688+0100][info][gc,marking  ] GC(40) Concurrent Mark 12619.038ms
[2024-12-21T22:15:45.688+0100][info][gc,marking  ] GC(40) Concurrent Rebuild Remembered Sets and Scrub Regions
[2024-12-21T22:15:46.273+0100][info][gc,start    ] GC(45) Pause Young (Normal) (G1 Evacuation Pause)
[2024-12-21T22:15:46.273+0100][info][gc,task     ] GC(45) Using 15 workers of 15 for evacuation
[2024-12-21T22:15:46.304+0100][info][gc,phases   ] GC(45)   Pre Evacuate Collection Set: 0.34ms
[2024-12-21T22:15:46.304+0100][info][gc,phases   ] GC(45)   Merge Heap Roots: 0.26ms
[2024-12-21T22:15:46.304+0100][info][gc,phases   ] GC(45)   Evacuate Collection Set: 28.38ms
[2024-12-21T22:15:46.304+0100][info][gc,phases   ] GC(45)   Post Evacuate Collection Set: 4.36ms
[2024-12-21T22:15:46.304+0100][info][gc,phases   ] GC(45)   Other: 0.58ms
[2024-12-21T22:15:46.304+0100][info][gc,heap     ] GC(45) Eden regions: 87->0(96)
[2024-12-21T22:15:46.304+0100][info][gc,heap     ] GC(45) Survivor regions: 10->13(13)
[2024-12-21T22:15:46.304+0100][info][gc,heap     ] GC(45) Old regions: 1150->1173
[2024-12-21T22:15:46.304+0100][info][gc,heap     ] GC(45) Humongous regions: 5->5
[2024-12-21T22:15:46.304+0100][info][gc,metaspace] GC(45) Metaspace: 53938K(54720K)->53938K(54720K) NonClass: 46275K(46720K)->46275K(46720K) Class: 7663K(8000K)->7663K(8000K)
[2024-12-21T22:15:46.304+0100][info][gc          ] GC(45) Pause Young (Normal) (G1 Evacuation Pause) 10016M->9528M(12288M) 34.185ms
[2024-12-21T22:15:46.304+0100][info][gc,cpu      ] GC(45) User=0.03s Sys=0.11s Real=0.03s
[2024-12-21T22:15:46.874+0100][info][gc,marking  ] GC(40) Concurrent Rebuild Remembered Sets and Scrub Regions 1178.948ms
[2024-12-21T22:15:46.874+0100][info][gc,start    ] GC(40) Pause Cleanup
[2024-12-21T22:15:46.874+0100][info][gc          ] GC(40) Pause Cleanup 9684M->9684M(12288M) 1.040ms
[2024-12-21T22:15:46.874+0100][info][gc,cpu      ] GC(40) User=0.00s Sys=0.00s Real=0.00s
[2024-12-21T22:15:46.874+0100][info][gc,marking  ] GC(40) Concurrent Clear Claimed Marks
[2024-12-21T22:15:46.874+0100][info][gc,marking  ] GC(40) Concurrent Clear Claimed Marks 0.093ms
[2024-12-21T22:15:46.874+0100][info][gc,marking  ] GC(40) Concurrent Cleanup for Next Mark
[2024-12-21T22:15:46.889+0100][info][gc,marking  ] GC(40) Concurrent Cleanup for Next Mark 23.839ms
[2024-12-21T22:15:46.889+0100][info][gc          ] GC(40) Concurrent Mark Cycle 13856.236ms
[2024-12-21T22:15:48.776+0100][info][gc,start    ] GC(46) Pause Young (Prepare Mixed) (G1 Evacuation Pause)
[2024-12-21T22:15:48.776+0100][info][gc,task     ] GC(46) Using 15 workers of 15 for evacuation
[2024-12-21T22:15:48.823+0100][info][gc,phases   ] GC(46)   Pre Evacuate Collection Set: 0.30ms
[2024-12-21T22:15:48.823+0100][info][gc,phases   ] GC(46)   Merge Heap Roots: 0.16ms
[2024-12-21T22:15:48.823+0100][info][gc,phases   ] GC(46)   Evacuate Collection Set: 45.79ms
[2024-12-21T22:15:48.823+0100][info][gc,phases   ] GC(46)   Post Evacuate Collection Set: 0.74ms
[2024-12-21T22:15:48.823+0100][info][gc,phases   ] GC(46)   Other: 0.07ms
[2024-12-21T22:15:48.823+0100][info][gc,heap     ] GC(46) Eden regions: 105->0(193)
[2024-12-21T22:15:48.823+0100][info][gc,heap     ] GC(46) Survivor regions: 13->15(15)
[2024-12-21T22:15:48.823+0100][info][gc,heap     ] GC(46) Old regions: 1173->1202
[2024-12-21T22:15:48.823+0100][info][gc,heap     ] GC(46) Humongous regions: 5->5
[2024-12-21T22:15:48.823+0100][info][gc,metaspace] GC(46) Metaspace: 53943K(54720K)->53943K(54720K) NonClass: 46280K(46720K)->46280K(46720K) Class: 7663K(8000K)->7663K(8000K)
[2024-12-21T22:15:48.823+0100][info][gc          ] GC(46) Pause Young (Prepare Mixed) (G1 Evacuation Pause) 10368M->9776M(12288M) 47.309ms
[2024-12-21T22:15:48.823+0100][info][gc,cpu      ] GC(46) User=0.06s Sys=0.22s Real=0.05s
[2024-12-21T22:15:53.235+0100][info][gc,start    ] GC(47) Pause Young (Mixed) (G1 Evacuation Pause)
[2024-12-21T22:15:53.235+0100][info][gc,task     ] GC(47) Using 15 workers of 15 for evacuation
[2024-12-21T22:15:54.415+0100][info][gc,mmu      ] GC(47) MMU target violated: 201.0ms (200.0ms/201.0ms)
[2024-12-21T22:15:54.415+0100][info][gc,phases   ] GC(47)   Pre Evacuate Collection Set: 2.07ms
[2024-12-21T22:15:54.415+0100][info][gc,phases   ] GC(47)   Merge Heap Roots: 3.71ms
[2024-12-21T22:15:54.415+0100][info][gc,phases   ] GC(47)   Evacuate Collection Set: 1180.74ms
[2024-12-21T22:15:54.415+0100][info][gc,phases   ] GC(47)   Post Evacuate Collection Set: 4.56ms
[2024-12-21T22:15:54.415+0100][info][gc,phases   ] GC(47)   Other: 0.35ms
[2024-12-21T22:15:54.415+0100][info][gc,heap     ] GC(47) Eden regions: 193->0(88)
[2024-12-21T22:15:54.415+0100][info][gc,heap     ] GC(47) Survivor regions: 15->26(26)
[2024-12-21T22:15:54.415+0100][info][gc,heap     ] GC(47) Old regions: 1202->1232
[2024-12-21T22:15:54.415+0100][info][gc,heap     ] GC(47) Humongous regions: 5->5
[2024-12-21T22:15:54.415+0100][info][gc,metaspace] GC(47) Metaspace: 53943K(54720K)->53943K(54720K) NonClass: 46280K(46720K)->46280K(46720K) Class: 7663K(8000K)->7663K(8000K)
[2024-12-21T22:15:54.415+0100][info][gc          ] GC(47) Pause Young (Mixed) (G1 Evacuation Pause) 11320M->10098M(12288M) 1191.706ms
[2024-12-21T22:15:54.415+0100][info][gc,cpu      ] GC(47) User=0.08s Sys=1.06s Real=1.18s
[2024-12-21T22:15:56.710+0100][info][gc,start    ] GC(48) Pause Young (Concurrent Start) (G1 Evacuation Pause)
[2024-12-21T22:15:56.710+0100][info][gc,task     ] GC(48) Using 15 workers of 15 for evacuation
[2024-12-21T22:15:56.789+0100][info][gc,phases   ] GC(48)   Pre Evacuate Collection Set: 0.83ms
[2024-12-21T22:15:56.789+0100][info][gc,phases   ] GC(48)   Merge Heap Roots: 0.33ms
[2024-12-21T22:15:56.789+0100][info][gc,phases   ] GC(48)   Evacuate Collection Set: 81.17ms
[2024-12-21T22:15:56.789+0100][info][gc,phases   ] GC(48)   Post Evacuate Collection Set: 8.51ms
[2024-12-21T22:15:56.789+0100][info][gc,phases   ] GC(48)   Other: 0.16ms
[2024-12-21T22:15:56.789+0100][info][gc,heap     ] GC(48) Eden regions: 77->0(153)
[2024-12-21T22:15:56.789+0100][info][gc,heap     ] GC(48) Survivor regions: 26->13(13)
[2024-12-21T22:15:56.789+0100][info][gc,heap     ] GC(48) Old regions: 1232->1268
[2024-12-21T22:15:56.789+0100][info][gc,heap     ] GC(48) Humongous regions: 5->5
[2024-12-21T22:15:56.789+0100][info][gc,metaspace] GC(48) Metaspace: 53943K(54720K)->53943K(54720K) NonClass: 46280K(46720K)->46280K(46720K) Class: 7663K(8000K)->7663K(8000K)
[2024-12-21T22:15:56.789+0100][info][gc          ] GC(48) Pause Young (Concurrent Start) (G1 Evacuation Pause) 10714M->10288M(12288M) 91.523ms
[2024-12-21T22:15:56.789+0100][info][gc,cpu      ] GC(48) User=0.08s Sys=0.17s Real=0.08s
[2024-12-21T22:15:56.789+0100][info][gc          ] GC(49) Concurrent Mark Cycle
[2024-12-21T22:15:56.789+0100][info][gc,marking  ] GC(49) Concurrent Scan Root Regions
[2024-12-21T22:15:56.808+0100][info][gc,marking  ] GC(49) Concurrent Scan Root Regions 5.530ms
[2024-12-21T22:15:56.808+0100][info][gc,marking  ] GC(49) Concurrent Mark
[2024-12-21T22:15:56.808+0100][info][gc,marking  ] GC(49) Concurrent Mark From Roots
[2024-12-21T22:15:56.808+0100][info][gc,task     ] GC(49) Using 4 workers of 4 for marking
[2024-12-21T22:16:00.962+0100][info][gc,marking  ] GC(49) Concurrent Mark From Roots 4161.588ms
[2024-12-21T22:16:00.962+0100][info][gc,marking  ] GC(49) Concurrent Preclean
[2024-12-21T22:16:00.962+0100][info][gc,marking  ] GC(49) Concurrent Preclean 2.699ms
[2024-12-21T22:16:00.978+0100][info][gc,start    ] GC(49) Pause Remark
[2024-12-21T22:16:00.996+0100][info][gc          ] GC(49) Pause Remark 11264M->11264M(12288M) 19.283ms
[2024-12-21T22:16:00.996+0100][info][gc,cpu      ] GC(49) User=0.00s Sys=0.00s Real=0.02s
[2024-12-21T22:16:00.996+0100][info][gc,marking  ] GC(49) Concurrent Mark 4189.710ms
[2024-12-21T22:16:00.996+0100][info][gc,marking  ] GC(49) Concurrent Rebuild Remembered Sets and Scrub Regions
[2024-12-21T22:16:02.453+0100][info][gc,marking  ] GC(49) Concurrent Rebuild Remembered Sets and Scrub Regions 1456.758ms
[2024-12-21T22:16:02.453+0100][info][gc,start    ] GC(49) Pause Cleanup
[2024-12-21T22:16:02.453+0100][info][gc          ] GC(49) Pause Cleanup 11484M->11484M(12288M) 2.130ms
[2024-12-21T22:16:02.453+0100][info][gc,cpu      ] GC(49) User=0.00s Sys=0.00s Real=0.00s
[2024-12-21T22:16:02.453+0100][info][gc,marking  ] GC(49) Concurrent Clear Claimed Marks
[2024-12-21T22:16:02.453+0100][info][gc,marking  ] GC(49) Concurrent Clear Claimed Marks 0.595ms
[2024-12-21T22:16:02.453+0100][info][gc,marking  ] GC(49) Concurrent Cleanup for Next Mark
[2024-12-21T22:16:02.484+0100][info][gc,marking  ] GC(49) Concurrent Cleanup for Next Mark 36.390ms
[2024-12-21T22:16:02.484+0100][info][gc          ] GC(49) Concurrent Mark Cycle 5692.170ms
[2024-12-21T22:16:02.610+0100][info][gc,start    ] GC(50) Pause Young (Prepare Mixed) (G1 Evacuation Pause)
[2024-12-21T22:16:02.610+0100][info][gc,task     ] GC(50) Using 15 workers of 15 for evacuation
[2024-12-21T22:16:03.301+0100][info][gc,mmu      ] GC(50) MMU target violated: 201.0ms (200.0ms/201.0ms)
[2024-12-21T22:16:03.301+0100][info][gc,phases   ] GC(50)   Pre Evacuate Collection Set: 0.60ms
[2024-12-21T22:16:03.301+0100][info][gc,phases   ] GC(50)   Merge Heap Roots: 0.56ms
[2024-12-21T22:16:03.301+0100][info][gc,phases   ] GC(50)   Evacuate Collection Set: 683.81ms
[2024-12-21T22:16:03.301+0100][info][gc,phases   ] GC(50)   Post Evacuate Collection Set: 5.11ms
[2024-12-21T22:16:03.301+0100][info][gc,phases   ] GC(50)   Other: 0.40ms
[2024-12-21T22:16:03.301+0100][info][gc,heap     ] GC(50) Eden regions: 153->0(55)
[2024-12-21T22:16:03.301+0100][info][gc,heap     ] GC(50) Survivor regions: 13->21(21)
[2024-12-21T22:16:03.301+0100][info][gc,heap     ] GC(50) Old regions: 1268->1307
[2024-12-21T22:16:03.301+0100][info][gc,heap     ] GC(50) Humongous regions: 5->5
[2024-12-21T22:16:03.301+0100][info][gc,metaspace] GC(50) Metaspace: 53945K(54720K)->53945K(54720K) NonClass: 46281K(46720K)->46281K(46720K) Class: 7663K(8000K)->7663K(8000K)
[2024-12-21T22:16:03.301+0100][info][gc          ] GC(50) Pause Young (Prepare Mixed) (G1 Evacuation Pause) 11512M->10660M(12288M) 690.808ms
[2024-12-21T22:16:03.301+0100][info][gc,cpu      ] GC(50) User=0.11s Sys=1.72s Real=0.69s
[2024-12-21T22:16:04.966+0100][info][gc,start    ] GC(51) Pause Young (Mixed) (G1 Evacuation Pause)
[2024-12-21T22:16:04.966+0100][info][gc,task     ] GC(51) Using 15 workers of 15 for evacuation
[2024-12-21T22:16:05.013+0100][info][gc,phases   ] GC(51)   Pre Evacuate Collection Set: 0.63ms
[2024-12-21T22:16:05.013+0100][info][gc,phases   ] GC(51)   Merge Heap Roots: 0.61ms
[2024-12-21T22:16:05.013+0100][info][gc,phases   ] GC(51)   Evacuate Collection Set: 45.70ms
[2024-12-21T22:16:05.013+0100][info][gc,phases   ] GC(51)   Post Evacuate Collection Set: 1.42ms
[2024-12-21T22:16:05.013+0100][info][gc,phases   ] GC(51)   Other: 0.39ms
[2024-12-21T22:16:05.013+0100][info][gc,heap     ] GC(51) Eden regions: 55->0(66)
[2024-12-21T22:16:05.013+0100][info][gc,heap     ] GC(51) Survivor regions: 21->10(10)
[2024-12-21T22:16:05.013+0100][info][gc,heap     ] GC(51) Old regions: 1307->1333
[2024-12-21T22:16:05.013+0100][info][gc,heap     ] GC(51) Humongous regions: 5->5
[2024-12-21T22:16:05.013+0100][info][gc,metaspace] GC(51) Metaspace: 53945K(54720K)->53945K(54720K) NonClass: 46281K(46720K)->46281K(46720K) Class: 7663K(8000K)->7663K(8000K)
[2024-12-21T22:16:05.013+0100][info][gc          ] GC(51) Pause Young (Mixed) (G1 Evacuation Pause) 11100M->10784M(12288M) 49.145ms
[2024-12-21T22:16:05.013+0100][info][gc,cpu      ] GC(51) User=0.06s Sys=0.36s Real=0.05s
[2024-12-21T22:16:06.607+0100][info][gc,start    ] GC(52) Pause Young (Mixed) (G1 Evacuation Pause)
[2024-12-21T22:16:06.607+0100][info][gc,task     ] GC(52) Using 15 workers of 15 for evacuation
[2024-12-21T22:16:06.654+0100][info][gc,phases   ] GC(52)   Pre Evacuate Collection Set: 1.64ms
[2024-12-21T22:16:06.654+0100][info][gc,phases   ] GC(52)   Merge Heap Roots: 0.35ms
[2024-12-21T22:16:06.654+0100][info][gc,phases   ] GC(52)   Evacuate Collection Set: 34.90ms
[2024-12-21T22:16:06.654+0100][info][gc,phases   ] GC(52)   Post Evacuate Collection Set: 1.03ms
[2024-12-21T22:16:06.654+0100][info][gc,phases   ] GC(52)   Other: 0.14ms
[2024-12-21T22:16:06.654+0100][info][gc,heap     ] GC(52) Eden regions: 66->0(66)
[2024-12-21T22:16:06.654+0100][info][gc,heap     ] GC(52) Survivor regions: 10->10(10)
[2024-12-21T22:16:06.654+0100][info][gc,heap     ] GC(52) Old regions: 1333->1352
[2024-12-21T22:16:06.654+0100][info][gc,heap     ] GC(52) Humongous regions: 5->5
[2024-12-21T22:16:06.654+0100][info][gc,metaspace] GC(52) Metaspace: 53945K(54720K)->53945K(54720K) NonClass: 46281K(46720K)->46281K(46720K) Class: 7663K(8000K)->7663K(8000K)
[2024-12-21T22:16:06.654+0100][info][gc          ] GC(52) Pause Young (Mixed) (G1 Evacuation Pause) 11312M->10936M(12288M) 38.282ms
[2024-12-21T22:16:06.654+0100][info][gc,cpu      ] GC(52) User=0.11s Sys=0.06s Real=0.05s
[2024-12-21T22:16:08.089+0100][info][gc,start    ] GC(53) Pause Young (Mixed) (G1 Evacuation Pause)
[2024-12-21T22:16:08.089+0100][info][gc,task     ] GC(53) Using 15 workers of 15 for evacuation
[2024-12-21T22:16:08.109+0100][info][gc,phases   ] GC(53)   Pre Evacuate Collection Set: 0.41ms
[2024-12-21T22:16:08.109+0100][info][gc,phases   ] GC(53)   Merge Heap Roots: 0.28ms
[2024-12-21T22:16:08.109+0100][info][gc,phases   ] GC(53)   Evacuate Collection Set: 25.46ms
[2024-12-21T22:16:08.109+0100][info][gc,phases   ] GC(53)   Post Evacuate Collection Set: 0.59ms
[2024-12-21T22:16:08.109+0100][info][gc,phases   ] GC(53)   Other: 0.07ms
[2024-12-21T22:16:08.109+0100][info][gc,heap     ] GC(53) Eden regions: 68->0(66)
[2024-12-21T22:16:08.109+0100][info][gc,heap     ] GC(53) Survivor regions: 10->10(10)
[2024-12-21T22:16:08.109+0100][info][gc,heap     ] GC(53) Old regions: 1352->1374
[2024-12-21T22:16:08.109+0100][info][gc,heap     ] GC(53) Humongous regions: 5->5
[2024-12-21T22:16:08.109+0100][info][gc,metaspace] GC(53) Metaspace: 53945K(54720K)->53945K(54720K) NonClass: 46281K(46720K)->46281K(46720K) Class: 7663K(8000K)->7663K(8000K)
[2024-12-21T22:16:08.109+0100][info][gc          ] GC(53) Pause Young (Mixed) (G1 Evacuation Pause) 11480M->11110M(12288M) 27.024ms
[2024-12-21T22:16:08.109+0100][info][gc,cpu      ] GC(53) User=0.05s Sys=0.00s Real=0.02s
[2024-12-21T22:16:09.421+0100][info][gc,start    ] GC(54) Pause Young (Mixed) (G1 Evacuation Pause)
[2024-12-21T22:16:09.421+0100][info][gc,task     ] GC(54) Using 15 workers of 15 for evacuation
[2024-12-21T22:16:09.437+0100][info][gc,phases   ] GC(54)   Pre Evacuate Collection Set: 0.36ms
[2024-12-21T22:16:09.437+0100][info][gc,phases   ] GC(54)   Merge Heap Roots: 0.90ms
[2024-12-21T22:16:09.437+0100][info][gc,phases   ] GC(54)   Evacuate Collection Set: 19.28ms
[2024-12-21T22:16:09.437+0100][info][gc,phases   ] GC(54)   Merge Optional Heap Roots: 0.16ms
[2024-12-21T22:16:09.437+0100][info][gc,phases   ] GC(54)   Evacuate Optional Collection Set: 0.78ms
[2024-12-21T22:16:09.437+0100][info][gc,phases   ] GC(54)   Post Evacuate Collection Set: 1.98ms
[2024-12-21T22:16:09.437+0100][info][gc,phases   ] GC(54)   Other: 0.07ms
[2024-12-21T22:16:09.437+0100][info][gc,heap     ] GC(54) Eden regions: 66->0(66)
[2024-12-21T22:16:09.437+0100][info][gc,heap     ] GC(54) Survivor regions: 10->10(10)
[2024-12-21T22:16:09.437+0100][info][gc,heap     ] GC(54) Old regions: 1374->1385
[2024-12-21T22:16:09.437+0100][info][gc,heap     ] GC(54) Humongous regions: 5->5
[2024-12-21T22:16:09.437+0100][info][gc,metaspace] GC(54) Metaspace: 53945K(54720K)->53945K(54720K) NonClass: 46281K(46720K)->46281K(46720K) Class: 7663K(8000K)->7663K(8000K)
[2024-12-21T22:16:09.437+0100][info][gc          ] GC(54) Pause Young (Mixed) (G1 Evacuation Pause) 11638M->11194M(12288M) 23.764ms
[2024-12-21T22:16:09.437+0100][info][gc,cpu      ] GC(54) User=0.09s Sys=0.00s Real=0.02s
[2024-12-21T22:16:10.766+0100][info][gc,start    ] GC(55) Pause Young (Concurrent Start) (G1 Evacuation Pause)
[2024-12-21T22:16:10.766+0100][info][gc,task     ] GC(55) Using 15 workers of 15 for evacuation
[2024-12-21T22:16:10.782+0100][info][gc,phases   ] GC(55)   Pre Evacuate Collection Set: 0.44ms
[2024-12-21T22:16:10.782+0100][info][gc,phases   ] GC(55)   Merge Heap Roots: 0.14ms
[2024-12-21T22:16:10.782+0100][info][gc,phases   ] GC(55)   Evacuate Collection Set: 21.02ms
[2024-12-21T22:16:10.782+0100][info][gc,phases   ] GC(55)   Post Evacuate Collection Set: 0.59ms
[2024-12-21T22:16:10.782+0100][info][gc,phases   ] GC(55)   Other: 0.11ms
[2024-12-21T22:16:10.782+0100][info][gc,heap     ] GC(55) Eden regions: 66->0(66)
[2024-12-21T22:16:10.782+0100][info][gc,heap     ] GC(55) Survivor regions: 10->10(10)
[2024-12-21T22:16:10.782+0100][info][gc,heap     ] GC(55) Old regions: 1385->1408
[2024-12-21T22:16:10.782+0100][info][gc,heap     ] GC(55) Humongous regions: 5->5
[2024-12-21T22:16:10.782+0100][info][gc,metaspace] GC(55) Metaspace: 53945K(54720K)->53945K(54720K) NonClass: 46281K(46720K)->46281K(46720K) Class: 7663K(8000K)->7663K(8000K)
[2024-12-21T22:16:10.782+0100][info][gc          ] GC(55) Pause Young (Concurrent Start) (G1 Evacuation Pause) 11722M->11378M(12288M) 22.550ms
[2024-12-21T22:16:10.782+0100][info][gc          ] GC(56) Concurrent Mark Cycle
[2024-12-21T22:16:10.782+0100][info][gc,cpu      ] GC(55) User=0.02s Sys=0.06s Real=0.02s
[2024-12-21T22:16:10.782+0100][info][gc,marking  ] GC(56) Concurrent Scan Root Regions
[2024-12-21T22:16:10.782+0100][info][gc,marking  ] GC(56) Concurrent Scan Root Regions 3.424ms
[2024-12-21T22:16:10.782+0100][info][gc,marking  ] GC(56) Concurrent Mark
[2024-12-21T22:16:10.782+0100][info][gc,marking  ] GC(56) Concurrent Mark From Roots
[2024-12-21T22:16:10.782+0100][info][gc,task     ] GC(56) Using 4 workers of 4 for marking
[2024-12-21T22:16:13.128+0100][info][gc,start    ] GC(57) Pause Young (Normal) (G1 Evacuation Pause)
[2024-12-21T22:16:13.128+0100][info][gc,task     ] GC(57) Using 15 workers of 15 for evacuation
[2024-12-21T22:16:13.190+0100][info][gc,phases   ] GC(57)   Pre Evacuate Collection Set: 0.42ms
[2024-12-21T22:16:13.190+0100][info][gc,phases   ] GC(57)   Merge Heap Roots: 0.21ms
[2024-12-21T22:16:13.190+0100][info][gc,phases   ] GC(57)   Evacuate Collection Set: 74.55ms
[2024-12-21T22:16:13.190+0100][info][gc,phases   ] GC(57)   Post Evacuate Collection Set: 0.74ms
[2024-12-21T22:16:13.190+0100][info][gc,phases   ] GC(57)   Other: 0.13ms
[2024-12-21T22:16:13.190+0100][info][gc,heap     ] GC(57) Eden regions: 66->0(66)
[2024-12-21T22:16:13.190+0100][info][gc,heap     ] GC(57) Survivor regions: 10->10(10)
[2024-12-21T22:16:13.190+0100][info][gc,heap     ] GC(57) Old regions: 1408->1428
[2024-12-21T22:16:13.190+0100][info][gc,heap     ] GC(57) Humongous regions: 5->5
[2024-12-21T22:16:13.190+0100][info][gc,metaspace] GC(57) Metaspace: 53945K(54720K)->53945K(54720K) NonClass: 46281K(46720K)->46281K(46720K) Class: 7663K(8000K)->7663K(8000K)
[2024-12-21T22:16:13.190+0100][info][gc          ] GC(57) Pause Young (Normal) (G1 Evacuation Pause) 11906M->11542M(12288M) 76.342ms
[2024-12-21T22:16:13.190+0100][info][gc,cpu      ] GC(57) User=0.05s Sys=0.58s Real=0.06s
[2024-12-21T22:16:15.292+0100][info][gc,marking  ] GC(56) Concurrent Mark From Roots 4506.548ms
[2024-12-21T22:16:15.292+0100][info][gc,marking  ] GC(56) Concurrent Preclean
[2024-12-21T22:16:15.292+0100][info][gc,marking  ] GC(56) Concurrent Preclean 0.395ms
[2024-12-21T22:16:15.323+0100][info][gc,start    ] GC(56) Pause Remark
[2024-12-21T22:16:15.402+0100][info][gc          ] GC(56) Pause Remark 11946M->11938M(12288M) 91.291ms
[2024-12-21T22:16:15.402+0100][info][gc,cpu      ] GC(56) User=0.00s Sys=0.02s Real=0.08s
[2024-12-21T22:16:15.402+0100][info][gc,marking  ] GC(56) Concurrent Mark 4623.312ms
[2024-12-21T22:16:15.402+0100][info][gc,marking  ] GC(56) Concurrent Rebuild Remembered Sets and Scrub Regions
[2024-12-21T22:16:15.908+0100][info][gc,marking  ] GC(56) Concurrent Rebuild Remembered Sets and Scrub Regions 493.304ms
[2024-12-21T22:16:15.908+0100][info][gc,start    ] GC(56) Pause Cleanup
[2024-12-21T22:16:15.908+0100][info][gc          ] GC(56) Pause Cleanup 12058M->12058M(12288M) 0.733ms
[2024-12-21T22:16:15.908+0100][info][gc,cpu      ] GC(56) User=0.00s Sys=0.00s Real=0.00s
[2024-12-21T22:16:15.908+0100][info][gc,marking  ] GC(56) Concurrent Clear Claimed Marks
[2024-12-21T22:16:15.908+0100][info][gc,marking  ] GC(56) Concurrent Clear Claimed Marks 0.082ms
[2024-12-21T22:16:15.908+0100][info][gc,marking  ] GC(56) Concurrent Cleanup for Next Mark
[2024-12-21T22:16:15.922+0100][info][gc,marking  ] GC(56) Concurrent Cleanup for Next Mark 12.772ms
[2024-12-21T22:16:15.922+0100][info][gc          ] GC(56) Concurrent Mark Cycle 5134.195ms
[2024-12-21T22:16:15.939+0100][info][gc,start    ] GC(58) Pause Young (Prepare Mixed) (G1 Evacuation Pause)
[2024-12-21T22:16:15.939+0100][info][gc,task     ] GC(58) Using 15 workers of 15 for evacuation
[2024-12-21T22:16:15.971+0100][info][gc,phases   ] GC(58)   Pre Evacuate Collection Set: 0.34ms
[2024-12-21T22:16:15.971+0100][info][gc,phases   ] GC(58)   Merge Heap Roots: 0.21ms
[2024-12-21T22:16:15.971+0100][info][gc,phases   ] GC(58)   Evacuate Collection Set: 27.24ms
[2024-12-21T22:16:15.971+0100][info][gc,phases   ] GC(58)   Post Evacuate Collection Set: 1.34ms
[2024-12-21T22:16:15.971+0100][info][gc,phases   ] GC(58)   Other: 0.13ms
[2024-12-21T22:16:15.971+0100][info][gc,heap     ] GC(58) Eden regions: 66->0(41)
[2024-12-21T22:16:15.971+0100][info][gc,heap     ] GC(58) Survivor regions: 10->10(10)
[2024-12-21T22:16:15.971+0100][info][gc,heap     ] GC(58) Old regions: 1428->1471
[2024-12-21T22:16:15.971+0100][info][gc,heap     ] GC(58) Humongous regions: 4->4
[2024-12-21T22:16:15.971+0100][info][gc,metaspace] GC(58) Metaspace: 53938K(54720K)->53938K(54720K) NonClass: 46276K(46720K)->46276K(46720K) Class: 7662K(8000K)->7662K(8000K)
[2024-12-21T22:16:15.971+0100][info][gc          ] GC(58) Pause Young (Prepare Mixed) (G1 Evacuation Pause) (Evacuation Failure: Allocation) 12062M->11880M(12288M) 29.505ms
[2024-12-21T22:16:15.971+0100][info][gc,cpu      ] GC(58) User=0.03s Sys=0.09s Real=0.03s
[2024-12-21T22:16:16.855+0100][info][gc,start    ] GC(59) Pause Young (Mixed) (G1 Evacuation Pause)
[2024-12-21T22:16:16.855+0100][info][gc,task     ] GC(59) Using 15 workers of 15 for evacuation
[2024-12-21T22:16:16.870+0100][info][gc,phases   ] GC(59)   Pre Evacuate Collection Set: 0.46ms
[2024-12-21T22:16:16.870+0100][info][gc,phases   ] GC(59)   Merge Heap Roots: 0.72ms
[2024-12-21T22:16:16.870+0100][info][gc,phases   ] GC(59)   Evacuate Collection Set: 11.77ms
[2024-12-21T22:16:16.870+0100][info][gc,phases   ] GC(59)   Post Evacuate Collection Set: 5.67ms
[2024-12-21T22:16:16.870+0100][info][gc,phases   ] GC(59)   Other: 0.07ms
[2024-12-21T22:16:16.870+0100][info][gc,heap     ] GC(59) Eden regions: 41->0(7)
[2024-12-21T22:16:16.870+0100][info][gc,heap     ] GC(59) Survivor regions: 10->4(7)
[2024-12-21T22:16:16.870+0100][info][gc,heap     ] GC(59) Old regions: 1471->1517
[2024-12-21T22:16:16.870+0100][info][gc,heap     ] GC(59) Humongous regions: 4->4
[2024-12-21T22:16:16.870+0100][info][gc,metaspace] GC(59) Metaspace: 53938K(54720K)->53938K(54720K) NonClass: 46276K(46720K)->46276K(46720K) Class: 7662K(8000K)->7662K(8000K)
[2024-12-21T22:16:16.870+0100][info][gc          ] GC(59) Pause Young (Mixed) (G1 Evacuation Pause) (Evacuation Failure: Allocation) 12208M->12200M(12288M) 18.906ms
[2024-12-21T22:16:16.870+0100][info][gc,cpu      ] GC(59) User=0.02s Sys=0.02s Real=0.01s
[2024-12-21T22:16:17.059+0100][info][gc,start    ] GC(60) Pause Young (Concurrent Start) (G1 Evacuation Pause)
[2024-12-21T22:16:17.059+0100][info][gc,task     ] GC(60) Using 15 workers of 15 for evacuation
[2024-12-21T22:16:17.075+0100][info][gc,phases   ] GC(60)   Pre Evacuate Collection Set: 0.54ms
[2024-12-21T22:16:17.075+0100][info][gc,phases   ] GC(60)   Merge Heap Roots: 0.68ms
[2024-12-21T22:16:17.075+0100][info][gc,phases   ] GC(60)   Evacuate Collection Set: 11.19ms
[2024-12-21T22:16:17.075+0100][info][gc,phases   ] GC(60)   Post Evacuate Collection Set: 2.39ms
[2024-12-21T22:16:17.075+0100][info][gc,phases   ] GC(60)   Other: 0.15ms
[2024-12-21T22:16:17.075+0100][info][gc,heap     ] GC(60) Eden regions: 7->0(12)
[2024-12-21T22:16:17.075+0100][info][gc,heap     ] GC(60) Survivor regions: 4->2(2)
[2024-12-21T22:16:17.075+0100][info][gc,heap     ] GC(60) Old regions: 1517->1516
[2024-12-21T22:16:17.075+0100][info][gc,heap     ] GC(60) Humongous regions: 4->4
[2024-12-21T22:16:17.075+0100][info][gc,metaspace] GC(60) Metaspace: 53938K(54720K)->53938K(54720K) NonClass: 46276K(46720K)->46276K(46720K) Class: 7662K(8000K)->7662K(8000K)
[2024-12-21T22:16:17.075+0100][info][gc          ] GC(60) Pause Young (Concurrent Start) (G1 Evacuation Pause) (Evacuation Failure: Allocation) 12256M->12176M(12288M) 15.205ms
[2024-12-21T22:16:17.075+0100][info][gc,cpu      ] GC(60) User=0.02s Sys=0.00s Real=0.02s
[2024-12-21T22:16:17.075+0100][info][gc          ] GC(61) Concurrent Mark Cycle
[2024-12-21T22:16:17.075+0100][info][gc,marking  ] GC(61) Concurrent Scan Root Regions
[2024-12-21T22:16:17.075+0100][info][gc,marking  ] GC(61) Concurrent Scan Root Regions 5.207ms
[2024-12-21T22:16:17.075+0100][info][gc,marking  ] GC(61) Concurrent Mark
[2024-12-21T22:16:17.075+0100][info][gc,marking  ] GC(61) Concurrent Mark From Roots
[2024-12-21T22:16:17.075+0100][info][gc,task     ] GC(61) Using 4 workers of 4 for marking
[2024-12-21T22:16:17.470+0100][info][gc,start    ] GC(62) Pause Young (Normal) (G1 Evacuation Pause)
[2024-12-21T22:16:17.470+0100][info][gc,task     ] GC(62) Using 15 workers of 15 for evacuation
[2024-12-21T22:16:17.486+0100][info][gc,phases   ] GC(62)   Pre Evacuate Collection Set: 0.55ms
[2024-12-21T22:16:17.486+0100][info][gc,phases   ] GC(62)   Merge Heap Roots: 0.26ms
[2024-12-21T22:16:17.486+0100][info][gc,phases   ] GC(62)   Evacuate Collection Set: 6.56ms
[2024-12-21T22:16:17.486+0100][info][gc,phases   ] GC(62)   Post Evacuate Collection Set: 3.29ms
[2024-12-21T22:16:17.486+0100][info][gc,phases   ] GC(62)   Other: 0.11ms
[2024-12-21T22:16:17.486+0100][info][gc,heap     ] GC(62) Eden regions: 12->0(4)
[2024-12-21T22:16:17.486+0100][info][gc,heap     ] GC(62) Survivor regions: 2->1(2)
[2024-12-21T22:16:17.486+0100][info][gc,heap     ] GC(62) Old regions: 1516->1526
[2024-12-21T22:16:17.486+0100][info][gc,heap     ] GC(62) Humongous regions: 4->4
[2024-12-21T22:16:17.486+0100][info][gc,metaspace] GC(62) Metaspace: 53938K(54720K)->53938K(54720K) NonClass: 46276K(46720K)->46276K(46720K) Class: 7662K(8000K)->7662K(8000K)
[2024-12-21T22:16:17.486+0100][info][gc          ] GC(62) Pause Young (Normal) (G1 Evacuation Pause) (Evacuation Failure: Allocation) 12272M->12248M(12288M) 11.085ms
[2024-12-21T22:16:17.486+0100][info][gc,cpu      ] GC(62) User=0.00s Sys=0.02s Real=0.02s
[2024-12-21T22:16:17.658+0100][info][gc,start    ] GC(63) Pause Young (Normal) (G1 Evacuation Pause)
[2024-12-21T22:16:17.658+0100][info][gc,task     ] GC(63) Using 15 workers of 15 for evacuation
[2024-12-21T22:16:17.677+0100][info][gc,phases   ] GC(63)   Pre Evacuate Collection Set: 0.47ms
[2024-12-21T22:16:17.677+0100][info][gc,phases   ] GC(63)   Merge Heap Roots: 0.23ms
[2024-12-21T22:16:17.677+0100][info][gc,phases   ] GC(63)   Evacuate Collection Set: 3.16ms
[2024-12-21T22:16:17.677+0100][info][gc,phases   ] GC(63)   Post Evacuate Collection Set: 3.14ms
[2024-12-21T22:16:17.677+0100][info][gc,phases   ] GC(63)   Other: 0.09ms
[2024-12-21T22:16:17.677+0100][info][gc,heap     ] GC(63) Eden regions: 4->0(0)
[2024-12-21T22:16:17.677+0100][info][gc,heap     ] GC(63) Survivor regions: 1->0(1)
[2024-12-21T22:16:17.677+0100][info][gc,heap     ] GC(63) Old regions: 1526->1532
[2024-12-21T22:16:17.677+0100][info][gc,heap     ] GC(63) Humongous regions: 4->4
[2024-12-21T22:16:17.677+0100][info][gc,metaspace] GC(63) Metaspace: 53938K(54720K)->53938K(54720K) NonClass: 46276K(46720K)->46276K(46720K) Class: 7662K(8000K)->7662K(8000K)
[2024-12-21T22:16:17.677+0100][info][gc          ] GC(63) Pause Young (Normal) (G1 Evacuation Pause) (Evacuation Failure: Allocation) 12280M->12288M(12288M) 7.363ms
[2024-12-21T22:16:17.677+0100][info][gc,cpu      ] GC(63) User=0.02s Sys=0.00s Real=0.02s
[2024-12-21T22:16:17.677+0100][info][gc,ergo     ] Attempting full compaction
[2024-12-21T22:16:17.677+0100][info][gc,start    ] GC(64) Pause Full (G1 Compaction Pause)
[2024-12-21T22:16:17.677+0100][info][gc,task     ] GC(64) Using 15 workers of 15 for full compaction
[2024-12-21T22:16:17.677+0100][info][gc,phases,start] GC(64) Phase 1: Mark live objects
[2024-12-21T22:16:17.864+0100][info][gc,phases      ] GC(64) Phase 1: Mark live objects 189.195ms
[2024-12-21T22:16:17.864+0100][info][gc,phases,start] GC(64) Phase 2: Prepare compaction
[2024-12-21T22:16:17.943+0100][info][gc,phases      ] GC(64) Phase 2: Prepare compaction 74.262ms
[2024-12-21T22:16:17.943+0100][info][gc,phases,start] GC(64) Phase 3: Adjust pointers
[2024-12-21T22:16:18.366+0100][info][gc,phases      ] GC(64) Phase 3: Adjust pointers 429.344ms
[2024-12-21T22:16:18.366+0100][info][gc,phases,start] GC(64) Phase 4: Compact heap
[2024-12-21T22:16:22.700+0100][info][gc,phases      ] GC(64) Phase 4: Compact heap 4325.514ms
[2024-12-21T22:16:22.700+0100][info][gc,phases,start] GC(64) Phase 5: Reset Metadata
[2024-12-21T22:16:27.507+0100][info][gc,phases      ] GC(64) Phase 5: Reset Metadata 4816.382ms
[2024-12-21T22:16:27.545+0100][info][gc,heap        ] GC(64) Eden regions: 0->0(76)
[2024-12-21T22:16:27.545+0100][info][gc,heap        ] GC(64) Survivor regions: 0->0(1)
[2024-12-21T22:16:27.545+0100][info][gc,heap        ] GC(64) Old regions: 1532->1378
[2024-12-21T22:16:27.545+0100][info][gc,heap        ] GC(64) Humongous regions: 4->4
[2024-12-21T22:16:27.545+0100][info][gc,metaspace   ] GC(64) Metaspace: 53938K(54720K)->53581K(54720K) NonClass: 46276K(46720K)->46009K(46720K) Class: 7662K(8000K)->7572K(8000K)
[2024-12-21T22:16:27.545+0100][info][gc             ] GC(64) Pause Full (G1 Compaction Pause) 12288M->11003M(12288M) 9873.734ms
[2024-12-21T22:16:27.545+0100][info][gc,cpu         ] GC(64) User=3.27s Sys=61.47s Real=9.87s
[2024-12-21T22:16:27.545+0100][info][gc,marking     ] GC(61) Concurrent Mark From Roots 10467.785ms
[2024-12-21T22:16:27.545+0100][info][gc,marking     ] GC(61) Concurrent Mark Abort
[2024-12-21T22:16:27.545+0100][info][gc             ] GC(61) Concurrent Mark Cycle 10473.265ms
[2024-12-21T22:16:29.873+0100][info][gc,start       ] GC(65) Pause Young (Normal) (G1 Evacuation Pause)
[2024-12-21T22:16:29.873+0100][info][gc,task        ] GC(65) Using 15 workers of 15 for evacuation
[2024-12-21T22:16:29.904+0100][info][gc,phases      ] GC(65)   Pre Evacuate Collection Set: 0.24ms
[2024-12-21T22:16:29.904+0100][info][gc,phases      ] GC(65)   Merge Heap Roots: 0.17ms
[2024-12-21T22:16:29.904+0100][info][gc,phases      ] GC(65)   Evacuate Collection Set: 27.99ms
[2024-12-21T22:16:29.904+0100][info][gc,phases      ] GC(65)   Post Evacuate Collection Set: 0.60ms
[2024-12-21T22:16:29.904+0100][info][gc,phases      ] GC(65)   Other: 0.09ms
[2024-12-21T22:16:29.904+0100][info][gc,heap        ] GC(65) Eden regions: 76->0(66)
[2024-12-21T22:16:29.904+0100][info][gc,heap        ] GC(65) Survivor regions: 0->10(10)
[2024-12-21T22:16:29.904+0100][info][gc,heap        ] GC(65) Old regions: 1378->1393
[2024-12-21T22:16:29.904+0100][info][gc,heap        ] GC(65) Humongous regions: 4->4
[2024-12-21T22:16:29.904+0100][info][gc,metaspace   ] GC(65) Metaspace: 53686K(54784K)->53686K(54784K) NonClass: 46088K(46784K)->46088K(46784K) Class: 7598K(8000K)->7598K(8000K)
[2024-12-21T22:16:29.904+0100][info][gc             ] GC(65) Pause Young (Normal) (G1 Evacuation Pause) 11611M->11198M(12288M) 29.295ms
[2024-12-21T22:16:29.904+0100][info][gc,cpu         ] GC(65) User=0.02s Sys=0.05s Real=0.03s
[2024-12-21T22:16:31.291+0100][info][gc,start       ] GC(66) Pause Young (Concurrent Start) (G1 Evacuation Pause)
[2024-12-21T22:16:31.291+0100][info][gc,task        ] GC(66) Using 15 workers of 15 for evacuation
[2024-12-21T22:16:31.306+0100][info][gc,phases      ] GC(66)   Pre Evacuate Collection Set: 0.67ms
[2024-12-21T22:16:31.306+0100][info][gc,phases      ] GC(66)   Merge Heap Roots: 0.25ms
[2024-12-21T22:16:31.306+0100][info][gc,phases      ] GC(66)   Evacuate Collection Set: 20.79ms
[2024-12-21T22:16:31.306+0100][info][gc,phases      ] GC(66)   Post Evacuate Collection Set: 0.87ms
[2024-12-21T22:16:31.306+0100][info][gc,phases      ] GC(66)   Other: 0.14ms
[2024-12-21T22:16:31.306+0100][info][gc,heap        ] GC(66) Eden regions: 66->0(66)
[2024-12-21T22:16:31.306+0100][info][gc,heap        ] GC(66) Survivor regions: 10->10(10)
[2024-12-21T22:16:31.306+0100][info][gc,heap        ] GC(66) Old regions: 1393->1414
[2024-12-21T22:16:31.306+0100][info][gc,heap        ] GC(66) Humongous regions: 4->4
[2024-12-21T22:16:31.306+0100][info][gc,metaspace   ] GC(66) Metaspace: 53690K(54784K)->53690K(54784K) NonClass: 46091K(46784K)->46091K(46784K) Class: 7599K(8000K)->7599K(8000K)
[2024-12-21T22:16:31.306+0100][info][gc             ] GC(66) Pause Young (Concurrent Start) (G1 Evacuation Pause) 11726M->11370M(12288M) 22.931ms
[2024-12-21T22:16:31.306+0100][info][gc             ] GC(67) Concurrent Mark Cycle
[2024-12-21T22:16:31.306+0100][info][gc,cpu         ] GC(66) User=0.06s Sys=0.06s Real=0.02s
[2024-12-21T22:16:31.306+0100][info][gc,marking     ] GC(67) Concurrent Scan Root Regions
[2024-12-21T22:16:31.306+0100][info][gc,marking     ] GC(67) Concurrent Scan Root Regions 2.993ms
[2024-12-21T22:16:31.306+0100][info][gc,marking     ] GC(67) Concurrent Mark
[2024-12-21T22:16:31.306+0100][info][gc,marking     ] GC(67) Concurrent Mark From Roots
[2024-12-21T22:16:31.306+0100][info][gc,task        ] GC(67) Using 4 workers of 4 for marking
[2024-12-21T22:16:33.662+0100][info][gc,start       ] GC(68) Pause Young (Normal) (G1 Evacuation Pause)
[2024-12-21T22:16:33.662+0100][info][gc,task        ] GC(68) Using 15 workers of 15 for evacuation
[2024-12-21T22:16:33.803+0100][info][gc,phases      ] GC(68)   Pre Evacuate Collection Set: 0.53ms
[2024-12-21T22:16:33.803+0100][info][gc,phases      ] GC(68)   Merge Heap Roots: 0.23ms
[2024-12-21T22:16:33.803+0100][info][gc,phases      ] GC(68)   Evacuate Collection Set: 138.10ms
[2024-12-21T22:16:33.803+0100][info][gc,phases      ] GC(68)   Post Evacuate Collection Set: 0.66ms
[2024-12-21T22:16:33.803+0100][info][gc,phases      ] GC(68)   Other: 0.11ms
[2024-12-21T22:16:33.803+0100][info][gc,heap        ] GC(68) Eden regions: 66->0(66)
[2024-12-21T22:16:33.803+0100][info][gc,heap        ] GC(68) Survivor regions: 10->10(10)
[2024-12-21T22:16:33.803+0100][info][gc,heap        ] GC(68) Old regions: 1414->1434
[2024-12-21T22:16:33.803+0100][info][gc,heap        ] GC(68) Humongous regions: 4->4
[2024-12-21T22:16:33.803+0100][info][gc,metaspace   ] GC(68) Metaspace: 53690K(54784K)->53690K(54784K) NonClass: 46091K(46784K)->46091K(46784K) Class: 7599K(8000K)->7599K(8000K)
[2024-12-21T22:16:33.803+0100][info][gc             ] GC(68) Pause Young (Normal) (G1 Evacuation Pause) 11898M->11530M(12288M) 139.935ms
[2024-12-21T22:16:33.803+0100][info][gc,cpu         ] GC(68) User=0.05s Sys=1.55s Real=0.14s
[2024-12-21T22:16:35.930+0100][info][gc,marking     ] GC(67) Concurrent Mark From Roots 4626.866ms
[2024-12-21T22:16:35.930+0100][info][gc,marking     ] GC(67) Concurrent Preclean
[2024-12-21T22:16:35.930+0100][info][gc,marking     ] GC(67) Concurrent Preclean 0.477ms
[2024-12-21T22:16:35.961+0100][info][gc,start       ] GC(67) Pause Remark
[2024-12-21T22:16:35.977+0100][info][gc             ] GC(67) Pause Remark 12006M->12006M(12288M) 24.457ms
[2024-12-21T22:16:35.977+0100][info][gc,cpu         ] GC(67) User=0.00s Sys=0.00s Real=0.02s
[2024-12-21T22:16:35.977+0100][info][gc,marking     ] GC(67) Concurrent Mark 4668.602ms
[2024-12-21T22:16:35.977+0100][info][gc,marking     ] GC(67) Concurrent Rebuild Remembered Sets and Scrub Regions
[2024-12-21T22:16:36.297+0100][info][gc,start       ] GC(69) Pause Young (Normal) (G1 Evacuation Pause)
[2024-12-21T22:16:36.297+0100][info][gc,task        ] GC(69) Using 15 workers of 15 for evacuation
[2024-12-21T22:16:36.363+0100][info][gc,phases      ] GC(69)   Pre Evacuate Collection Set: 0.40ms
[2024-12-21T22:16:36.363+0100][info][gc,phases      ] GC(69)   Merge Heap Roots: 0.28ms
[2024-12-21T22:16:36.363+0100][info][gc,phases      ] GC(69)   Evacuate Collection Set: 57.12ms
[2024-12-21T22:16:36.363+0100][info][gc,phases      ] GC(69)   Post Evacuate Collection Set: 8.60ms
[2024-12-21T22:16:36.363+0100][info][gc,phases      ] GC(69)   Other: 0.10ms
[2024-12-21T22:16:36.363+0100][info][gc,heap        ] GC(69) Eden regions: 66->0(17)
[2024-12-21T22:16:36.363+0100][info][gc,heap        ] GC(69) Survivor regions: 10->10(10)
[2024-12-21T22:16:36.363+0100][info][gc,heap        ] GC(69) Old regions: 1434->1495
[2024-12-21T22:16:36.363+0100][info][gc,heap        ] GC(69) Humongous regions: 4->4
[2024-12-21T22:16:36.363+0100][info][gc,metaspace   ] GC(69) Metaspace: 53697K(54784K)->53697K(54784K) NonClass: 46096K(46784K)->46096K(46784K) Class: 7600K(8000K)->7600K(8000K)
[2024-12-21T22:16:36.363+0100][info][gc             ] GC(69) Pause Young (Normal) (G1 Evacuation Pause) (Evacuation Failure: Allocation) 12058M->12019M(12288M) 66.800ms
[2024-12-21T22:16:36.363+0100][info][gc,cpu         ] GC(69) User=0.03s Sys=0.09s Real=0.07s
[2024-12-21T22:16:36.928+0100][info][gc,start       ] GC(70) Pause Young (Normal) (G1 Evacuation Pause)
[2024-12-21T22:16:36.928+0100][info][gc,task        ] GC(70) Using 15 workers of 15 for evacuation
[2024-12-21T22:16:36.944+0100][info][gc,phases      ] GC(70)   Pre Evacuate Collection Set: 0.81ms
[2024-12-21T22:16:36.944+0100][info][gc,phases      ] GC(70)   Merge Heap Roots: 0.22ms
[2024-12-21T22:16:36.944+0100][info][gc,phases      ] GC(70)   Evacuate Collection Set: 7.32ms
[2024-12-21T22:16:36.944+0100][info][gc,phases      ] GC(70)   Post Evacuate Collection Set: 4.20ms
[2024-12-21T22:16:36.944+0100][info][gc,phases      ] GC(70)   Other: 0.09ms
[2024-12-21T22:16:36.944+0100][info][gc,heap        ] GC(70) Eden regions: 17->0(16)
[2024-12-21T22:16:36.944+0100][info][gc,heap        ] GC(70) Survivor regions: 10->3(4)
[2024-12-21T22:16:36.944+0100][info][gc,heap        ] GC(70) Old regions: 1495->1510
[2024-12-21T22:16:36.944+0100][info][gc,heap        ] GC(70) Humongous regions: 4->4
[2024-12-21T22:16:36.944+0100][info][gc,metaspace   ] GC(70) Metaspace: 53697K(54784K)->53697K(54784K) NonClass: 46096K(46784K)->46096K(46784K) Class: 7600K(8000K)->7600K(8000K)
[2024-12-21T22:16:36.944+0100][info][gc             ] GC(70) Pause Young (Normal) (G1 Evacuation Pause) (Evacuation Failure: Allocation) 12155M->12083M(12288M) 12.954ms
[2024-12-21T22:16:36.944+0100][info][gc,cpu         ] GC(70) User=0.02s Sys=0.00s Real=0.02s
[2024-12-21T22:16:37.608+0100][info][gc,start       ] GC(71) Pause Young (Normal) (G1 Evacuation Pause)
[2024-12-21T22:16:37.608+0100][info][gc,task        ] GC(71) Using 15 workers of 15 for evacuation
[2024-12-21T22:16:37.608+0100][info][gc,phases      ] GC(71)   Pre Evacuate Collection Set: 0.34ms
[2024-12-21T22:16:37.608+0100][info][gc,phases      ] GC(71)   Merge Heap Roots: 0.14ms
[2024-12-21T22:16:37.608+0100][info][gc,phases      ] GC(71)   Evacuate Collection Set: 5.47ms
[2024-12-21T22:16:37.608+0100][info][gc,phases      ] GC(71)   Post Evacuate Collection Set: 6.11ms
[2024-12-21T22:16:37.608+0100][info][gc,phases      ] GC(71)   Other: 0.08ms
[2024-12-21T22:16:37.608+0100][info][gc,heap        ] GC(71) Eden regions: 16->0(5)
[2024-12-21T22:16:37.608+0100][info][gc,heap        ] GC(71) Survivor regions: 3->1(3)
[2024-12-21T22:16:37.608+0100][info][gc,heap        ] GC(71) Old regions: 1510->1525
[2024-12-21T22:16:37.608+0100][info][gc,heap        ] GC(71) Humongous regions: 4->4
[2024-12-21T22:16:37.608+0100][info][gc,metaspace   ] GC(71) Metaspace: 53697K(54784K)->53697K(54784K) NonClass: 46096K(46784K)->46096K(46784K) Class: 7600K(8000K)->7600K(8000K)
[2024-12-21T22:16:37.608+0100][info][gc             ] GC(71) Pause Young (Normal) (G1 Evacuation Pause) (Evacuation Failure: Allocation) 12211M->12187M(12288M) 12.427ms
[2024-12-21T22:16:37.608+0100][info][gc,cpu         ] GC(71) User=0.00s Sys=0.00s Real=0.00s
[2024-12-21T22:16:37.875+0100][info][gc,start       ] GC(72) Pause Young (Normal) (G1 Evacuation Pause)
[2024-12-21T22:16:37.875+0100][info][gc,task        ] GC(72) Using 15 workers of 15 for evacuation
[2024-12-21T22:16:37.875+0100][info][gc,phases      ] GC(72)   Pre Evacuate Collection Set: 0.33ms
[2024-12-21T22:16:37.875+0100][info][gc,phases      ] GC(72)   Merge Heap Roots: 0.28ms
[2024-12-21T22:16:37.875+0100][info][gc,phases      ] GC(72)   Evacuate Collection Set: 2.65ms
[2024-12-21T22:16:37.875+0100][info][gc,phases      ] GC(72)   Post Evacuate Collection Set: 2.71ms
[2024-12-21T22:16:37.875+0100][info][gc,phases      ] GC(72)   Other: 0.07ms
[2024-12-21T22:16:37.875+0100][info][gc,heap        ] GC(72) Eden regions: 5->0(0)
[2024-12-21T22:16:37.875+0100][info][gc,heap        ] GC(72) Survivor regions: 1->1(1)
[2024-12-21T22:16:37.875+0100][info][gc,heap        ] GC(72) Old regions: 1525->1531
[2024-12-21T22:16:37.875+0100][info][gc,heap        ] GC(72) Humongous regions: 4->4
[2024-12-21T22:16:37.875+0100][info][gc,metaspace   ] GC(72) Metaspace: 53702K(54784K)->53702K(54784K) NonClass: 46101K(46784K)->46101K(46784K) Class: 7600K(8000K)->7600K(8000K)
[2024-12-21T22:16:37.875+0100][info][gc             ] GC(72) Pause Young (Normal) (G1 Evacuation Pause) (Evacuation Failure: Allocation) 12227M->12235M(12288M) 6.302ms
[2024-12-21T22:16:37.875+0100][info][gc,cpu         ] GC(72) User=0.00s Sys=0.00s Real=0.00s
[2024-12-21T22:16:37.875+0100][info][gc,ergo        ] Attempting full compaction
[2024-12-21T22:16:37.875+0100][info][gc,start       ] GC(73) Pause Full (G1 Compaction Pause)
[2024-12-21T22:16:37.875+0100][info][gc,task        ] GC(73) Using 15 workers of 15 for full compaction
[2024-12-21T22:16:37.875+0100][info][gc,phases,start] GC(73) Phase 1: Mark live objects
[2024-12-21T22:16:42.325+0100][info][gc,phases      ] GC(73) Phase 1: Mark live objects 4440.649ms
[2024-12-21T22:16:42.325+0100][info][gc,phases,start] GC(73) Phase 2: Prepare compaction
[2024-12-21T22:16:42.325+0100][info][gc,phases      ] GC(73) Phase 2: Prepare compaction 7.190ms
[2024-12-21T22:16:42.325+0100][info][gc,phases,start] GC(73) Phase 3: Adjust pointers
[2024-12-21T22:16:42.528+0100][info][gc,phases      ] GC(73) Phase 3: Adjust pointers 205.028ms
[2024-12-21T22:16:42.528+0100][info][gc,phases,start] GC(73) Phase 4: Compact heap
[2024-12-21T22:16:42.764+0100][info][gc,phases      ] GC(73) Phase 4: Compact heap 228.738ms
[2024-12-21T22:16:42.764+0100][info][gc,phases,start] GC(73) Phase 5: Reset Metadata
[2024-12-21T22:16:42.889+0100][info][gc,phases      ] GC(73) Phase 5: Reset Metadata 133.731ms
[2024-12-21T22:16:42.905+0100][info][gc,heap        ] GC(73) Eden regions: 0->0(70)
[2024-12-21T22:16:42.905+0100][info][gc,heap        ] GC(73) Survivor regions: 1->0(1)
[2024-12-21T22:16:42.905+0100][info][gc,heap        ] GC(73) Old regions: 1531->1462
[2024-12-21T22:16:42.905+0100][info][gc,heap        ] GC(73) Humongous regions: 4->4
[2024-12-21T22:16:42.905+0100][info][gc,metaspace   ] GC(73) Metaspace: 53702K(54784K)->53700K(54784K) NonClass: 46101K(46784K)->46100K(46784K) Class: 7600K(8000K)->7600K(8000K)
[2024-12-21T22:16:42.905+0100][info][gc             ] GC(73) Pause Full (G1 Compaction Pause) 12235M->11670M(12288M) 5033.521ms
[2024-12-21T22:16:42.905+0100][info][gc,cpu         ] GC(73) User=1.97s Sys=32.11s Real=5.03s
[2024-12-21T22:16:42.905+0100][info][gc,marking     ] GC(67) Concurrent Rebuild Remembered Sets and Scrub Regions 6929.105ms
[2024-12-21T22:16:42.905+0100][info][gc,marking     ] GC(67) Concurrent Mark Abort
[2024-12-21T22:16:42.905+0100][info][gc             ] GC(67) Concurrent Mark Cycle 11600.920ms
[2024-12-21T22:16:45.636+0100][info][gc,start       ] GC(74) Pause Young (Normal) (G1 Evacuation Pause)
[2024-12-21T22:16:45.636+0100][info][gc,task        ] GC(74) Using 15 workers of 15 for evacuation
[2024-12-21T22:16:45.651+0100][info][gc,phases      ] GC(74)   Pre Evacuate Collection Set: 0.65ms
[2024-12-21T22:16:45.651+0100][info][gc,phases      ] GC(74)   Merge Heap Roots: 0.86ms
[2024-12-21T22:16:45.651+0100][info][gc,phases      ] GC(74)   Evacuate Collection Set: 8.44ms
[2024-12-21T22:16:45.651+0100][info][gc,phases      ] GC(74)   Post Evacuate Collection Set: 4.46ms
[2024-12-21T22:16:45.651+0100][info][gc,phases      ] GC(74)   Other: 0.37ms
[2024-12-21T22:16:45.651+0100][info][gc,heap        ] GC(74) Eden regions: 70->0(0)
[2024-12-21T22:16:45.651+0100][info][gc,heap        ] GC(74) Survivor regions: 0->0(0)
[2024-12-21T22:16:45.651+0100][info][gc,heap        ] GC(74) Old regions: 1462->1532
[2024-12-21T22:16:45.651+0100][info][gc,heap        ] GC(74) Humongous regions: 4->4
[2024-12-21T22:16:45.651+0100][info][gc,metaspace   ] GC(74) Metaspace: 53702K(54784K)->53702K(54784K) NonClass: 46101K(46784K)->46101K(46784K) Class: 7600K(8000K)->7600K(8000K)
[2024-12-21T22:16:45.651+0100][info][gc             ] GC(74) Pause Young (Normal) (G1 Evacuation Pause) (Evacuation Failure: Allocation) 12230M->12230M(12288M) 15.035ms
[2024-12-21T22:16:45.651+0100][info][gc,cpu         ] GC(74) User=0.02s Sys=0.02s Real=0.02s
[2024-12-21T22:16:45.651+0100][info][gc,ergo        ] Attempting full compaction
[2024-12-21T22:16:45.651+0100][info][gc,start       ] GC(75) Pause Full (G1 Compaction Pause)
[2024-12-21T22:16:45.651+0100][info][gc,task        ] GC(75) Using 15 workers of 15 for full compaction
[2024-12-21T22:16:45.651+0100][info][gc,phases,start] GC(75) Phase 1: Mark live objects
[2024-12-21T22:16:45.824+0100][info][gc,phases      ] GC(75) Phase 1: Mark live objects 169.174ms
[2024-12-21T22:16:45.824+0100][info][gc,phases,start] GC(75) Phase 2: Prepare compaction
[2024-12-21T22:16:45.824+0100][info][gc,phases      ] GC(75) Phase 2: Prepare compaction 3.706ms
[2024-12-21T22:16:45.824+0100][info][gc,phases,start] GC(75) Phase 3: Adjust pointers
[2024-12-21T22:16:45.902+0100][info][gc,phases      ] GC(75) Phase 3: Adjust pointers 78.859ms
[2024-12-21T22:16:45.902+0100][info][gc,phases,start] GC(75) Phase 4: Compact heap
[2024-12-21T22:16:45.918+0100][info][gc,phases      ] GC(75) Phase 4: Compact heap 18.113ms
[2024-12-21T22:16:45.918+0100][info][gc,phases,start] GC(75) Phase 5: Reset Metadata
[2024-12-21T22:16:45.997+0100][info][gc,phases      ] GC(75) Phase 5: Reset Metadata 72.714ms
[2024-12-21T22:16:46.012+0100][info][gc,heap        ] GC(75) Eden regions: 0->0(49)
[2024-12-21T22:16:46.012+0100][info][gc,heap        ] GC(75) Survivor regions: 0->0(0)
[2024-12-21T22:16:46.012+0100][info][gc,heap        ] GC(75) Old regions: 1532->1483
[2024-12-21T22:16:46.012+0100][info][gc,heap        ] GC(75) Humongous regions: 4->4
[2024-12-21T22:16:46.012+0100][info][gc,metaspace   ] GC(75) Metaspace: 53702K(54784K)->53702K(54784K) NonClass: 46101K(46784K)->46101K(46784K) Class: 7600K(8000K)->7600K(8000K)
[2024-12-21T22:16:46.012+0100][info][gc             ] GC(75) Pause Full (G1 Compaction Pause) 12230M->11831M(12288M) 353.252ms
[2024-12-21T22:16:46.012+0100][info][gc,cpu         ] GC(75) User=2.70s Sys=0.12s Real=0.36s
[2024-12-21T22:16:48.295+0100][info][gc,start       ] GC(76) Pause Young (Concurrent Start) (G1 Evacuation Pause)
[2024-12-21T22:16:48.295+0100][info][gc,task        ] GC(76) Using 15 workers of 15 for evacuation
[2024-12-21T22:16:48.359+0100][info][gc,phases      ] GC(76)   Pre Evacuate Collection Set: 1.78ms
[2024-12-21T22:16:48.359+0100][info][gc,phases      ] GC(76)   Merge Heap Roots: 0.13ms
[2024-12-21T22:16:48.359+0100][info][gc,phases      ] GC(76)   Evacuate Collection Set: 40.68ms
[2024-12-21T22:16:48.359+0100][info][gc,phases      ] GC(76)   Post Evacuate Collection Set: 8.35ms
[2024-12-21T22:16:48.359+0100][info][gc,phases      ] GC(76)   Other: 0.15ms
[2024-12-21T22:16:48.359+0100][info][gc,heap        ] GC(76) Eden regions: 49->0(0)
[2024-12-21T22:16:48.359+0100][info][gc,heap        ] GC(76) Survivor regions: 0->0(0)
[2024-12-21T22:16:48.359+0100][info][gc,heap        ] GC(76) Old regions: 1483->1532
[2024-12-21T22:16:48.359+0100][info][gc,heap        ] GC(76) Humongous regions: 4->4
[2024-12-21T22:16:48.359+0100][info][gc,metaspace   ] GC(76) Metaspace: 53728K(54784K)->53728K(54784K) NonClass: 46121K(46784K)->46121K(46784K) Class: 7606K(8000K)->7606K(8000K)
[2024-12-21T22:16:48.359+0100][info][gc             ] GC(76) Pause Young (Concurrent Start) (G1 Evacuation Pause) (Evacuation Failure: Allocation) 12223M->12223M(12288M) 51.698ms
[2024-12-21T22:16:48.359+0100][info][gc,cpu         ] GC(76) User=0.03s Sys=0.06s Real=0.06s
[2024-12-21T22:16:48.359+0100][info][gc             ] GC(77) Concurrent Mark Cycle
[2024-12-21T22:16:48.359+0100][info][gc,ergo        ] Attempting full compaction
[2024-12-21T22:16:48.359+0100][info][gc,marking     ] GC(77) Concurrent Scan Root Regions
[2024-12-21T22:16:48.359+0100][info][gc,start       ] GC(78) Pause Full (G1 Compaction Pause)
[2024-12-21T22:16:48.359+0100][info][gc,task        ] GC(78) Using 15 workers of 15 for full compaction
[2024-12-21T22:16:48.359+0100][info][gc,marking     ] GC(77) Concurrent Scan Root Regions 3.382ms
[2024-12-21T22:16:48.359+0100][info][gc,marking     ] GC(77) Concurrent Mark
[2024-12-21T22:16:48.359+0100][info][gc,marking     ] GC(77) Concurrent Mark From Roots
[2024-12-21T22:16:48.359+0100][info][gc,task        ] GC(77) Using 4 workers of 4 for marking
[2024-12-21T22:16:48.795+0100][info][gc,phases,start] GC(78) Phase 1: Mark live objects
[2024-12-21T22:16:51.197+0100][info][gc,phases      ] GC(78) Phase 1: Mark live objects 2413.012ms
[2024-12-21T22:16:51.197+0100][info][gc,phases,start] GC(78) Phase 2: Prepare compaction
[2024-12-21T22:16:51.197+0100][info][gc,phases      ] GC(78) Phase 2: Prepare compaction 3.543ms
[2024-12-21T22:16:51.197+0100][info][gc,phases,start] GC(78) Phase 3: Adjust pointers
[2024-12-21T22:16:51.402+0100][info][gc,phases      ] GC(78) Phase 3: Adjust pointers 198.264ms
[2024-12-21T22:16:51.402+0100][info][gc,phases,start] GC(78) Phase 4: Compact heap
[2024-12-21T22:16:51.433+0100][info][gc,phases      ] GC(78) Phase 4: Compact heap 26.881ms
[2024-12-21T22:16:51.433+0100][info][gc,phases,start] GC(78) Phase 5: Reset Metadata
[2024-12-21T22:16:51.512+0100][info][gc,phases      ] GC(78) Phase 5: Reset Metadata 77.287ms
[2024-12-21T22:16:51.512+0100][info][gc,heap        ] GC(78) Eden regions: 0->0(38)
[2024-12-21T22:16:51.512+0100][info][gc,heap        ] GC(78) Survivor regions: 0->0(0)
[2024-12-21T22:16:51.512+0100][info][gc,heap        ] GC(78) Old regions: 1532->1494
[2024-12-21T22:16:51.512+0100][info][gc,heap        ] GC(78) Humongous regions: 4->4
[2024-12-21T22:16:51.512+0100][info][gc,metaspace   ] GC(78) Metaspace: 53728K(54784K)->53728K(54784K) NonClass: 46121K(46784K)->46121K(46784K) Class: 7606K(8000K)->7606K(8000K)
[2024-12-21T22:16:51.512+0100][info][gc             ] GC(78) Pause Full (G1 Compaction Pause) 12223M->11932M(12288M) 3166.212ms
[2024-12-21T22:16:51.512+0100][info][gc,cpu         ] GC(78) User=2.80s Sys=4.53s Real=3.15s
[2024-12-21T22:16:51.512+0100][info][gc,marking     ] GC(77) Concurrent Mark From Roots 3163.165ms
[2024-12-21T22:16:51.512+0100][info][gc,marking     ] GC(77) Concurrent Mark Abort
[2024-12-21T22:16:51.512+0100][info][gc             ] GC(77) Concurrent Mark Cycle 3166.857ms
[2024-12-21T22:16:54.201+0100][info][gc,start       ] GC(79) Pause Young (Normal) (G1 Evacuation Pause)
[2024-12-21T22:16:54.201+0100][info][gc,task        ] GC(79) Using 15 workers of 15 for evacuation
[2024-12-21T22:16:54.212+0100][info][gc,phases      ] GC(79)   Pre Evacuate Collection Set: 1.40ms
[2024-12-21T22:16:54.212+0100][info][gc,phases      ] GC(79)   Merge Heap Roots: 0.24ms
[2024-12-21T22:16:54.212+0100][info][gc,phases      ] GC(79)   Evacuate Collection Set: 5.81ms
[2024-12-21T22:16:54.212+0100][info][gc,phases      ] GC(79)   Post Evacuate Collection Set: 4.74ms
[2024-12-21T22:16:54.212+0100][info][gc,phases      ] GC(79)   Other: 0.49ms
[2024-12-21T22:16:54.212+0100][info][gc,heap        ] GC(79) Eden regions: 38->0(0)
[2024-12-21T22:16:54.212+0100][info][gc,heap        ] GC(79) Survivor regions: 0->0(0)
[2024-12-21T22:16:54.212+0100][info][gc,heap        ] GC(79) Old regions: 1494->1532
[2024-12-21T22:16:54.212+0100][info][gc,heap        ] GC(79) Humongous regions: 4->4
[2024-12-21T22:16:54.212+0100][info][gc,metaspace   ] GC(79) Metaspace: 53728K(54784K)->53728K(54784K) NonClass: 46122K(46784K)->46122K(46784K) Class: 7606K(8000K)->7606K(8000K)
[2024-12-21T22:16:54.212+0100][info][gc             ] GC(79) Pause Young (Normal) (G1 Evacuation Pause) (Evacuation Failure: Allocation) 12236M->12236M(12288M) 13.073ms
[2024-12-21T22:16:54.212+0100][info][gc,cpu         ] GC(79) User=0.00s Sys=0.00s Real=0.01s
[2024-12-21T22:16:54.212+0100][info][gc,ergo        ] Attempting full compaction
[2024-12-21T22:16:54.212+0100][info][gc,start       ] GC(80) Pause Full (G1 Compaction Pause)
[2024-12-21T22:16:54.212+0100][info][gc,task        ] GC(80) Using 15 workers of 15 for full compaction
[2024-12-21T22:16:54.212+0100][info][gc,phases,start] GC(80) Phase 1: Mark live objects
[2024-12-21T22:16:55.202+0100][info][gc,phases      ] GC(80) Phase 1: Mark live objects 993.007ms
[2024-12-21T22:16:55.202+0100][info][gc,phases,start] GC(80) Phase 2: Prepare compaction
[2024-12-21T22:16:55.202+0100][info][gc,phases      ] GC(80) Phase 2: Prepare compaction 3.854ms
[2024-12-21T22:16:55.202+0100][info][gc,phases,start] GC(80) Phase 3: Adjust pointers
[2024-12-21T22:16:56.942+0100][info][gc,phases      ] GC(80) Phase 3: Adjust pointers 1737.121ms
[2024-12-21T22:16:56.942+0100][info][gc,phases,start] GC(80) Phase 4: Compact heap
[2024-12-21T22:16:57.106+0100][info][gc,phases      ] GC(80) Phase 4: Compact heap 160.814ms
[2024-12-21T22:16:57.106+0100][info][gc,phases,start] GC(80) Phase 5: Reset Metadata
[2024-12-21T22:17:03.862+0100][info][gc,phases      ] GC(80) Phase 5: Reset Metadata 6752.631ms
[2024-12-21T22:17:03.956+0100][info][gc,heap        ] GC(80) Eden regions: 0->0(29)
[2024-12-21T22:17:03.956+0100][info][gc,heap        ] GC(80) Survivor regions: 0->0(0)
[2024-12-21T22:17:03.956+0100][info][gc,heap        ] GC(80) Old regions: 1532->1503
[2024-12-21T22:17:03.956+0100][info][gc,heap        ] GC(80) Humongous regions: 4->4
[2024-12-21T22:17:03.956+0100][info][gc,metaspace   ] GC(80) Metaspace: 53728K(54784K)->53728K(54784K) NonClass: 46122K(46784K)->46122K(46784K) Class: 7606K(8000K)->7606K(8000K)
[2024-12-21T22:17:03.956+0100][info][gc             ] GC(80) Pause Full (G1 Compaction Pause) 12236M->12001M(12288M) 9746.287ms
[2024-12-21T22:17:03.956+0100][info][gc,cpu         ] GC(80) User=2.11s Sys=58.88s Real=9.74s
[2024-12-21T22:17:05.032+0100][info][gc,start       ] GC(81) Pause Young (Concurrent Start) (G1 Evacuation Pause)
[2024-12-21T22:17:05.032+0100][info][gc,task        ] GC(81) Using 15 workers of 15 for evacuation
[2024-12-21T22:17:05.048+0100][info][gc,phases      ] GC(81)   Pre Evacuate Collection Set: 1.19ms
[2024-12-21T22:17:05.048+0100][info][gc,phases      ] GC(81)   Merge Heap Roots: 0.11ms
[2024-12-21T22:17:05.048+0100][info][gc,phases      ] GC(81)   Evacuate Collection Set: 4.65ms
[2024-12-21T22:17:05.048+0100][info][gc,phases      ] GC(81)   Post Evacuate Collection Set: 2.57ms
[2024-12-21T22:17:05.048+0100][info][gc,phases      ] GC(81)   Other: 0.21ms
[2024-12-21T22:17:05.048+0100][info][gc,heap        ] GC(81) Eden regions: 29->0(0)
[2024-12-21T22:17:05.048+0100][info][gc,heap        ] GC(81) Survivor regions: 0->0(0)
[2024-12-21T22:17:05.048+0100][info][gc,heap        ] GC(81) Old regions: 1503->1532
[2024-12-21T22:17:05.048+0100][info][gc,heap        ] GC(81) Humongous regions: 4->4
[2024-12-21T22:17:05.048+0100][info][gc,metaspace   ] GC(81) Metaspace: 53728K(54784K)->53728K(54784K) NonClass: 46122K(46784K)->46122K(46784K) Class: 7606K(8000K)->7606K(8000K)
[2024-12-21T22:17:05.048+0100][info][gc             ] GC(81) Pause Young (Concurrent Start) (G1 Evacuation Pause) (Evacuation Failure: Allocation) 12233M->12233M(12288M) 9.039ms
[2024-12-21T22:17:05.048+0100][info][gc             ] GC(82) Concurrent Mark Cycle
[2024-12-21T22:17:05.048+0100][info][gc,cpu         ] GC(81) User=0.00s Sys=0.00s Real=0.02s
[2024-12-21T22:17:05.048+0100][info][gc,marking     ] GC(82) Concurrent Scan Root Regions
[2024-12-21T22:17:05.048+0100][info][gc,ergo        ] Attempting full compaction
[2024-12-21T22:17:05.048+0100][info][gc,start       ] GC(83) Pause Full (G1 Compaction Pause)
[2024-12-21T22:17:05.048+0100][info][gc,task        ] GC(83) Using 15 workers of 15 for full compaction
[2024-12-21T22:17:05.048+0100][info][gc,marking     ] GC(82) Concurrent Scan Root Regions 1.058ms
[2024-12-21T22:17:05.048+0100][info][gc,marking     ] GC(82) Concurrent Mark
[2024-12-21T22:17:05.048+0100][info][gc,marking     ] GC(82) Concurrent Mark From Roots
[2024-12-21T22:17:05.048+0100][info][gc,task        ] GC(82) Using 4 workers of 4 for marking
[2024-12-21T22:17:05.048+0100][info][gc,phases,start] GC(83) Phase 1: Mark live objects
[2024-12-21T22:17:07.604+0100][info][gc,phases      ] GC(83) Phase 1: Mark live objects 2556.227ms
[2024-12-21T22:17:07.604+0100][info][gc,phases,start] GC(83) Phase 2: Prepare compaction
[2024-12-21T22:17:07.604+0100][info][gc,phases      ] GC(83) Phase 2: Prepare compaction 2.516ms
[2024-12-21T22:17:07.604+0100][info][gc,phases,start] GC(83) Phase 3: Adjust pointers
[2024-12-21T22:17:07.777+0100][info][gc,phases      ] GC(83) Phase 3: Adjust pointers 166.379ms
[2024-12-21T22:17:07.777+0100][info][gc,phases,start] GC(83) Phase 4: Compact heap
[2024-12-21T22:17:08.969+0100][info][gc,phases      ] GC(83) Phase 4: Compact heap 1194.092ms
[2024-12-21T22:17:08.969+0100][info][gc,phases,start] GC(83) Phase 5: Reset Metadata
[2024-12-21T22:17:10.333+0100][info][gc,phases      ] GC(83) Phase 5: Reset Metadata 1368.224ms
[2024-12-21T22:17:10.349+0100][info][gc,heap        ] GC(83) Eden regions: 0->0(18)
[2024-12-21T22:17:10.349+0100][info][gc,heap        ] GC(83) Survivor regions: 0->0(0)
[2024-12-21T22:17:10.349+0100][info][gc,heap        ] GC(83) Old regions: 1532->1514
[2024-12-21T22:17:10.349+0100][info][gc,heap        ] GC(83) Humongous regions: 4->4
[2024-12-21T22:17:10.349+0100][info][gc,metaspace   ] GC(83) Metaspace: 53728K(54784K)->53728K(54784K) NonClass: 46122K(46784K)->46122K(46784K) Class: 7606K(8000K)->7606K(8000K)
[2024-12-21T22:17:10.349+0100][info][gc             ] GC(83) Pause Full (G1 Compaction Pause) 12233M->12062M(12288M) 5305.970ms
[2024-12-21T22:17:10.349+0100][info][gc,cpu         ] GC(83) User=2.17s Sys=33.33s Real=5.30s
[2024-12-21T22:17:10.349+0100][info][gc,marking     ] GC(82) Concurrent Mark From Roots 5305.369ms
[2024-12-21T22:17:10.349+0100][info][gc,marking     ] GC(82) Concurrent Mark Abort
[2024-12-21T22:17:10.349+0100][info][gc             ] GC(82) Concurrent Mark Cycle 5306.596ms
[2024-12-21T22:17:11.217+0100][info][gc,start       ] GC(84) Pause Young (Normal) (G1 Evacuation Pause)
[2024-12-21T22:17:11.217+0100][info][gc,task        ] GC(84) Using 15 workers of 15 for evacuation
[2024-12-21T22:17:11.217+0100][info][gc,phases      ] GC(84)   Pre Evacuate Collection Set: 0.69ms
[2024-12-21T22:17:11.217+0100][info][gc,phases      ] GC(84)   Merge Heap Roots: 0.29ms
[2024-12-21T22:17:11.217+0100][info][gc,phases      ] GC(84)   Evacuate Collection Set: 3.13ms
[2024-12-21T22:17:11.217+0100][info][gc,phases      ] GC(84)   Post Evacuate Collection Set: 1.51ms
[2024-12-21T22:17:11.217+0100][info][gc,phases      ] GC(84)   Other: 0.14ms
[2024-12-21T22:17:11.217+0100][info][gc,heap        ] GC(84) Eden regions: 18->0(0)
[2024-12-21T22:17:11.217+0100][info][gc,heap        ] GC(84) Survivor regions: 0->0(0)
[2024-12-21T22:17:11.217+0100][info][gc,heap        ] GC(84) Old regions: 1514->1532
[2024-12-21T22:17:11.217+0100][info][gc,heap        ] GC(84) Humongous regions: 4->4
[2024-12-21T22:17:11.217+0100][info][gc,metaspace   ] GC(84) Metaspace: 53728K(54784K)->53728K(54784K) NonClass: 46122K(46784K)->46122K(46784K) Class: 7606K(8000K)->7606K(8000K)
[2024-12-21T22:17:11.217+0100][info][gc             ] GC(84) Pause Young (Normal) (G1 Evacuation Pause) (Evacuation Failure: Allocation) 12206M->12206M(12288M) 6.021ms
[2024-12-21T22:17:11.217+0100][info][gc,cpu         ] GC(84) User=0.00s Sys=0.00s Real=0.00s
[2024-12-21T22:17:11.217+0100][info][gc,ergo        ] Attempting full compaction
[2024-12-21T22:17:11.217+0100][info][gc,start       ] GC(85) Pause Full (G1 Compaction Pause)
[2024-12-21T22:17:11.217+0100][info][gc,task        ] GC(85) Using 15 workers of 15 for full compaction
[2024-12-21T22:17:11.217+0100][info][gc,phases,start] GC(85) Phase 1: Mark live objects
[2024-12-21T22:17:12.614+0100][info][gc,phases      ] GC(85) Phase 1: Mark live objects 1390.277ms
[2024-12-21T22:17:12.614+0100][info][gc,phases,start] GC(85) Phase 2: Prepare compaction
[2024-12-21T22:17:12.614+0100][info][gc,phases      ] GC(85) Phase 2: Prepare compaction 3.102ms
[2024-12-21T22:17:12.614+0100][info][gc,phases,start] GC(85) Phase 3: Adjust pointers
[2024-12-21T22:17:12.713+0100][info][gc,phases      ] GC(85) Phase 3: Adjust pointers 87.504ms
[2024-12-21T22:17:12.713+0100][info][gc,phases,start] GC(85) Phase 4: Compact heap
[2024-12-21T22:17:12.755+0100][info][gc,phases      ] GC(85) Phase 4: Compact heap 44.123ms
[2024-12-21T22:17:12.755+0100][info][gc,phases,start] GC(85) Phase 5: Reset Metadata
[2024-12-21T22:17:12.837+0100][info][gc,phases      ] GC(85) Phase 5: Reset Metadata 82.165ms
[2024-12-21T22:17:12.850+0100][info][gc,heap        ] GC(85) Eden regions: 0->0(15)
[2024-12-21T22:17:12.850+0100][info][gc,heap        ] GC(85) Survivor regions: 0->0(0)
[2024-12-21T22:17:12.850+0100][info][gc,heap        ] GC(85) Old regions: 1532->1517
[2024-12-21T22:17:12.850+0100][info][gc,heap        ] GC(85) Humongous regions: 4->4
[2024-12-21T22:17:12.850+0100][info][gc,metaspace   ] GC(85) Metaspace: 53728K(54784K)->53728K(54784K) NonClass: 46122K(46784K)->46122K(46784K) Class: 7606K(8000K)->7606K(8000K)
[2024-12-21T22:17:12.850+0100][info][gc             ] GC(85) Pause Full (G1 Compaction Pause) 12206M->12107M(12288M) 1618.671ms
[2024-12-21T22:17:12.850+0100][info][gc,cpu         ] GC(85) User=3.67s Sys=4.89s Real=1.63s
[2024-12-21T22:17:13.273+0100][info][gc,start       ] GC(86) Pause Young (Concurrent Start) (G1 Evacuation Pause)
[2024-12-21T22:17:13.273+0100][info][gc,task        ] GC(86) Using 15 workers of 15 for evacuation
[2024-12-21T22:17:13.273+0100][info][gc,phases      ] GC(86)   Pre Evacuate Collection Set: 0.84ms
[2024-12-21T22:17:13.273+0100][info][gc,phases      ] GC(86)   Merge Heap Roots: 0.16ms
[2024-12-21T22:17:13.273+0100][info][gc,phases      ] GC(86)   Evacuate Collection Set: 1.62ms
[2024-12-21T22:17:13.273+0100][info][gc,phases      ] GC(86)   Post Evacuate Collection Set: 2.81ms
[2024-12-21T22:17:13.273+0100][info][gc,phases      ] GC(86)   Other: 0.16ms
[2024-12-21T22:17:13.273+0100][info][gc,heap        ] GC(86) Eden regions: 15->0(0)
[2024-12-21T22:17:13.273+0100][info][gc,heap        ] GC(86) Survivor regions: 0->0(0)
[2024-12-21T22:17:13.273+0100][info][gc,heap        ] GC(86) Old regions: 1517->1532
[2024-12-21T22:17:13.273+0100][info][gc,heap        ] GC(86) Humongous regions: 4->4
[2024-12-21T22:17:13.273+0100][info][gc,metaspace   ] GC(86) Metaspace: 53728K(54784K)->53728K(54784K) NonClass: 46122K(46784K)->46122K(46784K) Class: 7606K(8000K)->7606K(8000K)
[2024-12-21T22:17:13.273+0100][info][gc             ] GC(86) Pause Young (Concurrent Start) (G1 Evacuation Pause) (Evacuation Failure: Allocation) 12227M->12227M(12288M) 6.223ms
[2024-12-21T22:17:13.273+0100][info][gc             ] GC(87) Concurrent Mark Cycle
[2024-12-21T22:17:13.273+0100][info][gc,cpu         ] GC(86) User=0.00s Sys=0.00s Real=0.00s
[2024-12-21T22:17:13.273+0100][info][gc,marking     ] GC(87) Concurrent Scan Root Regions
[2024-12-21T22:17:13.273+0100][info][gc,ergo        ] Attempting full compaction
[2024-12-21T22:17:13.273+0100][info][gc,start       ] GC(88) Pause Full (G1 Compaction Pause)
[2024-12-21T22:17:13.273+0100][info][gc,task        ] GC(88) Using 15 workers of 15 for full compaction
[2024-12-21T22:17:13.273+0100][info][gc,marking     ] GC(87) Concurrent Scan Root Regions 1.532ms
[2024-12-21T22:17:13.289+0100][info][gc,phases,start] GC(88) Phase 1: Mark live objects
[2024-12-21T22:17:13.446+0100][info][gc,phases      ] GC(88) Phase 1: Mark live objects 163.507ms
[2024-12-21T22:17:13.446+0100][info][gc,phases,start] GC(88) Phase 2: Prepare compaction
[2024-12-21T22:17:13.446+0100][info][gc,phases      ] GC(88) Phase 2: Prepare compaction 1.801ms
[2024-12-21T22:17:13.446+0100][info][gc,phases,start] GC(88) Phase 3: Adjust pointers
[2024-12-21T22:17:13.540+0100][info][gc,phases      ] GC(88) Phase 3: Adjust pointers 80.022ms
[2024-12-21T22:17:13.540+0100][info][gc,phases,start] GC(88) Phase 4: Compact heap
[2024-12-21T22:17:13.556+0100][info][gc,phases      ] GC(88) Phase 4: Compact heap 15.881ms
[2024-12-21T22:17:13.556+0100][info][gc,phases,start] GC(88) Phase 5: Reset Metadata
[2024-12-21T22:17:13.634+0100][info][gc,phases      ] GC(88) Phase 5: Reset Metadata 81.244ms
[2024-12-21T22:17:13.650+0100][info][gc,heap        ] GC(88) Eden regions: 0->0(13)
[2024-12-21T22:17:13.650+0100][info][gc,heap        ] GC(88) Survivor regions: 0->0(0)
[2024-12-21T22:17:13.650+0100][info][gc,heap        ] GC(88) Old regions: 1532->1519
[2024-12-21T22:17:13.650+0100][info][gc,heap        ] GC(88) Humongous regions: 4->4
[2024-12-21T22:17:13.650+0100][info][gc,metaspace   ] GC(88) Metaspace: 53728K(54784K)->53728K(54784K) NonClass: 46122K(46784K)->46122K(46784K) Class: 7606K(8000K)->7606K(8000K)
[2024-12-21T22:17:13.650+0100][info][gc             ] GC(88) Pause Full (G1 Compaction Pause) 12227M->12140M(12288M) 363.913ms
[2024-12-21T22:17:13.650+0100][info][gc,cpu         ] GC(88) User=3.77s Sys=0.02s Real=0.38s
[2024-12-21T22:17:13.650+0100][info][gc,marking     ] GC(87) Concurrent Mark Abort
[2024-12-21T22:17:13.650+0100][info][gc             ] GC(87) Concurrent Mark Cycle 364.294ms
[2024-12-21T22:17:14.011+0100][info][gc,start       ] GC(89) Pause Young (Normal) (G1 Evacuation Pause)
[2024-12-21T22:17:14.011+0100][info][gc,task        ] GC(89) Using 15 workers of 15 for evacuation
[2024-12-21T22:17:14.026+0100][info][gc,phases      ] GC(89)   Pre Evacuate Collection Set: 0.69ms
[2024-12-21T22:17:14.026+0100][info][gc,phases      ] GC(89)   Merge Heap Roots: 0.17ms
[2024-12-21T22:17:14.026+0100][info][gc,phases      ] GC(89)   Evacuate Collection Set: 1.48ms
[2024-12-21T22:17:14.026+0100][info][gc,phases      ] GC(89)   Post Evacuate Collection Set: 1.42ms
[2024-12-21T22:17:14.026+0100][info][gc,phases      ] GC(89)   Other: 0.08ms
[2024-12-21T22:17:14.026+0100][info][gc,heap        ] GC(89) Eden regions: 13->0(0)
[2024-12-21T22:17:14.026+0100][info][gc,heap        ] GC(89) Survivor regions: 0->0(0)
[2024-12-21T22:17:14.026+0100][info][gc,heap        ] GC(89) Old regions: 1519->1532
[2024-12-21T22:17:14.026+0100][info][gc,heap        ] GC(89) Humongous regions: 4->4
[2024-12-21T22:17:14.026+0100][info][gc,metaspace   ] GC(89) Metaspace: 53729K(54784K)->53729K(54784K) NonClass: 46122K(46784K)->46122K(46784K) Class: 7606K(8000K)->7606K(8000K)
[2024-12-21T22:17:14.026+0100][info][gc             ] GC(89) Pause Young (Normal) (G1 Evacuation Pause) (Evacuation Failure: Allocation) 12244M->12244M(12288M) 4.149ms
[2024-12-21T22:17:14.026+0100][info][gc,cpu         ] GC(89) User=0.02s Sys=0.02s Real=0.02s
[2024-12-21T22:17:14.026+0100][info][gc,ergo        ] Attempting full compaction
[2024-12-21T22:17:14.026+0100][info][gc,start       ] GC(90) Pause Full (G1 Compaction Pause)
[2024-12-21T22:17:14.026+0100][info][gc,task        ] GC(90) Using 15 workers of 15 for full compaction
[2024-12-21T22:17:14.026+0100][info][gc,phases,start] GC(90) Phase 1: Mark live objects
[2024-12-21T22:17:16.960+0100][info][gc,phases      ] GC(90) Phase 1: Mark live objects 2942.380ms
[2024-12-21T22:17:16.960+0100][info][gc,phases,start] GC(90) Phase 2: Prepare compaction
[2024-12-21T22:17:16.960+0100][info][gc,phases      ] GC(90) Phase 2: Prepare compaction 2.899ms
[2024-12-21T22:17:16.960+0100][info][gc,phases,start] GC(90) Phase 3: Adjust pointers
[2024-12-21T22:17:18.058+0100][info][gc,phases      ] GC(90) Phase 3: Adjust pointers 1088.266ms
[2024-12-21T22:17:18.058+0100][info][gc,phases,start] GC(90) Phase 4: Compact heap
[2024-12-21T22:17:18.073+0100][info][gc,phases      ] GC(90) Phase 4: Compact heap 24.207ms
[2024-12-21T22:17:18.073+0100][info][gc,phases,start] GC(90) Phase 5: Reset Metadata
[2024-12-21T22:17:18.167+0100][info][gc,phases      ] GC(90) Phase 5: Reset Metadata 87.774ms
[2024-12-21T22:17:18.183+0100][info][gc,heap        ] GC(90) Eden regions: 0->0(7)
[2024-12-21T22:17:18.183+0100][info][gc,heap        ] GC(90) Survivor regions: 0->0(0)
[2024-12-21T22:17:18.183+0100][info][gc,heap        ] GC(90) Old regions: 1532->1525
[2024-12-21T22:17:18.183+0100][info][gc,heap        ] GC(90) Humongous regions: 4->4
[2024-12-21T22:17:18.183+0100][info][gc,metaspace   ] GC(90) Metaspace: 53729K(54784K)->53680K(54784K) NonClass: 46122K(46784K)->46087K(46784K) Class: 7606K(8000K)->7593K(8000K)
[2024-12-21T22:17:18.183+0100][info][gc             ] GC(90) Pause Full (G1 Compaction Pause) 12244M->12165M(12288M) 4157.494ms
[2024-12-21T22:17:18.183+0100][info][gc,cpu         ] GC(90) User=4.02s Sys=36.61s Real=4.16s
[2024-12-21T22:17:18.391+0100][info][gc,start       ] GC(91) Pause Young (Concurrent Start) (G1 Evacuation Pause)
[2024-12-21T22:17:18.391+0100][info][gc,task        ] GC(91) Using 15 workers of 15 for evacuation
[2024-12-21T22:17:18.407+0100][info][gc,phases      ] GC(91)   Pre Evacuate Collection Set: 1.14ms
[2024-12-21T22:17:18.407+0100][info][gc,phases      ] GC(91)   Merge Heap Roots: 0.17ms
[2024-12-21T22:17:18.407+0100][info][gc,phases      ] GC(91)   Evacuate Collection Set: 1.24ms
[2024-12-21T22:17:18.407+0100][info][gc,phases      ] GC(91)   Post Evacuate Collection Set: 0.85ms
[2024-12-21T22:17:18.407+0100][info][gc,phases      ] GC(91)   Other: -0.01ms
[2024-12-21T22:17:18.407+0100][info][gc,heap        ] GC(91) Eden regions: 7->0(0)
[2024-12-21T22:17:18.407+0100][info][gc,heap        ] GC(91) Survivor regions: 0->0(0)
[2024-12-21T22:17:18.407+0100][info][gc,heap        ] GC(91) Old regions: 1525->1532
[2024-12-21T22:17:18.407+0100][info][gc,heap        ] GC(91) Humongous regions: 4->4
[2024-12-21T22:17:18.407+0100][info][gc,metaspace   ] GC(91) Metaspace: 53680K(54784K)->53680K(54784K) NonClass: 46087K(46784K)->46087K(46784K) Class: 7593K(8000K)->7593K(8000K)
[2024-12-21T22:17:18.407+0100][info][gc             ] GC(91) Pause Young (Concurrent Start) (G1 Evacuation Pause) (Evacuation Failure: Allocation) 12221M->12221M(12288M) 3.638ms
[2024-12-21T22:17:18.407+0100][info][gc,cpu         ] GC(91) User=0.00s Sys=0.00s Real=0.02s
[2024-12-21T22:17:18.407+0100][info][gc,ergo        ] Attempting full compaction
[2024-12-21T22:17:18.407+0100][info][gc,start       ] GC(92) Pause Full (G1 Compaction Pause)
[2024-12-21T22:17:18.407+0100][info][gc             ] GC(93) Concurrent Mark Cycle
[2024-12-21T22:17:18.407+0100][info][gc,task        ] GC(92) Using 15 workers of 15 for full compaction
[2024-12-21T22:17:18.407+0100][info][gc,marking     ] GC(93) Concurrent Scan Root Regions
[2024-12-21T22:17:18.407+0100][info][gc,marking     ] GC(93) Concurrent Scan Root Regions 1.346ms
[2024-12-21T22:17:18.407+0100][info][gc,marking     ] GC(93) Concurrent Mark
[2024-12-21T22:17:18.407+0100][info][gc,marking     ] GC(93) Concurrent Mark From Roots
[2024-12-21T22:17:18.407+0100][info][gc,task        ] GC(93) Using 4 workers of 4 for marking
[2024-12-21T22:17:18.407+0100][info][gc,phases,start] GC(92) Phase 1: Mark live objects
[2024-12-21T22:17:18.580+0100][info][gc,phases      ] GC(92) Phase 1: Mark live objects 173.306ms
[2024-12-21T22:17:18.580+0100][info][gc,phases,start] GC(92) Phase 2: Prepare compaction
[2024-12-21T22:17:18.580+0100][info][gc,phases      ] GC(92) Phase 2: Prepare compaction 1.555ms
[2024-12-21T22:17:18.580+0100][info][gc,phases,start] GC(92) Phase 3: Adjust pointers
[2024-12-21T22:17:18.674+0100][info][gc,phases      ] GC(92) Phase 3: Adjust pointers 86.806ms
[2024-12-21T22:17:18.674+0100][info][gc,phases,start] GC(92) Phase 4: Compact heap
[2024-12-21T22:17:18.674+0100][info][gc,phases      ] GC(92) Phase 4: Compact heap 13.002ms
[2024-12-21T22:17:18.674+0100][info][gc,phases,start] GC(92) Phase 5: Reset Metadata
[2024-12-21T22:17:18.768+0100][info][gc,phases      ] GC(92) Phase 5: Reset Metadata 83.751ms
[2024-12-21T22:17:18.768+0100][info][gc,heap        ] GC(92) Eden regions: 0->0(5)
[2024-12-21T22:17:18.768+0100][info][gc,heap        ] GC(92) Survivor regions: 0->0(0)
[2024-12-21T22:17:18.768+0100][info][gc,heap        ] GC(92) Old regions: 1532->1527
[2024-12-21T22:17:18.768+0100][info][gc,heap        ] GC(92) Humongous regions: 4->4
[2024-12-21T22:17:18.768+0100][info][gc,metaspace   ] GC(92) Metaspace: 53680K(54784K)->53680K(54784K) NonClass: 46087K(46784K)->46087K(46784K) Class: 7593K(8000K)->7593K(8000K)
[2024-12-21T22:17:18.768+0100][info][gc             ] GC(92) Pause Full (G1 Compaction Pause) 12221M->12179M(12288M) 374.490ms
[2024-12-21T22:17:18.768+0100][info][gc,cpu         ] GC(92) User=3.64s Sys=0.00s Real=0.36s
[2024-12-21T22:17:18.768+0100][info][gc,marking     ] GC(93) Concurrent Mark From Roots 373.429ms
[2024-12-21T22:17:18.768+0100][info][gc,marking     ] GC(93) Concurrent Mark Abort
[2024-12-21T22:17:18.768+0100][info][gc             ] GC(93) Concurrent Mark Cycle 374.951ms
[2024-12-21T22:17:18.951+0100][info][gc,start       ] GC(94) Pause Young (Normal) (G1 Evacuation Pause)
[2024-12-21T22:17:18.951+0100][info][gc,task        ] GC(94) Using 15 workers of 15 for evacuation
[2024-12-21T22:17:18.951+0100][info][gc,phases      ] GC(94)   Pre Evacuate Collection Set: 0.59ms
[2024-12-21T22:17:18.951+0100][info][gc,phases      ] GC(94)   Merge Heap Roots: 0.25ms
[2024-12-21T22:17:18.951+0100][info][gc,phases      ] GC(94)   Evacuate Collection Set: 1.16ms
[2024-12-21T22:17:18.951+0100][info][gc,phases      ] GC(94)   Post Evacuate Collection Set: 1.67ms
[2024-12-21T22:17:18.951+0100][info][gc,phases      ] GC(94)   Other: 0.16ms
[2024-12-21T22:17:18.951+0100][info][gc,heap        ] GC(94) Eden regions: 5->0(0)
[2024-12-21T22:17:18.951+0100][info][gc,heap        ] GC(94) Survivor regions: 0->0(0)
[2024-12-21T22:17:18.951+0100][info][gc,heap        ] GC(94) Old regions: 1527->1532
[2024-12-21T22:17:18.951+0100][info][gc,heap        ] GC(94) Humongous regions: 4->4
[2024-12-21T22:17:18.951+0100][info][gc,metaspace   ] GC(94) Metaspace: 53684K(54784K)->53684K(54784K) NonClass: 46090K(46784K)->46090K(46784K) Class: 7593K(8000K)->7593K(8000K)
[2024-12-21T22:17:18.951+0100][info][gc             ] GC(94) Pause Young (Normal) (G1 Evacuation Pause) (Evacuation Failure: Allocation) 12219M->12219M(12288M) 4.202ms
[2024-12-21T22:17:18.951+0100][info][gc,cpu         ] GC(94) User=0.00s Sys=0.00s Real=0.00s
[2024-12-21T22:17:18.951+0100][info][gc,ergo        ] Attempting full compaction
[2024-12-21T22:17:18.951+0100][info][gc,start       ] GC(95) Pause Full (G1 Compaction Pause)
[2024-12-21T22:17:18.951+0100][info][gc,task        ] GC(95) Using 15 workers of 15 for full compaction
[2024-12-21T22:17:18.951+0100][info][gc,phases,start] GC(95) Phase 1: Mark live objects
[2024-12-21T22:17:19.105+0100][info][gc,phases      ] GC(95) Phase 1: Mark live objects 155.811ms
[2024-12-21T22:17:19.105+0100][info][gc,phases,start] GC(95) Phase 2: Prepare compaction
[2024-12-21T22:17:19.105+0100][info][gc,phases      ] GC(95) Phase 2: Prepare compaction 1.933ms
[2024-12-21T22:17:19.105+0100][info][gc,phases,start] GC(95) Phase 3: Adjust pointers
[2024-12-21T22:17:19.200+0100][info][gc,phases      ] GC(95) Phase 3: Adjust pointers 81.579ms
[2024-12-21T22:17:19.200+0100][info][gc,phases,start] GC(95) Phase 4: Compact heap
[2024-12-21T22:17:19.200+0100][info][gc,phases      ] GC(95) Phase 4: Compact heap 7.293ms
[2024-12-21T22:17:19.200+0100][info][gc,phases,start] GC(95) Phase 5: Reset Metadata
[2024-12-21T22:17:19.279+0100][info][gc,phases      ] GC(95) Phase 5: Reset Metadata 75.213ms
[2024-12-21T22:17:19.294+0100][info][gc,heap        ] GC(95) Eden regions: 0->0(4)
[2024-12-21T22:17:19.294+0100][info][gc,heap        ] GC(95) Survivor regions: 0->0(0)
[2024-12-21T22:17:19.294+0100][info][gc,heap        ] GC(95) Old regions: 1532->1528
[2024-12-21T22:17:19.294+0100][info][gc,heap        ] GC(95) Humongous regions: 4->4
[2024-12-21T22:17:19.294+0100][info][gc,metaspace   ] GC(95) Metaspace: 53684K(54784K)->53684K(54784K) NonClass: 46090K(46784K)->46090K(46784K) Class: 7593K(8000K)->7593K(8000K)
[2024-12-21T22:17:19.294+0100][info][gc             ] GC(95) Pause Full (G1 Compaction Pause) 12219M->12184M(12288M) 334.750ms
[2024-12-21T22:17:19.294+0100][info][gc,cpu         ] GC(95) User=2.98s Sys=0.00s Real=0.34s
[2024-12-21T22:17:19.467+0100][info][gc,start       ] GC(96) Pause Young (Concurrent Start) (G1 Evacuation Pause)
[2024-12-21T22:17:19.467+0100][info][gc,task        ] GC(96) Using 15 workers of 15 for evacuation
[2024-12-21T22:17:19.467+0100][info][gc,phases      ] GC(96)   Pre Evacuate Collection Set: 0.50ms
[2024-12-21T22:17:19.467+0100][info][gc,phases      ] GC(96)   Merge Heap Roots: 0.18ms
[2024-12-21T22:17:19.467+0100][info][gc,phases      ] GC(96)   Evacuate Collection Set: 1.38ms
[2024-12-21T22:17:19.467+0100][info][gc,phases      ] GC(96)   Post Evacuate Collection Set: 0.88ms
[2024-12-21T22:17:19.467+0100][info][gc,phases      ] GC(96)   Other: 0.12ms
[2024-12-21T22:17:19.467+0100][info][gc,heap        ] GC(96) Eden regions: 4->0(0)
[2024-12-21T22:17:19.467+0100][info][gc,heap        ] GC(96) Survivor regions: 0->0(0)
[2024-12-21T22:17:19.467+0100][info][gc,heap        ] GC(96) Old regions: 1528->1532
[2024-12-21T22:17:19.467+0100][info][gc,heap        ] GC(96) Humongous regions: 4->4
[2024-12-21T22:17:19.467+0100][info][gc,metaspace   ] GC(96) Metaspace: 53684K(54784K)->53684K(54784K) NonClass: 46090K(46784K)->46090K(46784K) Class: 7593K(8000K)->7593K(8000K)
[2024-12-21T22:17:19.467+0100][info][gc             ] GC(96) Pause Young (Concurrent Start) (G1 Evacuation Pause) (Evacuation Failure: Allocation) 12216M->12216M(12288M) 3.344ms
[2024-12-21T22:17:19.467+0100][info][gc,cpu         ] GC(96) User=0.00s Sys=0.00s Real=0.00s
[2024-12-21T22:17:19.467+0100][info][gc,ergo        ] Attempting full compaction
[2024-12-21T22:17:19.467+0100][info][gc,start       ] GC(97) Pause Full (G1 Compaction Pause)
[2024-12-21T22:17:19.467+0100][info][gc             ] GC(98) Concurrent Mark Cycle
[2024-12-21T22:17:19.467+0100][info][gc,task        ] GC(97) Using 15 workers of 15 for full compaction
[2024-12-21T22:17:19.467+0100][info][gc,marking     ] GC(98) Concurrent Scan Root Regions
[2024-12-21T22:17:19.467+0100][info][gc,marking     ] GC(98) Concurrent Scan Root Regions 1.065ms
[2024-12-21T22:17:19.467+0100][info][gc,marking     ] GC(98) Concurrent Mark
[2024-12-21T22:17:19.467+0100][info][gc,marking     ] GC(98) Concurrent Mark From Roots
[2024-12-21T22:17:19.467+0100][info][gc,task        ] GC(98) Using 4 workers of 4 for marking
[2024-12-21T22:17:19.467+0100][info][gc,phases,start] GC(97) Phase 1: Mark live objects
[2024-12-21T22:17:19.592+0100][info][gc,phases      ] GC(97) Phase 1: Mark live objects 127.375ms
[2024-12-21T22:17:19.592+0100][info][gc,phases,start] GC(97) Phase 2: Prepare compaction
[2024-12-21T22:17:19.608+0100][info][gc,phases      ] GC(97) Phase 2: Prepare compaction 1.265ms
[2024-12-21T22:17:19.608+0100][info][gc,phases,start] GC(97) Phase 3: Adjust pointers
[2024-12-21T22:17:19.687+0100][info][gc,phases      ] GC(97) Phase 3: Adjust pointers 84.713ms
[2024-12-21T22:17:19.687+0100][info][gc,phases,start] GC(97) Phase 4: Compact heap
[2024-12-21T22:17:19.687+0100][info][gc,phases      ] GC(97) Phase 4: Compact heap 2.596ms
[2024-12-21T22:17:19.687+0100][info][gc,phases,start] GC(97) Phase 5: Reset Metadata
[2024-12-21T22:17:19.765+0100][info][gc,phases      ] GC(97) Phase 5: Reset Metadata 76.727ms
[2024-12-21T22:17:19.781+0100][info][gc,heap        ] GC(97) Eden regions: 0->0(1)
[2024-12-21T22:17:19.781+0100][info][gc,heap        ] GC(97) Survivor regions: 0->0(0)
[2024-12-21T22:17:19.781+0100][info][gc,heap        ] GC(97) Old regions: 1532->1531
[2024-12-21T22:17:19.781+0100][info][gc,heap        ] GC(97) Humongous regions: 4->4
[2024-12-21T22:17:19.781+0100][info][gc,metaspace   ] GC(97) Metaspace: 53684K(54784K)->53684K(54784K) NonClass: 46090K(46784K)->46090K(46784K) Class: 7593K(8000K)->7593K(8000K)
[2024-12-21T22:17:19.781+0100][info][gc             ] GC(97) Pause Full (G1 Compaction Pause) 12216M->12193M(12288M) 310.012ms
[2024-12-21T22:17:19.781+0100][info][gc,cpu         ] GC(97) User=2.77s Sys=0.00s Real=0.31s
[2024-12-21T22:17:19.781+0100][info][gc,marking     ] GC(98) Concurrent Mark From Roots 309.035ms
[2024-12-21T22:17:19.781+0100][info][gc,marking     ] GC(98) Concurrent Mark Abort
[2024-12-21T22:17:19.781+0100][info][gc             ] GC(98) Concurrent Mark Cycle 310.266ms
[2024-12-21T22:17:21.493+0100][info][gc,start       ] GC(99) Pause Young (Normal) (G1 Evacuation Pause)
[2024-12-21T22:17:21.493+0100][info][gc,task        ] GC(99) Using 15 workers of 15 for evacuation
[2024-12-21T22:17:21.493+0100][info][gc,phases      ] GC(99)   Pre Evacuate Collection Set: 0.44ms
[2024-12-21T22:17:21.493+0100][info][gc,phases      ] GC(99)   Merge Heap Roots: 0.13ms
[2024-12-21T22:17:21.493+0100][info][gc,phases      ] GC(99)   Evacuate Collection Set: 1.08ms
[2024-12-21T22:17:21.493+0100][info][gc,phases      ] GC(99)   Post Evacuate Collection Set: 1.42ms
[2024-12-21T22:17:21.493+0100][info][gc,phases      ] GC(99)   Other: 0.08ms
[2024-12-21T22:17:21.493+0100][info][gc,heap        ] GC(99) Eden regions: 1->0(0)
[2024-12-21T22:17:21.493+0100][info][gc,heap        ] GC(99) Survivor regions: 0->0(0)
[2024-12-21T22:17:21.493+0100][info][gc,heap        ] GC(99) Old regions: 1531->1532
[2024-12-21T22:17:21.493+0100][info][gc,heap        ] GC(99) Humongous regions: 4->4
[2024-12-21T22:17:21.493+0100][info][gc,metaspace   ] GC(99) Metaspace: 53684K(54784K)->53684K(54784K) NonClass: 46090K(46784K)->46090K(46784K) Class: 7593K(8000K)->7593K(8000K)
[2024-12-21T22:17:21.493+0100][info][gc             ] GC(99) Pause Young (Normal) (G1 Evacuation Pause) (Evacuation Failure: Allocation) 12201M->12201M(12288M) 3.370ms
[2024-12-21T22:17:21.493+0100][info][gc,cpu         ] GC(99) User=0.00s Sys=0.00s Real=0.00s
[2024-12-21T22:17:21.493+0100][info][gc,ergo        ] Attempting full compaction
[2024-12-21T22:17:21.493+0100][info][gc,start       ] GC(100) Pause Full (G1 Compaction Pause)
[2024-12-21T22:17:21.493+0100][info][gc,task        ] GC(100) Using 15 workers of 15 for full compaction
[2024-12-21T22:17:21.493+0100][info][gc,phases,start] GC(100) Phase 1: Mark live objects
[2024-12-21T22:17:21.712+0100][info][gc,phases      ] GC(100) Phase 1: Mark live objects 213.280ms
[2024-12-21T22:17:21.712+0100][info][gc,phases,start] GC(100) Phase 2: Prepare compaction
[2024-12-21T22:17:21.712+0100][info][gc,phases      ] GC(100) Phase 2: Prepare compaction 1.282ms
[2024-12-21T22:17:21.712+0100][info][gc,phases,start] GC(100) Phase 3: Adjust pointers
[2024-12-21T22:17:21.791+0100][info][gc,phases      ] GC(100) Phase 3: Adjust pointers 79.806ms
[2024-12-21T22:17:21.791+0100][info][gc,phases,start] GC(100) Phase 4: Compact heap
[2024-12-21T22:17:21.806+0100][info][gc,phases      ] GC(100) Phase 4: Compact heap 11.040ms
[2024-12-21T22:17:21.806+0100][info][gc,phases,start] GC(100) Phase 5: Reset Metadata
[2024-12-21T22:17:21.869+0100][info][gc,phases      ] GC(100) Phase 5: Reset Metadata 72.874ms
[2024-12-21T22:17:21.885+0100][info][gc,heap        ] GC(100) Eden regions: 0->0(3)
[2024-12-21T22:17:21.885+0100][info][gc,heap        ] GC(100) Survivor regions: 0->0(0)
[2024-12-21T22:17:21.885+0100][info][gc,heap        ] GC(100) Old regions: 1532->1529
[2024-12-21T22:17:21.885+0100][info][gc,heap        ] GC(100) Humongous regions: 4->4
[2024-12-21T22:17:21.885+0100][info][gc,metaspace   ] GC(100) Metaspace: 53684K(54784K)->53684K(54784K) NonClass: 46090K(46784K)->46090K(46784K) Class: 7593K(8000K)->7593K(8000K)
[2024-12-21T22:17:21.885+0100][info][gc             ] GC(100) Pause Full (G1 Compaction Pause) 12201M->12189M(12288M) 388.690ms
[2024-12-21T22:17:21.885+0100][info][gc,cpu         ] GC(100) User=3.28s Sys=0.05s Real=0.39s
[2024-12-21T22:17:24.717+0100][info][gc,start       ] GC(101) Pause Young (Concurrent Start) (G1 Evacuation Pause)
[2024-12-21T22:17:24.717+0100][info][gc,task        ] GC(101) Using 15 workers of 15 for evacuation
[2024-12-21T22:17:24.717+0100][info][gc,phases      ] GC(101)   Pre Evacuate Collection Set: 2.44ms
[2024-12-21T22:17:24.717+0100][info][gc,phases      ] GC(101)   Merge Heap Roots: 0.21ms
[2024-12-21T22:17:24.717+0100][info][gc,phases      ] GC(101)   Evacuate Collection Set: 2.03ms
[2024-12-21T22:17:24.717+0100][info][gc,phases      ] GC(101)   Post Evacuate Collection Set: 0.75ms
[2024-12-21T22:17:24.717+0100][info][gc,phases      ] GC(101)   Other: 0.18ms
[2024-12-21T22:17:24.717+0100][info][gc,heap        ] GC(101) Eden regions: 3->0(0)
[2024-12-21T22:17:24.717+0100][info][gc,heap        ] GC(101) Survivor regions: 0->0(0)
[2024-12-21T22:17:24.717+0100][info][gc,heap        ] GC(101) Old regions: 1529->1532
[2024-12-21T22:17:24.717+0100][info][gc,heap        ] GC(101) Humongous regions: 4->4
[2024-12-21T22:17:24.717+0100][info][gc,metaspace   ] GC(101) Metaspace: 53684K(54784K)->53684K(54784K) NonClass: 46090K(46784K)->46090K(46784K) Class: 7593K(8000K)->7593K(8000K)
[2024-12-21T22:17:24.717+0100][info][gc             ] GC(101) Pause Young (Concurrent Start) (G1 Evacuation Pause) (Evacuation Failure: Allocation) 12213M->12213M(12288M) 5.825ms
[2024-12-21T22:17:24.717+0100][info][gc,cpu         ] GC(101) User=0.00s Sys=0.00s Real=0.00s
[2024-12-21T22:17:24.717+0100][info][gc             ] GC(102) Concurrent Mark Cycle
[2024-12-21T22:17:24.717+0100][info][gc,ergo        ] Attempting full compaction
[2024-12-21T22:17:24.717+0100][info][gc,marking     ] GC(102) Concurrent Scan Root Regions
[2024-12-21T22:17:24.717+0100][info][gc,start       ] GC(103) Pause Full (G1 Compaction Pause)
[2024-12-21T22:17:24.717+0100][info][gc,task        ] GC(103) Using 15 workers of 15 for full compaction
[2024-12-21T22:17:24.717+0100][info][gc,marking     ] GC(102) Concurrent Scan Root Regions 1.216ms
[2024-12-21T22:17:24.733+0100][info][gc,phases,start] GC(103) Phase 1: Mark live objects
[2024-12-21T22:17:28.341+0100][info][gc,phases      ] GC(103) Phase 1: Mark live objects 3609.698ms
[2024-12-21T22:17:28.341+0100][info][gc,phases,start] GC(103) Phase 2: Prepare compaction
[2024-12-21T22:17:28.341+0100][info][gc,phases      ] GC(103) Phase 2: Prepare compaction 3.940ms
[2024-12-21T22:17:28.341+0100][info][gc,phases,start] GC(103) Phase 3: Adjust pointers
[2024-12-21T22:17:29.455+0100][info][gc,phases      ] GC(103) Phase 3: Adjust pointers 1111.884ms
[2024-12-21T22:17:29.455+0100][info][gc,phases,start] GC(103) Phase 4: Compact heap
[2024-12-21T22:17:29.534+0100][info][gc,phases      ] GC(103) Phase 4: Compact heap 71.367ms
[2024-12-21T22:17:29.534+0100][info][gc,phases,start] GC(103) Phase 5: Reset Metadata
[2024-12-21T22:17:29.643+0100][info][gc,phases      ] GC(103) Phase 5: Reset Metadata 109.132ms
[2024-12-21T22:17:29.643+0100][info][gc,heap        ] GC(103) Eden regions: 0->0(10)
[2024-12-21T22:17:29.643+0100][info][gc,heap        ] GC(103) Survivor regions: 0->0(0)
[2024-12-21T22:17:29.643+0100][info][gc,heap        ] GC(103) Old regions: 1532->1522
[2024-12-21T22:17:29.643+0100][info][gc,heap        ] GC(103) Humongous regions: 4->4
[2024-12-21T22:17:29.643+0100][info][gc,metaspace   ] GC(103) Metaspace: 53684K(54784K)->53684K(54784K) NonClass: 46090K(46784K)->46090K(46784K) Class: 7593K(8000K)->7593K(8000K)
[2024-12-21T22:17:29.643+0100][info][gc             ] GC(103) Pause Full (G1 Compaction Pause) 12213M->12202M(12288M) 4934.109ms
[2024-12-21T22:17:29.643+0100][info][gc,cpu         ] GC(103) User=3.94s Sys=42.33s Real=4.93s
[2024-12-21T22:17:29.643+0100][info][gc,marking     ] GC(102) Concurrent Mark Abort
[2024-12-21T22:17:29.643+0100][info][gc             ] GC(102) Concurrent Mark Cycle 4934.429ms
[2024-12-21T22:17:30.090+0100][info][gc,start       ] GC(104) Pause Young (Normal) (G1 Evacuation Pause)
[2024-12-21T22:17:30.090+0100][info][gc,task        ] GC(104) Using 15 workers of 15 for evacuation
[2024-12-21T22:17:30.090+0100][info][gc,phases      ] GC(104)   Pre Evacuate Collection Set: 1.81ms
[2024-12-21T22:17:30.090+0100][info][gc,phases      ] GC(104)   Merge Heap Roots: 0.50ms
[2024-12-21T22:17:30.090+0100][info][gc,phases      ] GC(104)   Evacuate Collection Set: 3.97ms
[2024-12-21T22:17:30.090+0100][info][gc,phases      ] GC(104)   Post Evacuate Collection Set: 2.17ms
[2024-12-21T22:17:30.090+0100][info][gc,phases      ] GC(104)   Other: 0.40ms
[2024-12-21T22:17:30.090+0100][info][gc,heap        ] GC(104) Eden regions: 10->0(0)
[2024-12-21T22:17:30.090+0100][info][gc,heap        ] GC(104) Survivor regions: 0->0(0)
[2024-12-21T22:17:30.090+0100][info][gc,heap        ] GC(104) Old regions: 1522->1532
[2024-12-21T22:17:30.090+0100][info][gc,heap        ] GC(104) Humongous regions: 4->4
[2024-12-21T22:17:30.090+0100][info][gc,metaspace   ] GC(104) Metaspace: 53684K(54784K)->53684K(54784K) NonClass: 46091K(46784K)->46091K(46784K) Class: 7593K(8000K)->7593K(8000K)
[2024-12-21T22:17:30.090+0100][info][gc             ] GC(104) Pause Young (Normal) (G1 Evacuation Pause) (Evacuation Failure: Allocation) 12282M->12282M(12288M) 9.374ms
[2024-12-21T22:17:30.090+0100][info][gc,cpu         ] GC(104) User=0.00s Sys=0.00s Real=0.00s
[2024-12-21T22:17:30.090+0100][info][gc,ergo        ] Attempting full compaction
[2024-12-21T22:17:30.090+0100][info][gc,start       ] GC(105) Pause Full (G1 Compaction Pause)
[2024-12-21T22:17:30.090+0100][info][gc,task        ] GC(105) Using 15 workers of 15 for full compaction
[2024-12-21T22:17:30.090+0100][info][gc,phases,start] GC(105) Phase 1: Mark live objects
[2024-12-21T22:17:37.830+0100][info][gc,phases      ] GC(105) Phase 1: Mark live objects 7738.774ms
[2024-12-21T22:17:37.830+0100][info][gc,phases,start] GC(105) Phase 2: Prepare compaction
[2024-12-21T22:17:37.845+0100][info][gc,phases      ] GC(105) Phase 2: Prepare compaction 8.575ms
[2024-12-21T22:17:37.845+0100][info][gc,phases,start] GC(105) Phase 3: Adjust pointers
[2024-12-21T22:17:47.613+0100][info][gc,phases      ] GC(105) Phase 3: Adjust pointers 9761.762ms
[2024-12-21T22:17:47.613+0100][info][gc,phases,start] GC(105) Phase 4: Compact heap
[2024-12-21T22:17:47.997+0100][info][gc,phases      ] GC(105) Phase 4: Compact heap 383.092ms
[2024-12-21T22:17:47.997+0100][info][gc,phases,start] GC(105) Phase 5: Reset Metadata
[2024-12-21T22:17:49.607+0100][info][gc,phases      ] GC(105) Phase 5: Reset Metadata 1611.007ms
[2024-12-21T22:17:49.684+0100][info][gc,heap        ] GC(105) Eden regions: 0->0(8)
[2024-12-21T22:17:49.684+0100][info][gc,heap        ] GC(105) Survivor regions: 0->0(0)
[2024-12-21T22:17:49.684+0100][info][gc,heap        ] GC(105) Old regions: 1532->1524
[2024-12-21T22:17:49.684+0100][info][gc,heap        ] GC(105) Humongous regions: 4->4
[2024-12-21T22:17:49.684+0100][info][gc,metaspace   ] GC(105) Metaspace: 53684K(54784K)->53667K(54784K) NonClass: 46091K(46784K)->46078K(46784K) Class: 7593K(8000K)->7588K(8000K)
[2024-12-21T22:17:49.700+0100][info][gc             ] GC(105) Pause Full (G1 Compaction Pause) 12282M->12222M(12288M) 19600.531ms
[2024-12-21T22:17:49.700+0100][info][gc,cpu         ] GC(105) User=3.02s Sys=165.23s Real=19.61s
[2024-12-21T22:17:49.933+0100][info][gc,start       ] GC(106) Pause Young (Concurrent Start) (G1 Evacuation Pause)
[2024-12-21T22:17:49.933+0100][info][gc,task        ] GC(106) Using 15 workers of 15 for evacuation
[2024-12-21T22:17:49.949+0100][info][gc,phases      ] GC(106)   Pre Evacuate Collection Set: 4.26ms
[2024-12-21T22:17:49.949+0100][info][gc,phases      ] GC(106)   Merge Heap Roots: 0.81ms
[2024-12-21T22:17:49.949+0100][info][gc,phases      ] GC(106)   Evacuate Collection Set: 5.69ms
[2024-12-21T22:17:49.949+0100][info][gc,phases      ] GC(106)   Post Evacuate Collection Set: 2.31ms
[2024-12-21T22:17:49.949+0100][info][gc,phases      ] GC(106)   Other: 1.10ms
[2024-12-21T22:17:49.949+0100][info][gc,heap        ] GC(106) Eden regions: 8->0(0)
[2024-12-21T22:17:49.949+0100][info][gc,heap        ] GC(106) Survivor regions: 0->0(0)
[2024-12-21T22:17:49.949+0100][info][gc,heap        ] GC(106) Old regions: 1524->1532
[2024-12-21T22:17:49.949+0100][info][gc,heap        ] GC(106) Humongous regions: 4->4
[2024-12-21T22:17:49.949+0100][info][gc,metaspace   ] GC(106) Metaspace: 53676K(54784K)->53676K(54784K) NonClass: 46085K(46784K)->46085K(46784K) Class: 7591K(8000K)->7591K(8000K)
[2024-12-21T22:17:49.949+0100][info][gc             ] GC(106) Pause Young (Concurrent Start) (G1 Evacuation Pause) (Evacuation Failure: Allocation) 12286M->12286M(12288M) 14.631ms
[2024-12-21T22:17:49.949+0100][info][gc             ] GC(107) Concurrent Mark Cycle
[2024-12-21T22:17:49.949+0100][info][gc,cpu         ] GC(106) User=0.02s Sys=0.00s Real=0.02s
[2024-12-21T22:17:49.949+0100][info][gc,marking     ] GC(107) Concurrent Scan Root Regions
[2024-12-21T22:17:49.949+0100][info][gc,ergo        ] Attempting full compaction
[2024-12-21T22:17:49.949+0100][info][gc,start       ] GC(108) Pause Full (G1 Compaction Pause)
[2024-12-21T22:17:49.949+0100][info][gc,task        ] GC(108) Using 15 workers of 15 for full compaction
[2024-12-21T22:17:49.949+0100][info][gc,marking     ] GC(107) Concurrent Scan Root Regions 1.381ms
[2024-12-21T22:17:49.949+0100][info][gc,phases,start] GC(108) Phase 1: Mark live objects
[2024-12-21T22:17:50.420+0100][info][gc,phases      ] GC(108) Phase 1: Mark live objects 460.092ms
[2024-12-21T22:17:50.420+0100][info][gc,phases,start] GC(108) Phase 2: Prepare compaction
[2024-12-21T22:17:50.420+0100][info][gc,phases      ] GC(108) Phase 2: Prepare compaction 6.240ms
[2024-12-21T22:17:50.420+0100][info][gc,phases,start] GC(108) Phase 3: Adjust pointers
[2024-12-21T22:17:50.530+0100][info][gc,phases      ] GC(108) Phase 3: Adjust pointers 104.762ms
[2024-12-21T22:17:50.530+0100][info][gc,phases,start] GC(108) Phase 4: Compact heap
[2024-12-21T22:17:50.545+0100][info][gc,phases      ] GC(108) Phase 4: Compact heap 17.127ms
[2024-12-21T22:17:50.545+0100][info][gc,phases,start] GC(108) Phase 5: Reset Metadata
[2024-12-21T22:17:50.639+0100][info][gc,phases      ] GC(108) Phase 5: Reset Metadata 95.020ms
[2024-12-21T22:17:50.655+0100][info][gc,heap        ] GC(108) Eden regions: 0->0(5)
[2024-12-21T22:17:50.655+0100][info][gc,heap        ] GC(108) Survivor regions: 0->0(0)
[2024-12-21T22:17:50.655+0100][info][gc,heap        ] GC(108) Old regions: 1532->1527
[2024-12-21T22:17:50.655+0100][info][gc,heap        ] GC(108) Humongous regions: 4->4
[2024-12-21T22:17:50.655+0100][info][gc,metaspace   ] GC(108) Metaspace: 53676K(54784K)->53615K(54784K) NonClass: 46085K(46784K)->46038K(46784K) Class: 7591K(8000K)->7577K(8000K)
[2024-12-21T22:17:50.655+0100][info][gc             ] GC(108) Pause Full (G1 Compaction Pause) 12286M->12241M(12288M) 710.528ms
[2024-12-21T22:17:50.655+0100][info][gc,cpu         ] GC(108) User=2.91s Sys=0.97s Real=0.71s
[2024-12-21T22:17:50.655+0100][info][gc,marking     ] GC(107) Concurrent Mark Abort
[2024-12-21T22:17:50.655+0100][info][gc             ] GC(107) Concurrent Mark Cycle 710.977ms
[2024-12-21T22:17:50.899+0100][info][gc,start       ] GC(109) Pause Young (Normal) (G1 Evacuation Pause)
[2024-12-21T22:17:50.899+0100][info][gc,task        ] GC(109) Using 15 workers of 15 for evacuation
[2024-12-21T22:17:50.914+0100][info][gc,phases      ] GC(109)   Pre Evacuate Collection Set: 0.34ms
[2024-12-21T22:17:50.914+0100][info][gc,phases      ] GC(109)   Merge Heap Roots: 0.21ms
[2024-12-21T22:17:50.914+0100][info][gc,phases      ] GC(109)   Evacuate Collection Set: 1.59ms
[2024-12-21T22:17:50.914+0100][info][gc,phases      ] GC(109)   Post Evacuate Collection Set: 0.96ms
[2024-12-21T22:17:50.914+0100][info][gc,phases      ] GC(109)   Other: 0.10ms
[2024-12-21T22:17:50.914+0100][info][gc,heap        ] GC(109) Eden regions: 5->0(0)
[2024-12-21T22:17:50.914+0100][info][gc,heap        ] GC(109) Survivor regions: 0->0(0)
[2024-12-21T22:17:50.914+0100][info][gc,heap        ] GC(109) Old regions: 1527->1532
[2024-12-21T22:17:50.914+0100][info][gc,heap        ] GC(109) Humongous regions: 4->4
[2024-12-21T22:17:50.914+0100][info][gc,metaspace   ] GC(109) Metaspace: 53696K(54784K)->53696K(54784K) NonClass: 46104K(46784K)->46104K(46784K) Class: 7591K(8000K)->7591K(8000K)
[2024-12-21T22:17:50.914+0100][info][gc             ] GC(109) Pause Young (Normal) (G1 Evacuation Pause) (Evacuation Failure: Allocation) 12281M->12281M(12288M) 3.726ms
[2024-12-21T22:17:50.914+0100][info][gc,cpu         ] GC(109) User=0.03s Sys=0.00s Real=0.02s
[2024-12-21T22:17:50.914+0100][info][gc,ergo        ] Attempting full compaction
[2024-12-21T22:17:50.914+0100][info][gc,start       ] GC(110) Pause Full (G1 Compaction Pause)
[2024-12-21T22:17:50.914+0100][info][gc,task        ] GC(110) Using 15 workers of 15 for full compaction
[2024-12-21T22:17:50.914+0100][info][gc,phases,start] GC(110) Phase 1: Mark live objects
[2024-12-21T22:17:51.149+0100][info][gc,phases      ] GC(110) Phase 1: Mark live objects 241.563ms
[2024-12-21T22:17:51.149+0100][info][gc,phases,start] GC(110) Phase 2: Prepare compaction
[2024-12-21T22:17:51.149+0100][info][gc,phases      ] GC(110) Phase 2: Prepare compaction 3.718ms
[2024-12-21T22:17:51.149+0100][info][gc,phases,start] GC(110) Phase 3: Adjust pointers
[2024-12-21T22:17:51.259+0100][info][gc,phases      ] GC(110) Phase 3: Adjust pointers 99.491ms
[2024-12-21T22:17:51.259+0100][info][gc,phases,start] GC(110) Phase 4: Compact heap
[2024-12-21T22:17:51.259+0100][info][gc,phases      ] GC(110) Phase 4: Compact heap 7.178ms
[2024-12-21T22:17:51.259+0100][info][gc,phases,start] GC(110) Phase 5: Reset Metadata
[2024-12-21T22:17:51.338+0100][info][gc,phases      ] GC(110) Phase 5: Reset Metadata 81.270ms
[2024-12-21T22:17:51.354+0100][info][gc,heap        ] GC(110) Eden regions: 0->0(3)
[2024-12-21T22:17:51.354+0100][info][gc,heap        ] GC(110) Survivor regions: 0->0(0)
[2024-12-21T22:17:51.354+0100][info][gc,heap        ] GC(110) Old regions: 1532->1529
[2024-12-21T22:17:51.354+0100][info][gc,heap        ] GC(110) Humongous regions: 4->4
[2024-12-21T22:17:51.354+0100][info][gc,metaspace   ] GC(110) Metaspace: 53696K(54784K)->53694K(54784K) NonClass: 46104K(46784K)->46103K(46784K) Class: 7591K(8000K)->7591K(8000K)
[2024-12-21T22:17:51.354+0100][info][gc             ] GC(110) Pause Full (G1 Compaction Pause) 12281M->12255M(12288M) 445.010ms
[2024-12-21T22:17:51.354+0100][info][gc,cpu         ] GC(110) User=4.09s Sys=0.06s Real=0.44s
[2024-12-21T22:17:51.448+0100][info][gc,start       ] GC(111) Pause Young (Concurrent Start) (G1 Evacuation Pause)
[2024-12-21T22:17:51.448+0100][info][gc,task        ] GC(111) Using 15 workers of 15 for evacuation
[2024-12-21T22:17:51.464+0100][info][gc,phases      ] GC(111)   Pre Evacuate Collection Set: 0.42ms
[2024-12-21T22:17:51.464+0100][info][gc,phases      ] GC(111)   Merge Heap Roots: 0.18ms
[2024-12-21T22:17:51.464+0100][info][gc,phases      ] GC(111)   Evacuate Collection Set: 0.96ms
[2024-12-21T22:17:51.464+0100][info][gc,phases      ] GC(111)   Post Evacuate Collection Set: 0.85ms
[2024-12-21T22:17:51.464+0100][info][gc,phases      ] GC(111)   Other: 0.11ms
[2024-12-21T22:17:51.464+0100][info][gc,heap        ] GC(111) Eden regions: 3->0(0)
[2024-12-21T22:17:51.464+0100][info][gc,heap        ] GC(111) Survivor regions: 0->0(0)
[2024-12-21T22:17:51.464+0100][info][gc,heap        ] GC(111) Old regions: 1529->1532
[2024-12-21T22:17:51.464+0100][info][gc,heap        ] GC(111) Humongous regions: 4->4
[2024-12-21T22:17:51.464+0100][info][gc,metaspace   ] GC(111) Metaspace: 53694K(54784K)->53694K(54784K) NonClass: 46103K(46784K)->46103K(46784K) Class: 7591K(8000K)->7591K(8000K)
[2024-12-21T22:17:51.464+0100][info][gc             ] GC(111) Pause Young (Concurrent Start) (G1 Evacuation Pause) (Evacuation Failure: Allocation) 12279M->12279M(12288M) 2.802ms
[2024-12-21T22:17:51.464+0100][info][gc,cpu         ] GC(111) User=0.00s Sys=0.00s Real=0.02s
[2024-12-21T22:17:51.464+0100][info][gc,ergo        ] Attempting full compaction
[2024-12-21T22:17:51.464+0100][info][gc             ] GC(112) Concurrent Mark Cycle
[2024-12-21T22:17:51.464+0100][info][gc,start       ] GC(113) Pause Full (G1 Compaction Pause)
[2024-12-21T22:17:51.464+0100][info][gc,marking     ] GC(112) Concurrent Scan Root Regions
[2024-12-21T22:17:51.464+0100][info][gc,task        ] GC(113) Using 15 workers of 15 for full compaction
[2024-12-21T22:17:51.464+0100][info][gc,marking     ] GC(112) Concurrent Scan Root Regions 1.449ms
[2024-12-21T22:17:51.464+0100][info][gc,marking     ] GC(112) Concurrent Mark
[2024-12-21T22:17:51.464+0100][info][gc,marking     ] GC(112) Concurrent Mark From Roots
[2024-12-21T22:17:51.464+0100][info][gc,task        ] GC(112) Using 4 workers of 4 for marking
[2024-12-21T22:17:51.464+0100][info][gc,phases,start] GC(113) Phase 1: Mark live objects
[2024-12-21T22:17:51.614+0100][info][gc,phases      ] GC(113) Phase 1: Mark live objects 145.604ms
[2024-12-21T22:17:51.614+0100][info][gc,phases,start] GC(113) Phase 2: Prepare compaction
[2024-12-21T22:17:51.614+0100][info][gc,phases      ] GC(113) Phase 2: Prepare compaction 2.761ms
[2024-12-21T22:17:51.614+0100][info][gc,phases,start] GC(113) Phase 3: Adjust pointers
[2024-12-21T22:17:51.708+0100][info][gc,phases      ] GC(113) Phase 3: Adjust pointers 89.723ms
[2024-12-21T22:17:51.708+0100][info][gc,phases,start] GC(113) Phase 4: Compact heap
[2024-12-21T22:17:51.708+0100][info][gc,phases      ] GC(113) Phase 4: Compact heap 5.688ms
[2024-12-21T22:17:51.708+0100][info][gc,phases,start] GC(113) Phase 5: Reset Metadata
[2024-12-21T22:17:51.787+0100][info][gc,phases      ] GC(113) Phase 5: Reset Metadata 78.850ms
[2024-12-21T22:17:51.802+0100][info][gc,heap        ] GC(113) Eden regions: 0->0(3)
[2024-12-21T22:17:51.802+0100][info][gc,heap        ] GC(113) Survivor regions: 0->0(0)
[2024-12-21T22:17:51.802+0100][info][gc,heap        ] GC(113) Old regions: 1532->1529
[2024-12-21T22:17:51.802+0100][info][gc,heap        ] GC(113) Humongous regions: 4->4
[2024-12-21T22:17:51.802+0100][info][gc,metaspace   ] GC(113) Metaspace: 53694K(54784K)->53694K(54784K) NonClass: 46103K(46784K)->46103K(46784K) Class: 7591K(8000K)->7591K(8000K)
[2024-12-21T22:17:51.802+0100][info][gc             ] GC(113) Pause Full (G1 Compaction Pause) 12279M->12261M(12288M) 341.097ms
[2024-12-21T22:17:51.802+0100][info][gc,cpu         ] GC(113) User=3.12s Sys=0.03s Real=0.34s
[2024-12-21T22:17:51.802+0100][info][gc,marking     ] GC(112) Concurrent Mark From Roots 339.886ms
[2024-12-21T22:17:51.802+0100][info][gc,marking     ] GC(112) Concurrent Mark Abort
[2024-12-21T22:17:51.802+0100][info][gc             ] GC(112) Concurrent Mark Cycle 341.608ms
[2024-12-21T22:17:51.897+0100][info][gc,start       ] GC(114) Pause Young (Normal) (G1 Evacuation Pause)
[2024-12-21T22:17:51.897+0100][info][gc,task        ] GC(114) Using 15 workers of 15 for evacuation
[2024-12-21T22:17:51.897+0100][info][gc,phases      ] GC(114)   Pre Evacuate Collection Set: 0.39ms
[2024-12-21T22:17:51.897+0100][info][gc,phases      ] GC(114)   Merge Heap Roots: 0.19ms
[2024-12-21T22:17:51.897+0100][info][gc,phases      ] GC(114)   Evacuate Collection Set: 0.90ms
[2024-12-21T22:17:51.897+0100][info][gc,phases      ] GC(114)   Post Evacuate Collection Set: 0.75ms
[2024-12-21T22:17:51.897+0100][info][gc,phases      ] GC(114)   Other: 0.14ms
[2024-12-21T22:17:51.897+0100][info][gc,heap        ] GC(114) Eden regions: 3->0(0)
[2024-12-21T22:17:51.897+0100][info][gc,heap        ] GC(114) Survivor regions: 0->0(0)
[2024-12-21T22:17:51.897+0100][info][gc,heap        ] GC(114) Old regions: 1529->1532
[2024-12-21T22:17:51.897+0100][info][gc,heap        ] GC(114) Humongous regions: 4->4
[2024-12-21T22:17:51.897+0100][info][gc,metaspace   ] GC(114) Metaspace: 53694K(54784K)->53694K(54784K) NonClass: 46103K(46784K)->46103K(46784K) Class: 7591K(8000K)->7591K(8000K)
[2024-12-21T22:17:51.897+0100][info][gc             ] GC(114) Pause Young (Normal) (G1 Evacuation Pause) (Evacuation Failure: Allocation) 12285M->12285M(12288M) 2.638ms
[2024-12-21T22:17:51.897+0100][info][gc,cpu         ] GC(114) User=0.00s Sys=0.00s Real=0.00s
[2024-12-21T22:17:51.897+0100][info][gc,ergo        ] Attempting full compaction
[2024-12-21T22:17:51.897+0100][info][gc,start       ] GC(115) Pause Full (G1 Compaction Pause)
[2024-12-21T22:17:51.897+0100][info][gc,task        ] GC(115) Using 15 workers of 15 for full compaction
[2024-12-21T22:17:51.897+0100][info][gc,phases,start] GC(115) Phase 1: Mark live objects
[2024-12-21T22:17:52.054+0100][info][gc,phases      ] GC(115) Phase 1: Mark live objects 153.564ms
[2024-12-21T22:17:52.054+0100][info][gc,phases,start] GC(115) Phase 2: Prepare compaction
[2024-12-21T22:17:52.054+0100][info][gc,phases      ] GC(115) Phase 2: Prepare compaction 3.231ms
[2024-12-21T22:17:52.054+0100][info][gc,phases,start] GC(115) Phase 3: Adjust pointers
[2024-12-21T22:17:52.148+0100][info][gc,phases      ] GC(115) Phase 3: Adjust pointers 88.849ms
[2024-12-21T22:17:52.148+0100][info][gc,phases,start] GC(115) Phase 4: Compact heap
[2024-12-21T22:17:52.148+0100][info][gc,phases      ] GC(115) Phase 4: Compact heap 6.374ms
[2024-12-21T22:17:52.148+0100][info][gc,phases,start] GC(115) Phase 5: Reset Metadata
[2024-12-21T22:17:52.227+0100][info][gc,phases      ] GC(115) Phase 5: Reset Metadata 79.789ms
[2024-12-21T22:17:52.243+0100][info][gc,heap        ] GC(115) Eden regions: 0->0(2)
[2024-12-21T22:17:52.243+0100][info][gc,heap        ] GC(115) Survivor regions: 0->0(0)
[2024-12-21T22:17:52.243+0100][info][gc,heap        ] GC(115) Old regions: 1532->1530
[2024-12-21T22:17:52.243+0100][info][gc,heap        ] GC(115) Humongous regions: 4->4
[2024-12-21T22:17:52.243+0100][info][gc,metaspace   ] GC(115) Metaspace: 53694K(54784K)->53694K(54784K) NonClass: 46103K(46784K)->46103K(46784K) Class: 7591K(8000K)->7591K(8000K)
[2024-12-21T22:17:52.243+0100][info][gc             ] GC(115) Pause Full (G1 Compaction Pause) 12285M->12266M(12288M) 343.159ms
[2024-12-21T22:17:52.243+0100][info][gc,cpu         ] GC(115) User=2.86s Sys=0.03s Real=0.35s
[2024-12-21T22:17:52.305+0100][info][gc,start       ] GC(116) Pause Young (Concurrent Start) (G1 Evacuation Pause)
[2024-12-21T22:17:52.305+0100][info][gc,task        ] GC(116) Using 15 workers of 15 for evacuation
[2024-12-21T22:17:52.305+0100][info][gc,phases      ] GC(116)   Pre Evacuate Collection Set: 0.27ms
[2024-12-21T22:17:52.305+0100][info][gc,phases      ] GC(116)   Merge Heap Roots: 0.13ms
[2024-12-21T22:17:52.305+0100][info][gc,phases      ] GC(116)   Evacuate Collection Set: 0.62ms
[2024-12-21T22:17:52.305+0100][info][gc,phases      ] GC(116)   Post Evacuate Collection Set: 0.60ms
[2024-12-21T22:17:52.305+0100][info][gc,phases      ] GC(116)   Other: 0.12ms
[2024-12-21T22:17:52.305+0100][info][gc,heap        ] GC(116) Eden regions: 2->0(0)
[2024-12-21T22:17:52.305+0100][info][gc,heap        ] GC(116) Survivor regions: 0->0(0)
[2024-12-21T22:17:52.305+0100][info][gc,heap        ] GC(116) Old regions: 1530->1532
[2024-12-21T22:17:52.305+0100][info][gc,heap        ] GC(116) Humongous regions: 4->4
[2024-12-21T22:17:52.305+0100][info][gc,metaspace   ] GC(116) Metaspace: 53694K(54784K)->53694K(54784K) NonClass: 46103K(46784K)->46103K(46784K) Class: 7591K(8000K)->7591K(8000K)
[2024-12-21T22:17:52.305+0100][info][gc             ] GC(116) Pause Young (Concurrent Start) (G1 Evacuation Pause) (Evacuation Failure: Allocation) 12282M->12282M(12288M) 2.038ms
[2024-12-21T22:17:52.305+0100][info][gc             ] GC(117) Concurrent Mark Cycle
[2024-12-21T22:17:52.305+0100][info][gc,cpu         ] GC(116) User=0.00s Sys=0.00s Real=0.00s
[2024-12-21T22:17:52.305+0100][info][gc,marking     ] GC(117) Concurrent Scan Root Regions
[2024-12-21T22:17:52.305+0100][info][gc,ergo        ] Attempting full compaction
[2024-12-21T22:17:52.305+0100][info][gc,start       ] GC(118) Pause Full (G1 Compaction Pause)
[2024-12-21T22:17:52.305+0100][info][gc,task        ] GC(118) Using 15 workers of 15 for full compaction
[2024-12-21T22:17:52.305+0100][info][gc,marking     ] GC(117) Concurrent Scan Root Regions 0.802ms
[2024-12-21T22:17:52.305+0100][info][gc,marking     ] GC(117) Concurrent Mark
[2024-12-21T22:17:52.305+0100][info][gc,marking     ] GC(117) Concurrent Mark From Roots
[2024-12-21T22:17:52.305+0100][info][gc,task        ] GC(117) Using 4 workers of 4 for marking
[2024-12-21T22:17:52.305+0100][info][gc,phases,start] GC(118) Phase 1: Mark live objects
[2024-12-21T22:17:57.830+0100][info][gc,phases      ] GC(118) Phase 1: Mark live objects 5523.670ms
[2024-12-21T22:17:57.830+0100][info][gc,phases,start] GC(118) Phase 2: Prepare compaction
[2024-12-21T22:17:57.830+0100][info][gc,phases      ] GC(118) Phase 2: Prepare compaction 3.880ms
[2024-12-21T22:17:57.830+0100][info][gc,phases,start] GC(118) Phase 3: Adjust pointers
[2024-12-21T22:18:10.946+0100][info][gc,phases      ] GC(118) Phase 3: Adjust pointers 13103.084ms
[2024-12-21T22:18:10.946+0100][info][gc,phases,start] GC(118) Phase 4: Compact heap
[2024-12-21T22:18:11.134+0100][info][gc,phases      ] GC(118) Phase 4: Compact heap 190.289ms
[2024-12-21T22:18:11.134+0100][info][gc,phases,start] GC(118) Phase 5: Reset Metadata
[2024-12-21T22:18:21.208+0100][info][gc,phases      ] GC(118) Phase 5: Reset Metadata 10085.228ms
[2024-12-21T22:18:21.726+0100][info][gc,heap        ] GC(118) Eden regions: 0->0(1)
[2024-12-21T22:18:21.726+0100][info][gc,heap        ] GC(118) Survivor regions: 0->0(0)
[2024-12-21T22:18:21.726+0100][info][gc,heap        ] GC(118) Old regions: 1532->1531
[2024-12-21T22:18:21.726+0100][info][gc,heap        ] GC(118) Humongous regions: 4->4
[2024-12-21T22:18:21.726+0100][info][gc,metaspace   ] GC(118) Metaspace: 53694K(54784K)->53694K(54784K) NonClass: 46103K(46784K)->46103K(46784K) Class: 7591K(8000K)->7591K(8000K)
[2024-12-21T22:18:21.742+0100][info][gc             ] GC(118) Pause Full (G1 Compaction Pause) 12282M->12274M(12288M) 29432.706ms
[2024-12-21T22:18:21.742+0100][info][gc,cpu         ] GC(118) User=3.16s Sys=254.36s Real=29.44s
[2024-12-21T22:18:21.742+0100][info][gc,marking     ] GC(117) Concurrent Mark From Roots 29439.534ms
[2024-12-21T22:18:21.742+0100][info][gc,marking     ] GC(117) Concurrent Mark Abort
[2024-12-21T22:18:21.742+0100][info][gc             ] GC(117) Concurrent Mark Cycle 29440.547ms
[2024-12-21T22:18:21.829+0100][info][gc,start       ] GC(119) Pause Young (Normal) (G1 Evacuation Pause)
[2024-12-21T22:18:21.829+0100][info][gc,task        ] GC(119) Using 15 workers of 15 for evacuation
[2024-12-21T22:18:21.860+0100][info][gc,phases      ] GC(119)   Pre Evacuate Collection Set: 3.50ms
[2024-12-21T22:18:21.860+0100][info][gc,phases      ] GC(119)   Merge Heap Roots: 0.80ms
[2024-12-21T22:18:21.860+0100][info][gc,phases      ] GC(119)   Evacuate Collection Set: 9.69ms
[2024-12-21T22:18:21.860+0100][info][gc,phases      ] GC(119)   Post Evacuate Collection Set: 24.77ms
[2024-12-21T22:18:21.860+0100][info][gc,phases      ] GC(119)   Other: 5.74ms
[2024-12-21T22:18:21.860+0100][info][gc,heap        ] GC(119) Eden regions: 1->0(0)
[2024-12-21T22:18:21.860+0100][info][gc,heap        ] GC(119) Survivor regions: 0->0(0)
[2024-12-21T22:18:21.860+0100][info][gc,heap        ] GC(119) Old regions: 1531->1532
[2024-12-21T22:18:21.860+0100][info][gc,heap        ] GC(119) Humongous regions: 4->4
[2024-12-21T22:18:21.860+0100][info][gc,metaspace   ] GC(119) Metaspace: 53694K(54784K)->53694K(54784K) NonClass: 46103K(46784K)->46103K(46784K) Class: 7591K(8000K)->7591K(8000K)
[2024-12-21T22:18:21.860+0100][info][gc             ] GC(119) Pause Young (Normal) (G1 Evacuation Pause) (Evacuation Failure: Allocation) 12282M->12282M(12288M) 44.919ms
[2024-12-21T22:18:21.860+0100][info][gc,cpu         ] GC(119) User=0.00s Sys=0.02s Real=0.03s
[2024-12-21T22:18:21.860+0100][info][gc,ergo        ] Attempting full compaction
[2024-12-21T22:18:21.860+0100][info][gc,start       ] GC(120) Pause Full (G1 Compaction Pause)
[2024-12-21T22:18:21.860+0100][info][gc,task        ] GC(120) Using 15 workers of 15 for full compaction
[2024-12-21T22:18:21.860+0100][info][gc,phases,start] GC(120) Phase 1: Mark live objects
[2024-12-21T22:18:30.252+0100][info][gc,phases      ] GC(120) Phase 1: Mark live objects 8383.902ms
[2024-12-21T22:18:30.252+0100][info][gc,phases,start] GC(120) Phase 2: Prepare compaction
[2024-12-21T22:18:30.268+0100][info][gc,phases      ] GC(120) Phase 2: Prepare compaction 10.020ms
[2024-12-21T22:18:30.268+0100][info][gc,phases,start] GC(120) Phase 3: Adjust pointers
[2024-12-21T22:18:35.226+0100][info][gc,phases      ] GC(120) Phase 3: Adjust pointers 4953.865ms
[2024-12-21T22:18:35.226+0100][info][gc,phases,start] GC(120) Phase 4: Compact heap
[2024-12-21T22:18:35.367+0100][info][gc,phases      ] GC(120) Phase 4: Compact heap 143.449ms
[2024-12-21T22:18:35.367+0100][info][gc,phases,start] GC(120) Phase 5: Reset Metadata
[2024-12-21T22:18:41.314+0100][info][gc,phases      ] GC(120) Phase 5: Reset Metadata 5943.724ms
[2024-12-21T22:18:41.502+0100][info][gc,heap        ] GC(120) Eden regions: 0->0(1)
[2024-12-21T22:18:41.502+0100][info][gc,heap        ] GC(120) Survivor regions: 0->0(0)
[2024-12-21T22:18:41.502+0100][info][gc,heap        ] GC(120) Old regions: 1532->1531
[2024-12-21T22:18:41.502+0100][info][gc,heap        ] GC(120) Humongous regions: 4->4
[2024-12-21T22:18:41.502+0100][info][gc,metaspace   ] GC(120) Metaspace: 53694K(54784K)->53639K(54784K) NonClass: 46103K(46784K)->46062K(46784K) Class: 7591K(8000K)->7576K(8000K)
[2024-12-21T22:18:41.502+0100][info][gc             ] GC(120) Pause Full (G1 Compaction Pause) 12282M->12271M(12288M) 19636.082ms
[2024-12-21T22:18:41.502+0100][info][gc,cpu         ] GC(120) User=1.88s Sys=121.55s Real=19.64s
[2024-12-21T22:18:41.565+0100][info][gc,start       ] GC(121) Pause Young (Concurrent Start) (G1 Evacuation Pause)
[2024-12-21T22:18:41.565+0100][info][gc,task        ] GC(121) Using 15 workers of 15 for evacuation
[2024-12-21T22:18:41.565+0100][info][gc,phases      ] GC(121)   Pre Evacuate Collection Set: 1.63ms
[2024-12-21T22:18:41.565+0100][info][gc,phases      ] GC(121)   Merge Heap Roots: 1.78ms
[2024-12-21T22:18:41.565+0100][info][gc,phases      ] GC(121)   Evacuate Collection Set: 7.52ms
[2024-12-21T22:18:41.565+0100][info][gc,phases      ] GC(121)   Post Evacuate Collection Set: 2.40ms
[2024-12-21T22:18:41.565+0100][info][gc,phases      ] GC(121)   Other: 0.48ms
[2024-12-21T22:18:41.565+0100][info][gc,heap        ] GC(121) Eden regions: 1->0(0)
[2024-12-21T22:18:41.565+0100][info][gc,heap        ] GC(121) Survivor regions: 0->0(0)
[2024-12-21T22:18:41.565+0100][info][gc,heap        ] GC(121) Old regions: 1531->1532
[2024-12-21T22:18:41.565+0100][info][gc,heap        ] GC(121) Humongous regions: 4->4
[2024-12-21T22:18:41.565+0100][info][gc,metaspace   ] GC(121) Metaspace: 53640K(54784K)->53640K(54784K) NonClass: 46064K(46784K)->46064K(46784K) Class: 7576K(8000K)->7576K(8000K)
[2024-12-21T22:18:41.565+0100][info][gc             ] GC(121) Pause Young (Concurrent Start) (G1 Evacuation Pause) (Evacuation Failure: Allocation) 12279M->12279M(12288M) 14.113ms
[2024-12-21T22:18:41.565+0100][info][gc,cpu         ] GC(121) User=0.00s Sys=0.00s Real=0.00s
[2024-12-21T22:18:41.565+0100][info][gc,ergo        ] Attempting full compaction
[2024-12-21T22:18:41.565+0100][info][gc             ] GC(122) Concurrent Mark Cycle
[2024-12-21T22:18:41.565+0100][info][gc,start       ] GC(123) Pause Full (G1 Compaction Pause)
[2024-12-21T22:18:41.565+0100][info][gc,marking     ] GC(122) Concurrent Scan Root Regions
[2024-12-21T22:18:41.565+0100][info][gc,task        ] GC(123) Using 15 workers of 15 for full compaction
[2024-12-21T22:18:41.580+0100][info][gc,marking     ] GC(122) Concurrent Scan Root Regions 1.055ms
[2024-12-21T22:18:41.580+0100][info][gc,marking     ] GC(122) Concurrent Mark
[2024-12-21T22:18:41.580+0100][info][gc,marking     ] GC(122) Concurrent Mark From Roots
[2024-12-21T22:18:41.580+0100][info][gc,task        ] GC(122) Using 4 workers of 4 for marking
[2024-12-21T22:18:41.580+0100][info][gc,phases,start] GC(123) Phase 1: Mark live objects
[2024-12-21T22:18:41.832+0100][info][gc,phases      ] GC(123) Phase 1: Mark live objects 258.429ms
[2024-12-21T22:18:41.832+0100][info][gc,phases,start] GC(123) Phase 2: Prepare compaction
[2024-12-21T22:18:41.832+0100][info][gc,phases      ] GC(123) Phase 2: Prepare compaction 1.164ms
[2024-12-21T22:18:41.832+0100][info][gc,phases,start] GC(123) Phase 3: Adjust pointers
[2024-12-21T22:18:41.917+0100][info][gc,phases      ] GC(123) Phase 3: Adjust pointers 83.314ms
[2024-12-21T22:18:41.917+0100][info][gc,phases,start] GC(123) Phase 4: Compact heap
[2024-12-21T22:18:41.932+0100][info][gc,phases      ] GC(123) Phase 4: Compact heap 5.201ms
[2024-12-21T22:18:41.932+0100][info][gc,phases,start] GC(123) Phase 5: Reset Metadata
[2024-12-21T22:18:42.011+0100][info][gc,phases      ] GC(123) Phase 5: Reset Metadata 77.693ms
[2024-12-21T22:18:42.011+0100][info][gc,heap        ] GC(123) Eden regions: 0->0(1)
[2024-12-21T22:18:42.011+0100][info][gc,heap        ] GC(123) Survivor regions: 0->0(0)
[2024-12-21T22:18:42.011+0100][info][gc,heap        ] GC(123) Old regions: 1532->1531
[2024-12-21T22:18:42.011+0100][info][gc,heap        ] GC(123) Humongous regions: 4->4
[2024-12-21T22:18:42.011+0100][info][gc,metaspace   ] GC(123) Metaspace: 53640K(54784K)->53640K(54784K) NonClass: 46064K(46784K)->46064K(46784K) Class: 7576K(8000K)->7576K(8000K)
[2024-12-21T22:18:42.011+0100][info][gc             ] GC(123) Pause Full (G1 Compaction Pause) 12279M->12275M(12288M) 444.963ms
[2024-12-21T22:18:42.011+0100][info][gc,cpu         ] GC(123) User=2.12s Sys=0.02s Real=0.45s
[2024-12-21T22:18:42.011+0100][info][gc,marking     ] GC(122) Concurrent Mark From Roots 443.894ms
[2024-12-21T22:18:42.011+0100][info][gc,marking     ] GC(122) Concurrent Mark Abort
[2024-12-21T22:18:42.011+0100][info][gc             ] GC(122) Concurrent Mark Cycle 445.300ms
[2024-12-21T22:18:42.084+0100][info][gc,start       ] GC(124) Pause Young (Normal) (G1 Evacuation Pause)
[2024-12-21T22:18:42.084+0100][info][gc,task        ] GC(124) Using 15 workers of 15 for evacuation
[2024-12-21T22:18:42.084+0100][info][gc,phases      ] GC(124)   Pre Evacuate Collection Set: 0.95ms
[2024-12-21T22:18:42.084+0100][info][gc,phases      ] GC(124)   Merge Heap Roots: 0.14ms
[2024-12-21T22:18:42.084+0100][info][gc,phases      ] GC(124)   Evacuate Collection Set: 4.28ms
[2024-12-21T22:18:42.084+0100][info][gc,phases      ] GC(124)   Post Evacuate Collection Set: 0.59ms
[2024-12-21T22:18:42.084+0100][info][gc,phases      ] GC(124)   Other: 0.11ms
[2024-12-21T22:18:42.084+0100][info][gc,heap        ] GC(124) Eden regions: 1->0(0)
[2024-12-21T22:18:42.084+0100][info][gc,heap        ] GC(124) Survivor regions: 0->0(0)
[2024-12-21T22:18:42.084+0100][info][gc,heap        ] GC(124) Old regions: 1531->1532
[2024-12-21T22:18:42.084+0100][info][gc,heap        ] GC(124) Humongous regions: 4->4
[2024-12-21T22:18:42.084+0100][info][gc,metaspace   ] GC(124) Metaspace: 53648K(54784K)->53648K(54784K) NonClass: 46069K(46784K)->46069K(46784K) Class: 7578K(8000K)->7578K(8000K)
[2024-12-21T22:18:42.084+0100][info][gc             ] GC(124) Pause Young (Normal) (G1 Evacuation Pause) (Evacuation Failure: Allocation) 12283M->12283M(12288M) 6.414ms
[2024-12-21T22:18:42.084+0100][info][gc,cpu         ] GC(124) User=0.00s Sys=0.00s Real=0.00s
[2024-12-21T22:18:42.084+0100][info][gc,ergo        ] Attempting full compaction
[2024-12-21T22:18:42.084+0100][info][gc,start       ] GC(125) Pause Full (G1 Compaction Pause)
[2024-12-21T22:18:42.084+0100][info][gc,task        ] GC(125) Using 15 workers of 15 for full compaction
[2024-12-21T22:18:42.084+0100][info][gc,phases,start] GC(125) Phase 1: Mark live objects
[2024-12-21T22:18:42.304+0100][info][gc,phases      ] GC(125) Phase 1: Mark live objects 227.404ms
[2024-12-21T22:18:42.304+0100][info][gc,phases,start] GC(125) Phase 2: Prepare compaction
[2024-12-21T22:18:42.304+0100][info][gc,phases      ] GC(125) Phase 2: Prepare compaction 1.001ms
[2024-12-21T22:18:42.304+0100][info][gc,phases,start] GC(125) Phase 3: Adjust pointers
[2024-12-21T22:18:42.398+0100][info][gc,phases      ] GC(125) Phase 3: Adjust pointers 84.307ms
[2024-12-21T22:18:42.398+0100][info][gc,phases,start] GC(125) Phase 4: Compact heap
[2024-12-21T22:18:42.414+0100][info][gc,phases      ] GC(125) Phase 4: Compact heap 11.716ms
[2024-12-21T22:18:42.414+0100][info][gc,phases,start] GC(125) Phase 5: Reset Metadata
[2024-12-21T22:18:42.492+0100][info][gc,phases      ] GC(125) Phase 5: Reset Metadata 79.335ms
[2024-12-21T22:18:42.495+0100][info][gc,heap        ] GC(125) Eden regions: 0->0(0)
[2024-12-21T22:18:42.495+0100][info][gc,heap        ] GC(125) Survivor regions: 0->0(0)
[2024-12-21T22:18:42.495+0100][info][gc,heap        ] GC(125) Old regions: 1532->1532
[2024-12-21T22:18:42.495+0100][info][gc,heap        ] GC(125) Humongous regions: 4->4
[2024-12-21T22:18:42.495+0100][info][gc,metaspace   ] GC(125) Metaspace: 53648K(54784K)->53644K(54784K) NonClass: 46069K(46784K)->46066K(46784K) Class: 7578K(8000K)->7577K(8000K)
[2024-12-21T22:18:42.495+0100][info][gc             ] GC(125) Pause Full (G1 Compaction Pause) 12283M->12279M(12288M) 414.974ms
[2024-12-21T22:18:42.495+0100][info][gc,cpu         ] GC(125) User=3.50s Sys=0.08s Real=0.41s
[2024-12-21T22:18:42.495+0100][info][gc,ergo        ] Attempting maximal full compaction clearing soft references
[2024-12-21T22:18:42.495+0100][info][gc,start       ] GC(126) Pause Full (G1 Compaction Pause)
[2024-12-21T22:18:42.495+0100][info][gc,task        ] GC(126) Using 15 workers of 15 for full compaction
[2024-12-21T22:18:42.495+0100][info][gc,phases,start] GC(126) Phase 1: Mark live objects
[2024-12-21T22:18:42.649+0100][info][gc,phases      ] GC(126) Phase 1: Mark live objects 149.029ms
[2024-12-21T22:18:42.649+0100][info][gc,phases,start] GC(126) Phase 2: Prepare compaction
[2024-12-21T22:18:46.948+0100][info][gc,phases      ] GC(126) Phase 2: Prepare compaction 4299.848ms
[2024-12-21T22:18:46.948+0100][info][gc,phases,start] GC(126) Phase 3: Adjust pointers
[2024-12-21T22:18:58.687+0100][info][gc,phases      ] GC(126) Phase 3: Adjust pointers 11731.533ms
[2024-12-21T22:18:58.687+0100][info][gc,phases,start] GC(126) Phase 4: Compact heap
[2024-12-21T22:19:10.566+0100][info][gc,phases      ] GC(126) Phase 4: Compact heap 11886.013ms
[2024-12-21T22:19:10.566+0100][info][gc,phases,start] GC(126) Phase 5: Reset Metadata
[2024-12-21T22:19:10.581+0100][info][gc,phases      ] GC(126) Phase 5: Reset Metadata 14.450ms
[2024-12-21T22:19:10.660+0100][info][gc,heap        ] GC(126) Eden regions: 0->0(3)
[2024-12-21T22:19:10.660+0100][info][gc,heap        ] GC(126) Survivor regions: 0->0(0)
[2024-12-21T22:19:10.660+0100][info][gc,heap        ] GC(126) Old regions: 1532->1529
[2024-12-21T22:19:10.660+0100][info][gc,heap        ] GC(126) Humongous regions: 4->4
[2024-12-21T22:19:10.660+0100][info][gc,metaspace   ] GC(126) Metaspace: 53644K(54784K)->53644K(54784K) NonClass: 46066K(46784K)->46066K(46784K) Class: 7577K(8000K)->7577K(8000K)
[2024-12-21T22:19:10.660+0100][info][gc             ] GC(126) Pause Full (G1 Compaction Pause) 12279M->12255M(12288M) 28168.936ms
[2024-12-21T22:19:10.660+0100][info][gc,cpu         ] GC(126) User=4.44s Sys=171.94s Real=28.17s
[2024-12-21T22:19:10.788+0100][info][gc,start       ] GC(127) Pause Young (Concurrent Start) (G1 Evacuation Pause)
[2024-12-21T22:19:10.788+0100][info][gc,task        ] GC(127) Using 15 workers of 15 for evacuation
[2024-12-21T22:19:10.788+0100][info][gc,phases      ] GC(127)   Pre Evacuate Collection Set: 1.40ms
[2024-12-21T22:19:10.788+0100][info][gc,phases      ] GC(127)   Merge Heap Roots: 0.25ms
[2024-12-21T22:19:10.788+0100][info][gc,phases      ] GC(127)   Evacuate Collection Set: 4.02ms
[2024-12-21T22:19:10.788+0100][info][gc,phases      ] GC(127)   Post Evacuate Collection Set: 1.71ms
[2024-12-21T22:19:10.788+0100][info][gc,phases      ] GC(127)   Other: 0.90ms
[2024-12-21T22:19:10.788+0100][info][gc,heap        ] GC(127) Eden regions: 3->0(0)
[2024-12-21T22:19:10.788+0100][info][gc,heap        ] GC(127) Survivor regions: 0->0(0)
[2024-12-21T22:19:10.788+0100][info][gc,heap        ] GC(127) Old regions: 1529->1532
[2024-12-21T22:19:10.788+0100][info][gc,heap        ] GC(127) Humongous regions: 4->4
[2024-12-21T22:19:10.788+0100][info][gc,metaspace   ] GC(127) Metaspace: 53669K(54784K)->53669K(54784K) NonClass: 46088K(46784K)->46088K(46784K) Class: 7580K(8000K)->7580K(8000K)
[2024-12-21T22:19:10.788+0100][info][gc             ] GC(127) Pause Young (Concurrent Start) (G1 Evacuation Pause) (Evacuation Failure: Allocation) 12279M->12279M(12288M) 8.479ms
[2024-12-21T22:19:10.788+0100][info][gc             ] GC(128) Concurrent Mark Cycle
[2024-12-21T22:19:10.788+0100][info][gc,cpu         ] GC(127) User=0.00s Sys=0.00s Real=0.00s
[2024-12-21T22:19:10.788+0100][info][gc,marking     ] GC(128) Concurrent Scan Root Regions
[2024-12-21T22:19:10.788+0100][info][gc,ergo        ] Attempting full compaction
[2024-12-21T22:19:10.788+0100][info][gc,start       ] GC(129) Pause Full (G1 Compaction Pause)
[2024-12-21T22:19:10.788+0100][info][gc,task        ] GC(129) Using 15 workers of 15 for full compaction
[2024-12-21T22:19:10.788+0100][info][gc,marking     ] GC(128) Concurrent Scan Root Regions 0.954ms
[2024-12-21T22:19:10.788+0100][info][gc,marking     ] GC(128) Concurrent Mark
[2024-12-21T22:19:10.788+0100][info][gc,marking     ] GC(128) Concurrent Mark From Roots
[2024-12-21T22:19:10.788+0100][info][gc,task        ] GC(128) Using 4 workers of 4 for marking
[2024-12-21T22:19:10.788+0100][info][gc,phases,start] GC(129) Phase 1: Mark live objects
[2024-12-21T22:19:22.555+0100][info][gc,phases      ] GC(129) Phase 1: Mark live objects 11756.772ms
[2024-12-21T22:19:22.555+0100][info][gc,phases,start] GC(129) Phase 2: Prepare compaction
[2024-12-21T22:19:22.603+0100][info][gc,phases      ] GC(129) Phase 2: Prepare compaction 55.910ms
[2024-12-21T22:19:22.603+0100][info][gc,phases,start] GC(129) Phase 3: Adjust pointers
[2024-12-21T22:19:31.397+0100][info][gc,phases      ] GC(129) Phase 3: Adjust pointers 8788.590ms
[2024-12-21T22:19:31.397+0100][info][gc,phases,start] GC(129) Phase 4: Compact heap
[2024-12-21T22:19:31.898+0100][info][gc,phases      ] GC(129) Phase 4: Compact heap 499.001ms
[2024-12-21T22:19:31.898+0100][info][gc,phases,start] GC(129) Phase 5: Reset Metadata
[2024-12-21T22:19:40.316+0100][info][gc,phases      ] GC(129) Phase 5: Reset Metadata 8383.973ms
[2024-12-21T22:19:42.715+0100][info][gc,heap        ] GC(129) Eden regions: 0->0(3)
[2024-12-21T22:19:42.715+0100][info][gc,heap        ] GC(129) Survivor regions: 0->0(0)
[2024-12-21T22:19:42.715+0100][info][gc,heap        ] GC(129) Old regions: 1532->1529
[2024-12-21T22:19:42.715+0100][info][gc,heap        ] GC(129) Humongous regions: 4->4
[2024-12-21T22:19:42.715+0100][info][gc,metaspace   ] GC(129) Metaspace: 53669K(54784K)->53664K(54784K) NonClass: 46088K(46784K)->46085K(46784K) Class: 7580K(8000K)->7578K(8000K)
[2024-12-21T22:19:42.717+0100][info][gc             ] GC(129) Pause Full (G1 Compaction Pause) 12279M->12261M(12288M) 31924.653ms
[2024-12-21T22:19:42.717+0100][info][gc,cpu         ] GC(129) User=5.78s Sys=138.02s Real=31.93s
[2024-12-21T22:19:42.725+0100][info][gc,marking     ] GC(128) Concurrent Mark From Roots 31927.742ms
[2024-12-21T22:19:42.726+0100][info][gc,marking     ] GC(128) Concurrent Mark Abort
[2024-12-21T22:19:42.726+0100][info][gc             ] GC(128) Concurrent Mark Cycle 31928.997ms
[2024-12-21T22:19:43.722+0100][info][gc,start       ] GC(130) Pause Young (Normal) (G1 Evacuation Pause)
[2024-12-21T22:19:43.722+0100][info][gc,task        ] GC(130) Using 15 workers of 15 for evacuation
[2024-12-21T22:19:43.748+0100][info][gc,phases      ] GC(130)   Pre Evacuate Collection Set: 4.38ms
[2024-12-21T22:19:43.748+0100][info][gc,phases      ] GC(130)   Merge Heap Roots: 7.91ms
[2024-12-21T22:19:43.748+0100][info][gc,phases      ] GC(130)   Evacuate Collection Set: 5.95ms
[2024-12-21T22:19:43.748+0100][info][gc,phases      ] GC(130)   Post Evacuate Collection Set: 6.42ms
[2024-12-21T22:19:43.748+0100][info][gc,phases      ] GC(130)   Other: 1.63ms
[2024-12-21T22:19:43.748+0100][info][gc,heap        ] GC(130) Eden regions: 3->0(0)
[2024-12-21T22:19:43.748+0100][info][gc,heap        ] GC(130) Survivor regions: 0->0(0)
[2024-12-21T22:19:43.748+0100][info][gc,heap        ] GC(130) Old regions: 1529->1532
[2024-12-21T22:19:43.748+0100][info][gc,heap        ] GC(130) Humongous regions: 4->4
[2024-12-21T22:19:43.748+0100][info][gc,metaspace   ] GC(130) Metaspace: 53752K(54784K)->53752K(54784K) NonClass: 46151K(46784K)->46151K(46784K) Class: 7600K(8000K)->7600K(8000K)
[2024-12-21T22:19:43.748+0100][info][gc             ] GC(130) Pause Young (Normal) (G1 Evacuation Pause) (Evacuation Failure: Allocation) 12285M->12285M(12288M) 26.969ms
[2024-12-21T22:19:43.748+0100][info][gc,cpu         ] GC(130) User=0.00s Sys=0.05s Real=0.03s
[2024-12-21T22:19:43.748+0100][info][gc,ergo        ] Attempting full compaction
[2024-12-21T22:19:43.748+0100][info][gc,start       ] GC(131) Pause Full (G1 Compaction Pause)
[2024-12-21T22:19:43.749+0100][info][gc,task        ] GC(131) Using 15 workers of 15 for full compaction
[2024-12-21T22:19:43.751+0100][info][gc,phases,start] GC(131) Phase 1: Mark live objects
[2024-12-21T22:19:53.235+0100][info][gc,phases      ] GC(131) Phase 1: Mark live objects 9484.152ms
[2024-12-21T22:19:53.239+0100][info][gc,phases,start] GC(131) Phase 2: Prepare compaction
[2024-12-21T22:19:53.268+0100][info][gc,phases      ] GC(131) Phase 2: Prepare compaction 29.677ms
[2024-12-21T22:19:53.268+0100][info][gc,phases,start] GC(131) Phase 3: Adjust pointers
[2024-12-21T22:20:00.256+0100][info][gc,phases      ] GC(131) Phase 3: Adjust pointers 6994.115ms
[2024-12-21T22:20:00.287+0100][info][gc,phases,start] GC(131) Phase 4: Compact heap
[2024-12-21T22:20:00.570+0100][info][gc,phases      ] GC(131) Phase 4: Compact heap 294.578ms
[2024-12-21T22:20:00.570+0100][info][gc,phases,start] GC(131) Phase 5: Reset Metadata
[2024-12-21T22:20:06.978+0100][info][gc,phases      ] GC(131) Phase 5: Reset Metadata 6399.851ms
[2024-12-21T22:20:07.596+0100][info][gc,heap        ] GC(131) Eden regions: 0->0(2)
[2024-12-21T22:20:07.596+0100][info][gc,heap        ] GC(131) Survivor regions: 0->0(0)
[2024-12-21T22:20:07.596+0100][info][gc,heap        ] GC(131) Old regions: 1532->1530
[2024-12-21T22:20:07.596+0100][info][gc,heap        ] GC(131) Humongous regions: 4->4
[2024-12-21T22:20:07.596+0100][info][gc,metaspace   ] GC(131) Metaspace: 53752K(54784K)->53700K(54784K) NonClass: 46151K(46784K)->46114K(46784K) Class: 7600K(8000K)->7586K(8000K)
[2024-12-21T22:20:07.596+0100][info][gc             ] GC(131) Pause Full (G1 Compaction Pause) 12285M->12265M(12288M) 23854.909ms
[2024-12-21T22:20:07.596+0100][info][gc,cpu         ] GC(131) User=8.52s Sys=121.42s Real=23.85s
[2024-12-21T22:20:07.982+0100][info][gc,start       ] GC(132) Pause Young (Concurrent Start) (G1 Evacuation Pause)
[2024-12-21T22:20:07.982+0100][info][gc,task        ] GC(132) Using 15 workers of 15 for evacuation
[2024-12-21T22:20:08.023+0100][info][gc,phases      ] GC(132)   Pre Evacuate Collection Set: 9.59ms
[2024-12-21T22:20:08.023+0100][info][gc,phases      ] GC(132)   Merge Heap Roots: 2.28ms
[2024-12-21T22:20:08.023+0100][info][gc,phases      ] GC(132)   Evacuate Collection Set: 16.30ms
[2024-12-21T22:20:08.023+0100][info][gc,phases      ] GC(132)   Post Evacuate Collection Set: 10.84ms
[2024-12-21T22:20:08.023+0100][info][gc,phases      ] GC(132)   Other: 1.50ms
[2024-12-21T22:20:08.023+0100][info][gc,heap        ] GC(132) Eden regions: 2->0(0)
[2024-12-21T22:20:08.023+0100][info][gc,heap        ] GC(132) Survivor regions: 0->0(0)
[2024-12-21T22:20:08.023+0100][info][gc,heap        ] GC(132) Old regions: 1530->1532
[2024-12-21T22:20:08.024+0100][info][gc,heap        ] GC(132) Humongous regions: 4->4
[2024-12-21T22:20:08.024+0100][info][gc,metaspace   ] GC(132) Metaspace: 53708K(54784K)->53708K(54784K) NonClass: 46121K(46784K)->46121K(46784K) Class: 7587K(8000K)->7587K(8000K)
[2024-12-21T22:20:08.024+0100][info][gc             ] GC(132) Pause Young (Concurrent Start) (G1 Evacuation Pause) (Evacuation Failure: Allocation) 12281M->12281M(12288M) 41.785ms
[2024-12-21T22:20:08.025+0100][info][gc,cpu         ] GC(132) User=0.02s Sys=0.03s Real=0.04s
[2024-12-21T22:20:08.025+0100][info][gc             ] GC(133) Concurrent Mark Cycle
[2024-12-21T22:20:08.026+0100][info][gc,ergo        ] Attempting full compaction
[2024-12-21T22:20:08.026+0100][info][gc,marking     ] GC(133) Concurrent Scan Root Regions
[2024-12-21T22:20:08.026+0100][info][gc,start       ] GC(134) Pause Full (G1 Compaction Pause)
[2024-12-21T22:20:08.026+0100][info][gc,task        ] GC(134) Using 15 workers of 15 for full compaction
[2024-12-21T22:20:08.026+0100][info][gc,marking     ] GC(133) Concurrent Scan Root Regions 2.224ms
[2024-12-21T22:20:08.026+0100][info][gc,marking     ] GC(133) Concurrent Mark
[2024-12-21T22:20:08.026+0100][info][gc,marking     ] GC(133) Concurrent Mark From Roots
[2024-12-21T22:20:08.026+0100][info][gc,task        ] GC(133) Using 4 workers of 4 for marking
[2024-12-21T22:20:08.041+0100][info][gc,phases,start] GC(134) Phase 1: Mark live objects
[2024-12-21T22:20:18.385+0100][info][gc,phases      ] GC(134) Phase 1: Mark live objects 10343.213ms
[2024-12-21T22:20:18.385+0100][info][gc,phases,start] GC(134) Phase 2: Prepare compaction
[2024-12-21T22:20:18.422+0100][info][gc,phases      ] GC(134) Phase 2: Prepare compaction 39.067ms
[2024-12-21T22:20:18.422+0100][info][gc,phases,start] GC(134) Phase 3: Adjust pointers
[2024-12-21T22:20:27.499+0100][info][gc,phases      ] GC(134) Phase 3: Adjust pointers 9075.455ms
[2024-12-21T22:20:27.499+0100][info][gc,phases,start] GC(134) Phase 4: Compact heap
[2024-12-21T22:20:28.378+0100][info][gc,phases      ] GC(134) Phase 4: Compact heap 880.372ms
[2024-12-21T22:20:28.378+0100][info][gc,phases,start] GC(134) Phase 5: Reset Metadata
[2024-12-21T22:20:35.017+0100][info][gc,phases      ] GC(134) Phase 5: Reset Metadata 6638.742ms
[2024-12-21T22:20:35.237+0100][info][gc,heap        ] GC(134) Eden regions: 0->0(2)
[2024-12-21T22:20:35.237+0100][info][gc,heap        ] GC(134) Survivor regions: 0->0(0)
[2024-12-21T22:20:35.237+0100][info][gc,heap        ] GC(134) Old regions: 1532->1530
[2024-12-21T22:20:35.237+0100][info][gc,heap        ] GC(134) Humongous regions: 4->4
[2024-12-21T22:20:35.237+0100][info][gc,metaspace   ] GC(134) Metaspace: 53708K(54784K)->53698K(54784K) NonClass: 46121K(46784K)->46113K(46784K) Class: 7587K(8000K)->7584K(8000K)
[2024-12-21T22:20:35.237+0100][info][gc             ] GC(134) Pause Full (G1 Compaction Pause) 12281M->12267M(12288M) 27222.831ms
[2024-12-21T22:20:35.237+0100][info][gc,cpu         ] GC(134) User=7.55s Sys=165.66s Real=27.21s
[2024-12-21T22:20:35.237+0100][info][gc,marking     ] GC(133) Concurrent Mark From Roots 27223.885ms
[2024-12-21T22:20:35.252+0100][info][gc,marking     ] GC(133) Concurrent Mark Abort
[2024-12-21T22:20:35.252+0100][info][gc             ] GC(133) Concurrent Mark Cycle 27226.895ms
[2024-12-21T22:20:35.362+0100][info][gc,start       ] GC(135) Pause Young (Normal) (G1 Evacuation Pause)
[2024-12-21T22:20:35.362+0100][info][gc,task        ] GC(135) Using 15 workers of 15 for evacuation
[2024-12-21T22:20:35.394+0100][info][gc,phases      ] GC(135)   Pre Evacuate Collection Set: 3.97ms
[2024-12-21T22:20:35.394+0100][info][gc,phases      ] GC(135)   Merge Heap Roots: 4.46ms
[2024-12-21T22:20:35.394+0100][info][gc,phases      ] GC(135)   Evacuate Collection Set: 18.53ms
[2024-12-21T22:20:35.394+0100][info][gc,phases      ] GC(135)   Post Evacuate Collection Set: 5.91ms
[2024-12-21T22:20:35.394+0100][info][gc,phases      ] GC(135)   Other: 3.43ms
[2024-12-21T22:20:35.394+0100][info][gc,heap        ] GC(135) Eden regions: 2->0(0)
[2024-12-21T22:20:35.394+0100][info][gc,heap        ] GC(135) Survivor regions: 0->0(0)
[2024-12-21T22:20:35.394+0100][info][gc,heap        ] GC(135) Old regions: 1530->1532
[2024-12-21T22:20:35.394+0100][info][gc,heap        ] GC(135) Humongous regions: 4->4
[2024-12-21T22:20:35.394+0100][info][gc,metaspace   ] GC(135) Metaspace: 53698K(54784K)->53698K(54784K) NonClass: 46113K(46784K)->46113K(46784K) Class: 7584K(8000K)->7584K(8000K)
[2024-12-21T22:20:35.394+0100][info][gc             ] GC(135) Pause Young (Normal) (G1 Evacuation Pause) (Evacuation Failure: Allocation) 12283M->12283M(12288M) 37.036ms
[2024-12-21T22:20:35.394+0100][info][gc,cpu         ] GC(135) User=0.00s Sys=0.05s Real=0.03s
[2024-12-21T22:20:35.394+0100][info][gc,ergo        ] Attempting full compaction
[2024-12-21T22:20:35.394+0100][info][gc,start       ] GC(136) Pause Full (G1 Compaction Pause)
[2024-12-21T22:20:35.394+0100][info][gc,task        ] GC(136) Using 15 workers of 15 for full compaction
[2024-12-21T22:20:35.394+0100][info][gc,phases,start] GC(136) Phase 1: Mark live objects
[2024-12-21T22:20:44.282+0100][info][gc,phases      ] GC(136) Phase 1: Mark live objects 8882.896ms
[2024-12-21T22:20:44.282+0100][info][gc,phases,start] GC(136) Phase 2: Prepare compaction
[2024-12-21T22:20:44.361+0100][info][gc,phases      ] GC(136) Phase 2: Prepare compaction 84.728ms
[2024-12-21T22:20:44.361+0100][info][gc,phases,start] GC(136) Phase 3: Adjust pointers
[2024-12-21T22:20:47.706+0100][info][gc,phases      ] GC(136) Phase 3: Adjust pointers 3339.495ms
[2024-12-21T22:20:47.706+0100][info][gc,phases,start] GC(136) Phase 4: Compact heap
[2024-12-21T22:20:47.801+0100][info][gc,phases      ] GC(136) Phase 4: Compact heap 99.973ms
[2024-12-21T22:20:47.801+0100][info][gc,phases,start] GC(136) Phase 5: Reset Metadata
[2024-12-21T22:20:51.428+0100][info][gc,phases      ] GC(136) Phase 5: Reset Metadata 3626.364ms
[2024-12-21T22:20:51.538+0100][info][gc,heap        ] GC(136) Eden regions: 0->0(1)
[2024-12-21T22:20:51.538+0100][info][gc,heap        ] GC(136) Survivor regions: 0->0(0)
[2024-12-21T22:20:51.538+0100][info][gc,heap        ] GC(136) Old regions: 1532->1531
[2024-12-21T22:20:51.538+0100][info][gc,heap        ] GC(136) Humongous regions: 4->4
[2024-12-21T22:20:51.538+0100][info][gc,metaspace   ] GC(136) Metaspace: 53698K(54784K)->53698K(54784K) NonClass: 46113K(46784K)->46113K(46784K) Class: 7584K(8000K)->7584K(8000K)
[2024-12-21T22:20:51.553+0100][info][gc             ] GC(136) Pause Full (G1 Compaction Pause) 12283M->12275M(12288M) 16155.713ms
[2024-12-21T22:20:51.553+0100][info][gc,cpu         ] GC(136) User=5.38s Sys=95.25s Real=16.16s
[2024-12-21T22:20:51.680+0100][info][gc,start       ] GC(137) Pause Young (Concurrent Start) (G1 Evacuation Pause)
[2024-12-21T22:20:51.680+0100][info][gc,task        ] GC(137) Using 15 workers of 15 for evacuation
[2024-12-21T22:20:51.727+0100][info][gc,phases      ] GC(137)   Pre Evacuate Collection Set: 13.47ms
[2024-12-21T22:20:51.727+0100][info][gc,phases      ] GC(137)   Merge Heap Roots: 1.56ms
[2024-12-21T22:20:51.727+0100][info][gc,phases      ] GC(137)   Evacuate Collection Set: 22.96ms
[2024-12-21T22:20:51.727+0100][info][gc,phases      ] GC(137)   Post Evacuate Collection Set: 7.20ms
[2024-12-21T22:20:51.727+0100][info][gc,phases      ] GC(137)   Other: 3.29ms
[2024-12-21T22:20:51.727+0100][info][gc,heap        ] GC(137) Eden regions: 1->0(0)
[2024-12-21T22:20:51.727+0100][info][gc,heap        ] GC(137) Survivor regions: 0->0(0)
[2024-12-21T22:20:51.727+0100][info][gc,heap        ] GC(137) Old regions: 1531->1532
[2024-12-21T22:20:51.727+0100][info][gc,heap        ] GC(137) Humongous regions: 4->4
[2024-12-21T22:20:51.727+0100][info][gc,metaspace   ] GC(137) Metaspace: 53698K(54784K)->53698K(54784K) NonClass: 46113K(46784K)->46113K(46784K) Class: 7584K(8000K)->7584K(8000K)
[2024-12-21T22:20:51.727+0100][info][gc             ] GC(137) Pause Young (Concurrent Start) (G1 Evacuation Pause) (Evacuation Failure: Allocation) 12283M->12283M(12288M) 49.635ms
[2024-12-21T22:20:51.727+0100][info][gc,cpu         ] GC(137) User=0.02s Sys=0.05s Real=0.05s
[2024-12-21T22:20:51.727+0100][info][gc             ] GC(138) Concurrent Mark Cycle
[2024-12-21T22:20:51.727+0100][info][gc,ergo        ] Attempting full compaction
[2024-12-21T22:20:51.727+0100][info][gc,marking     ] GC(138) Concurrent Scan Root Regions
[2024-12-21T22:20:51.727+0100][info][gc,start       ] GC(139) Pause Full (G1 Compaction Pause)
[2024-12-21T22:20:51.727+0100][info][gc,task        ] GC(139) Using 15 workers of 15 for full compaction
[2024-12-21T22:20:51.742+0100][info][gc,phases,start] GC(139) Phase 1: Mark live objects
[2024-12-21T22:20:51.742+0100][info][gc,marking     ] GC(138) Concurrent Scan Root Regions 13.320ms
[2024-12-21T22:20:58.340+0100][info][gc,phases      ] GC(139) Phase 1: Mark live objects 6597.092ms
[2024-12-21T22:20:58.340+0100][info][gc,phases,start] GC(139) Phase 2: Prepare compaction
[2024-12-21T22:20:58.356+0100][info][gc,phases      ] GC(139) Phase 2: Prepare compaction 15.471ms
[2024-12-21T22:20:58.356+0100][info][gc,phases,start] GC(139) Phase 3: Adjust pointers
[2024-12-21T22:21:02.331+0100][info][gc,phases      ] GC(139) Phase 3: Adjust pointers 3970.953ms
[2024-12-21T22:21:02.331+0100][info][gc,phases,start] GC(139) Phase 4: Compact heap
[2024-12-21T22:21:02.582+0100][info][gc,phases      ] GC(139) Phase 4: Compact heap 252.557ms
[2024-12-21T22:21:02.582+0100][info][gc,phases,start] GC(139) Phase 5: Reset Metadata
[2024-12-21T22:21:07.763+0100][info][gc,phases      ] GC(139) Phase 5: Reset Metadata 5187.459ms
[2024-12-21T22:21:08.375+0100][info][gc,heap        ] GC(139) Eden regions: 0->0(0)
[2024-12-21T22:21:08.375+0100][info][gc,heap        ] GC(139) Survivor regions: 0->0(0)
[2024-12-21T22:21:08.375+0100][info][gc,heap        ] GC(139) Old regions: 1532->1532
[2024-12-21T22:21:08.375+0100][info][gc,heap        ] GC(139) Humongous regions: 4->4
[2024-12-21T22:21:08.375+0100][info][gc,metaspace   ] GC(139) Metaspace: 53698K(54784K)->53698K(54784K) NonClass: 46113K(46784K)->46113K(46784K) Class: 7584K(8000K)->7584K(8000K)
[2024-12-21T22:21:08.375+0100][info][gc             ] GC(139) Pause Full (G1 Compaction Pause) 12283M->12280M(12288M) 16653.184ms
[2024-12-21T22:21:08.375+0100][info][gc,cpu         ] GC(139) User=6.55s Sys=88.97s Real=16.65s
[2024-12-21T22:21:08.375+0100][info][gc,ergo        ] Attempting maximal full compaction clearing soft references
[2024-12-21T22:21:08.375+0100][info][gc,start       ] GC(140) Pause Full (G1 Compaction Pause)
[2024-12-21T22:21:08.375+0100][info][gc,task        ] GC(140) Using 15 workers of 15 for full compaction
[2024-12-21T22:21:08.391+0100][info][gc,phases,start] GC(140) Phase 1: Mark live objects
[2024-12-21T22:21:13.249+0100][info][gc,phases      ] GC(140) Phase 1: Mark live objects 4846.895ms
[2024-12-21T22:21:13.249+0100][info][gc,phases,start] GC(140) Phase 2: Prepare compaction
[2024-12-21T22:21:22.885+0100][info][gc,phases      ] GC(140) Phase 2: Prepare compaction 9625.638ms
[2024-12-21T22:21:22.889+0100][info][gc,phases,start] GC(140) Phase 3: Adjust pointers
[2024-12-21T22:21:33.861+0100][info][gc,phases      ] GC(140) Phase 3: Adjust pointers 10979.476ms
[2024-12-21T22:21:33.861+0100][info][gc,phases,start] GC(140) Phase 4: Compact heap
[2024-12-21T22:22:00.610+0100][info][gc,phases      ] GC(140) Phase 4: Compact heap 26744.024ms
[2024-12-21T22:22:00.610+0100][info][gc,phases,start] GC(140) Phase 5: Reset Metadata
[2024-12-21T22:22:00.657+0100][info][gc,phases      ] GC(140) Phase 5: Reset Metadata 42.782ms
[2024-12-21T22:22:01.197+0100][info][gc,heap        ] GC(140) Eden regions: 0->0(0)
[2024-12-21T22:22:01.197+0100][info][gc,heap        ] GC(140) Survivor regions: 0->0(0)
[2024-12-21T22:22:01.197+0100][info][gc,heap        ] GC(140) Old regions: 1532->1532
[2024-12-21T22:22:01.197+0100][info][gc,heap        ] GC(140) Humongous regions: 4->4
[2024-12-21T22:22:01.197+0100][info][gc,metaspace   ] GC(140) Metaspace: 53698K(54784K)->53698K(54784K) NonClass: 46113K(46784K)->46113K(46784K) Class: 7584K(8000K)->7584K(8000K)
[2024-12-21T22:22:01.203+0100][info][gc             ] GC(140) Pause Full (G1 Compaction Pause) 12280M->12278M(12288M) 52818.300ms
[2024-12-21T22:22:01.203+0100][info][gc,cpu         ] GC(140) User=9.52s Sys=161.14s Real=52.83s
[2024-12-21T22:22:01.207+0100][info][gc,marking     ] GC(138) Concurrent Mark Abort
[2024-12-21T22:22:01.207+0100][info][gc             ] GC(138) Concurrent Mark Cycle 69484.269ms
[2024-12-21T22:22:01.278+0100][info][gc,start       ] GC(141) Pause Young (Normal) (G1 Evacuation Pause)
[2024-12-21T22:22:01.278+0100][info][gc,task        ] GC(141) Using 15 workers of 15 for evacuation
[2024-12-21T22:22:01.307+0100][info][gc,phases      ] GC(141)   Pre Evacuate Collection Set: 5.12ms
[2024-12-21T22:22:01.307+0100][info][gc,phases      ] GC(141)   Merge Heap Roots: 0.89ms
[2024-12-21T22:22:01.307+0100][info][gc,phases      ] GC(141)   Evacuate Collection Set: 12.82ms
[2024-12-21T22:22:01.307+0100][info][gc,phases      ] GC(141)   Post Evacuate Collection Set: 6.64ms
[2024-12-21T22:22:01.307+0100][info][gc,phases      ] GC(141)   Other: 4.58ms
[2024-12-21T22:22:01.307+0100][info][gc,heap        ] GC(141) Eden regions: 0->0(0)
[2024-12-21T22:22:01.307+0100][info][gc,heap        ] GC(141) Survivor regions: 0->0(0)
[2024-12-21T22:22:01.307+0100][info][gc,heap        ] GC(141) Old regions: 1532->1532
[2024-12-21T22:22:01.307+0100][info][gc,heap        ] GC(141) Humongous regions: 4->4
[2024-12-21T22:22:01.307+0100][info][gc,metaspace   ] GC(141) Metaspace: 53699K(54784K)->53699K(54784K) NonClass: 46114K(46784K)->46114K(46784K) Class: 7585K(8000K)->7585K(8000K)
[2024-12-21T22:22:01.307+0100][info][gc             ] GC(141) Pause Young (Normal) (G1 Evacuation Pause) 12278M->12278M(12288M) 30.725ms
[2024-12-21T22:22:01.307+0100][info][gc,cpu         ] GC(141) User=0.00s Sys=0.03s Real=0.03s
[2024-12-21T22:22:01.307+0100][info][gc,ergo        ] Attempting full compaction
[2024-12-21T22:22:01.307+0100][info][gc,start       ] GC(142) Pause Full (G1 Compaction Pause)
[2024-12-21T22:22:01.309+0100][info][gc,task        ] GC(142) Using 15 workers of 15 for full compaction
[2024-12-21T22:22:01.309+0100][info][gc,phases,start] GC(142) Phase 1: Mark live objects
[2024-12-21T22:22:24.377+0100][info][gc,phases      ] GC(142) Phase 1: Mark live objects 23070.552ms
[2024-12-21T22:22:24.377+0100][info][gc,phases,start] GC(142) Phase 2: Prepare compaction
[2024-12-21T22:22:24.393+0100][info][gc,phases      ] GC(142) Phase 2: Prepare compaction 20.018ms
[2024-12-21T22:22:24.393+0100][info][gc,phases,start] GC(142) Phase 3: Adjust pointers
[2024-12-21T22:22:43.532+0100][info][gc,phases      ] GC(142) Phase 3: Adjust pointers 19136.211ms
[2024-12-21T22:22:43.532+0100][info][gc,phases,start] GC(142) Phase 4: Compact heap
[2024-12-21T22:22:43.548+0100][info][gc,phases      ] GC(142) Phase 4: Compact heap 3.986ms
[2024-12-21T22:22:43.548+0100][info][gc,phases,start] GC(142) Phase 5: Reset Metadata
[2024-12-21T22:23:00.457+0100][info][gc,phases      ] GC(142) Phase 5: Reset Metadata 16909.181ms
[2024-12-21T22:23:00.852+0100][info][gc,heap        ] GC(142) Eden regions: 0->0(0)
[2024-12-21T22:23:00.852+0100][info][gc,heap        ] GC(142) Survivor regions: 0->0(0)
[2024-12-21T22:23:00.852+0100][info][gc,heap        ] GC(142) Old regions: 1532->1532
[2024-12-21T22:23:00.852+0100][info][gc,heap        ] GC(142) Humongous regions: 4->4
[2024-12-21T22:23:00.852+0100][info][gc,metaspace   ] GC(142) Metaspace: 53699K(54784K)->53699K(54784K) NonClass: 46114K(46784K)->46114K(46784K) Class: 7585K(8000K)->7585K(8000K)
[2024-12-21T22:23:00.852+0100][info][gc             ] GC(142) Pause Full (G1 Compaction Pause) 12278M->12278M(12288M) 59549.522ms
[2024-12-21T22:23:00.852+0100][info][gc,cpu         ] GC(142) User=2.50s Sys=116.16s Real=59.55s
[2024-12-21T22:23:00.852+0100][info][gc,ergo        ] Attempting maximal full compaction clearing soft references
[2024-12-21T22:23:00.852+0100][info][gc,start       ] GC(143) Pause Full (G1 Compaction Pause)
[2024-12-21T22:23:00.852+0100][info][gc,task        ] GC(143) Using 15 workers of 15 for full compaction
[2024-12-21T22:23:00.852+0100][info][gc,phases,start] GC(143) Phase 1: Mark live objects
[2024-12-21T22:23:12.413+0100][info][gc,phases      ] GC(143) Phase 1: Mark live objects 11556.675ms
[2024-12-21T22:23:12.428+0100][info][gc,phases,start] GC(143) Phase 2: Prepare compaction
[2024-12-21T22:23:23.772+0100][info][gc,phases      ] GC(143) Phase 2: Prepare compaction 11352.662ms
[2024-12-21T22:23:23.787+0100][info][gc,phases,start] GC(143) Phase 3: Adjust pointers
[2024-12-21T22:23:33.228+0100][info][gc,phases      ] GC(143) Phase 3: Adjust pointers 9445.365ms
[2024-12-21T22:23:33.228+0100][info][gc,phases,start] GC(143) Phase 4: Compact heap
[2024-12-21T22:23:47.435+0100][info][gc,phases      ] GC(143) Phase 4: Compact heap 14187.358ms
[2024-12-21T22:23:47.439+0100][info][gc,phases,start] GC(143) Phase 5: Reset Metadata
[2024-12-21T22:23:47.499+0100][info][gc,phases      ] GC(143) Phase 5: Reset Metadata 60.658ms
[2024-12-21T22:23:48.071+0100][info][gc,heap        ] GC(143) Eden regions: 0->0(0)
[2024-12-21T22:23:48.075+0100][info][gc,heap        ] GC(143) Survivor regions: 0->0(0)
[2024-12-21T22:23:48.075+0100][info][gc,heap        ] GC(143) Old regions: 1532->1532
[2024-12-21T22:23:48.075+0100][info][gc,heap        ] GC(143) Humongous regions: 4->4
[2024-12-21T22:23:48.075+0100][info][gc,metaspace   ] GC(143) Metaspace: 53699K(54784K)->53699K(54784K) NonClass: 46114K(46784K)->46114K(46784K) Class: 7585K(8000K)->7585K(8000K)
[2024-12-21T22:23:48.075+0100][info][gc             ] GC(143) Pause Full (G1 Compaction Pause) 12278M->12278M(12288M) 47222.235ms
[2024-12-21T22:23:48.075+0100][info][gc,cpu         ] GC(143) User=4.27s Sys=223.14s Real=47.22s
[2024-12-21T22:23:48.119+0100][info][gc,start       ] GC(144) Pause Young (Concurrent Start) (G1 Evacuation Pause)
[2024-12-21T22:23:48.119+0100][info][gc,task        ] GC(144) Using 15 workers of 15 for evacuation
[2024-12-21T22:23:48.182+0100][info][gc,phases      ] GC(144)   Pre Evacuate Collection Set: 17.34ms
[2024-12-21T22:23:48.182+0100][info][gc,phases      ] GC(144)   Merge Heap Roots: 2.93ms
[2024-12-21T22:23:48.182+0100][info][gc,phases      ] GC(144)   Evacuate Collection Set: 40.67ms
[2024-12-21T22:23:48.182+0100][info][gc,phases      ] GC(144)   Post Evacuate Collection Set: 9.42ms
[2024-12-21T22:23:48.182+0100][info][gc,phases      ] GC(144)   Other: 6.34ms
[2024-12-21T22:23:48.182+0100][info][gc,heap        ] GC(144) Eden regions: 0->0(0)
[2024-12-21T22:23:48.182+0100][info][gc,heap        ] GC(144) Survivor regions: 0->0(0)
[2024-12-21T22:23:48.182+0100][info][gc,heap        ] GC(144) Old regions: 1532->1532
[2024-12-21T22:23:48.182+0100][info][gc,heap        ] GC(144) Humongous regions: 4->4
[2024-12-21T22:23:48.182+0100][info][gc,metaspace   ] GC(144) Metaspace: 53699K(54784K)->53699K(54784K) NonClass: 46114K(46784K)->46114K(46784K) Class: 7585K(8000K)->7585K(8000K)
[2024-12-21T22:23:48.197+0100][info][gc             ] GC(144) Pause Young (Concurrent Start) (G1 Evacuation Pause) 12278M->12278M(12288M) 78.485ms
[2024-12-21T22:23:48.197+0100][info][gc,cpu         ] GC(144) User=0.02s Sys=0.05s Real=0.08s
[2024-12-21T22:23:48.197+0100][info][gc,ergo        ] Attempting full compaction
[2024-12-21T22:23:48.197+0100][info][gc,start       ] GC(145) Pause Full (G1 Compaction Pause)
[2024-12-21T22:23:48.197+0100][info][gc,task        ] GC(145) Using 15 workers of 15 for full compaction
[2024-12-21T22:23:48.197+0100][info][gc             ] GC(146) Concurrent Mark Cycle
[2024-12-21T22:23:48.197+0100][info][gc,marking     ] GC(146) Concurrent Scan Root Regions
[2024-12-21T22:23:48.197+0100][info][gc,phases,start] GC(145) Phase 1: Mark live objects
[2024-12-21T22:23:48.197+0100][info][gc,marking     ] GC(146) Concurrent Scan Root Regions 12.375ms
[2024-12-21T22:24:08.020+0100][info][gc,phases      ] GC(145) Phase 1: Mark live objects 19809.816ms
[2024-12-21T22:24:08.020+0100][info][gc,phases,start] GC(145) Phase 2: Prepare compaction
[2024-12-21T22:24:08.020+0100][info][gc,phases      ] GC(145) Phase 2: Prepare compaction 9.349ms
[2024-12-21T22:24:08.020+0100][info][gc,phases,start] GC(145) Phase 3: Adjust pointers
[2024-12-21T22:24:18.469+0100][info][gc,phases      ] GC(145) Phase 3: Adjust pointers 10430.494ms
[2024-12-21T22:24:18.471+0100][info][gc,phases,start] GC(145) Phase 4: Compact heap
[2024-12-21T22:24:18.474+0100][info][gc,phases      ] GC(145) Phase 4: Compact heap 3.095ms
[2024-12-21T22:24:18.474+0100][info][gc,phases,start] GC(145) Phase 5: Reset Metadata
[2024-12-21T22:24:25.574+0100][info][gc,phases      ] GC(145) Phase 5: Reset Metadata 7108.168ms
[2024-12-21T22:24:25.973+0100][info][gc,heap        ] GC(145) Eden regions: 0->0(0)
[2024-12-21T22:24:25.979+0100][info][gc,heap        ] GC(145) Survivor regions: 0->0(0)
[2024-12-21T22:24:25.979+0100][info][gc,heap        ] GC(145) Old regions: 1532->1532
[2024-12-21T22:24:25.979+0100][info][gc,heap        ] GC(145) Humongous regions: 4->4
[2024-12-21T22:24:25.980+0100][info][gc,metaspace   ] GC(145) Metaspace: 53699K(54784K)->53699K(54784K) NonClass: 46114K(46784K)->46114K(46784K) Class: 7585K(8000K)->7585K(8000K)
[2024-12-21T22:24:25.980+0100][info][gc             ] GC(145) Pause Full (G1 Compaction Pause) 12278M->12278M(12288M) 37785.558ms
[2024-12-21T22:24:25.980+0100][info][gc,cpu         ] GC(145) User=4.30s Sys=123.97s Real=37.78s
[2024-12-21T22:24:25.980+0100][info][gc,ergo        ] Attempting maximal full compaction clearing soft references
[2024-12-21T22:24:25.980+0100][info][gc,start       ] GC(147) Pause Full (G1 Compaction Pause)
[2024-12-21T22:24:25.980+0100][info][gc,task        ] GC(147) Using 15 workers of 15 for full compaction
[2024-12-21T22:24:25.995+0100][info][gc,phases,start] GC(147) Phase 1: Mark live objects
[2024-12-21T22:24:37.953+0100][info][gc,phases      ] GC(147) Phase 1: Mark live objects 11953.636ms
[2024-12-21T22:24:37.955+0100][info][gc,phases,start] GC(147) Phase 2: Prepare compaction
