[2024-12-21T22:12:52.176+0100][info][gc,init] CardTable entry size: 512
[2024-12-21T22:12:52.176+0100][info][gc     ] Using G1
[2024-12-21T22:12:52.288+0100][info][gc,init] Version: 22.0.2+9-70 (release)
[2024-12-21T22:12:52.288+0100][info][gc,init] CPUs: 20 total, 20 available
[2024-12-21T22:12:52.288+0100][info][gc,init] Memory: 16108M
[2024-12-21T22:12:52.288+0100][info][gc,init] Large Page Support: Disabled
[2024-12-21T22:12:52.288+0100][info][gc,init] NUMA Support: Disabled
[2024-12-21T22:12:52.288+0100][info][gc,init] Compressed Oops: Enabled (Zero based)
[2024-12-21T22:12:52.288+0100][info][gc,init] Heap Region Size: 8M
[2024-12-21T22:12:52.288+0100][info][gc,init] Heap Min Capacity: 12G
[2024-12-21T22:12:52.288+0100][info][gc,init] Heap Initial Capacity: 12G
[2024-12-21T22:12:52.297+0100][info][gc,init] Heap Max Capacity: 12G
[2024-12-21T22:12:52.297+0100][info][gc,init] Pre-touch: Disabled
[2024-12-21T22:12:52.297+0100][info][gc,init] Parallel Workers: 15
[2024-12-21T22:12:52.297+0100][info][gc,init] Concurrent Workers: 4
[2024-12-21T22:12:52.297+0100][info][gc,init] Concurrent Refinement Workers: 15
[2024-12-21T22:12:52.297+0100][info][gc,init] Periodic GC: Disabled
[2024-12-21T22:12:52.303+0100][info][gc,metaspace] CDS archive(s) mapped at: [0x0000021eec000000-0x0000021eecc60000-0x0000021eecc60000), size 12976128, SharedBaseAddress: 0x0000021eec000000, ArchiveRelocationMode: 1.
[2024-12-21T22:12:52.303+0100][info][gc,metaspace] Compressed class space mapped at: 0x0000021eed000000-0x0000021f2d000000, reserved size: 1073741824
[2024-12-21T22:12:52.303+0100][info][gc,metaspace] Narrow klass base: 0x0000021eec000000, Narrow klass shift: 0, Narrow klass range: 0x41000000
[2024-12-21T22:12:53.420+0100][info][gc,start    ] GC(0) Pause Young (Normal) (G1 Evacuation Pause)
[2024-12-21T22:12:53.420+0100][info][gc,task     ] GC(0) Using 15 workers of 15 for evacuation
[2024-12-21T22:12:53.436+0100][info][gc,phases   ] GC(0)   Pre Evacuate Collection Set: 0.19ms
[2024-12-21T22:12:53.436+0100][info][gc,phases   ] GC(0)   Merge Heap Roots: 0.14ms
[2024-12-21T22:12:53.436+0100][info][gc,phases   ] GC(0)   Evacuate Collection Set: 27.43ms
[2024-12-21T22:12:53.436+0100][info][gc,phases   ] GC(0)   Post Evacuate Collection Set: 0.63ms
[2024-12-21T22:12:53.436+0100][info][gc,phases   ] GC(0)   Other: 0.55ms
[2024-12-21T22:12:53.436+0100][info][gc,heap     ] GC(0) Eden regions: 76->0(67)
[2024-12-21T22:12:53.436+0100][info][gc,heap     ] GC(0) Survivor regions: 0->9(10)
[2024-12-21T22:12:53.436+0100][info][gc,heap     ] GC(0) Old regions: 0->0
[2024-12-21T22:12:53.436+0100][info][gc,heap     ] GC(0) Humongous regions: 0->0
[2024-12-21T22:12:53.436+0100][info][gc,metaspace] GC(0) Metaspace: 3734K(3968K)->3734K(3968K) NonClass: 3398K(3520K)->3398K(3520K) Class: 336K(448K)->336K(448K)
[2024-12-21T22:12:53.436+0100][info][gc          ] GC(0) Pause Young (Normal) (G1 Evacuation Pause) 608M->69M(12288M) 29.274ms
[2024-12-21T22:12:53.436+0100][info][gc,cpu      ] GC(0) User=0.03s Sys=0.00s Real=0.02s
[2024-12-21T22:12:53.787+0100][info][gc,start    ] GC(1) Pause Young (Normal) (G1 Evacuation Pause)
[2024-12-21T22:12:53.787+0100][info][gc,task     ] GC(1) Using 15 workers of 15 for evacuation
[2024-12-21T22:12:53.831+0100][info][gc,phases   ] GC(1)   Pre Evacuate Collection Set: 0.25ms
[2024-12-21T22:12:53.831+0100][info][gc,phases   ] GC(1)   Merge Heap Roots: 0.07ms
[2024-12-21T22:12:53.831+0100][info][gc,phases   ] GC(1)   Evacuate Collection Set: 42.86ms
[2024-12-21T22:12:53.831+0100][info][gc,phases   ] GC(1)   Post Evacuate Collection Set: 0.51ms
[2024-12-21T22:12:53.831+0100][info][gc,phases   ] GC(1)   Other: 0.09ms
[2024-12-21T22:12:53.831+0100][info][gc,heap     ] GC(1) Eden regions: 67->0(69)
[2024-12-21T22:12:53.831+0100][info][gc,heap     ] GC(1) Survivor regions: 9->7(10)
[2024-12-21T22:12:53.831+0100][info][gc,heap     ] GC(1) Old regions: 0->9
[2024-12-21T22:12:53.831+0100][info][gc,heap     ] GC(1) Humongous regions: 0->0
[2024-12-21T22:12:53.831+0100][info][gc,metaspace] GC(1) Metaspace: 3747K(3968K)->3747K(3968K) NonClass: 3408K(3520K)->3408K(3520K) Class: 338K(448K)->338K(448K)
[2024-12-21T22:12:53.831+0100][info][gc          ] GC(1) Pause Young (Normal) (G1 Evacuation Pause) 605M->122M(12288M) 44.141ms
[2024-12-21T22:12:53.831+0100][info][gc,cpu      ] GC(1) User=0.19s Sys=0.05s Real=0.04s
[2024-12-21T22:12:54.168+0100][info][gc,start    ] GC(2) Pause Young (Normal) (G1 Evacuation Pause)
[2024-12-21T22:12:54.168+0100][info][gc,task     ] GC(2) Using 15 workers of 15 for evacuation
[2024-12-21T22:12:54.200+0100][info][gc,phases   ] GC(2)   Pre Evacuate Collection Set: 0.24ms
[2024-12-21T22:12:54.200+0100][info][gc,phases   ] GC(2)   Merge Heap Roots: 0.15ms
[2024-12-21T22:12:54.200+0100][info][gc,phases   ] GC(2)   Evacuate Collection Set: 30.58ms
[2024-12-21T22:12:54.200+0100][info][gc,phases   ] GC(2)   Post Evacuate Collection Set: 0.38ms
[2024-12-21T22:12:54.200+0100][info][gc,phases   ] GC(2)   Other: 0.10ms
[2024-12-21T22:12:54.200+0100][info][gc,heap     ] GC(2) Eden regions: 69->0(69)
[2024-12-21T22:12:54.200+0100][info][gc,heap     ] GC(2) Survivor regions: 7->7(10)
[2024-12-21T22:12:54.200+0100][info][gc,heap     ] GC(2) Old regions: 9->16
[2024-12-21T22:12:54.200+0100][info][gc,heap     ] GC(2) Humongous regions: 0->0
[2024-12-21T22:12:54.200+0100][info][gc,metaspace] GC(2) Metaspace: 3753K(3968K)->3753K(3968K) NonClass: 3415K(3520K)->3415K(3520K) Class: 338K(448K)->338K(448K)
[2024-12-21T22:12:54.200+0100][info][gc          ] GC(2) Pause Young (Normal) (G1 Evacuation Pause) (Evacuation Failure: Pinned) 674M->181M(12288M) 31.752ms
[2024-12-21T22:12:54.200+0100][info][gc,cpu      ] GC(2) User=0.33s Sys=0.00s Real=0.03s
[2024-12-21T22:12:55.525+0100][info][gc,start    ] GC(3) Pause Young (Normal) (G1 Evacuation Pause)
[2024-12-21T22:12:55.525+0100][info][gc,task     ] GC(3) Using 15 workers of 15 for evacuation
[2024-12-21T22:12:55.594+0100][info][gc,phases   ] GC(3)   Pre Evacuate Collection Set: 0.29ms
[2024-12-21T22:12:55.594+0100][info][gc,phases   ] GC(3)   Merge Heap Roots: 0.50ms
[2024-12-21T22:12:55.594+0100][info][gc,phases   ] GC(3)   Evacuate Collection Set: 52.02ms
[2024-12-21T22:12:55.594+0100][info][gc,phases   ] GC(3)   Post Evacuate Collection Set: 0.64ms
[2024-12-21T22:12:55.594+0100][info][gc,phases   ] GC(3)   Other: 0.09ms
[2024-12-21T22:12:55.594+0100][info][gc,heap     ] GC(3) Eden regions: 69->0(69)
[2024-12-21T22:12:55.594+0100][info][gc,heap     ] GC(3) Survivor regions: 7->7(10)
[2024-12-21T22:12:55.594+0100][info][gc,heap     ] GC(3) Old regions: 16->20
[2024-12-21T22:12:55.594+0100][info][gc,heap     ] GC(3) Humongous regions: 0->0
[2024-12-21T22:12:55.594+0100][info][gc,metaspace] GC(3) Metaspace: 8807K(9152K)->8807K(9152K) NonClass: 7913K(8128K)->7913K(8128K) Class: 894K(1024K)->894K(1024K)
[2024-12-21T22:12:55.594+0100][info][gc          ] GC(3) Pause Young (Normal) (G1 Evacuation Pause) 733M->212M(12288M) 53.847ms
[2024-12-21T22:12:55.594+0100][info][gc,cpu      ] GC(3) User=0.31s Sys=0.00s Real=0.07s
[2024-12-21T22:12:57.250+0100][info][gc,start    ] GC(4) Pause Young (Concurrent Start) (Metadata GC Threshold)
[2024-12-21T22:12:57.250+0100][info][gc,task     ] GC(4) Using 15 workers of 15 for evacuation
[2024-12-21T22:12:57.304+0100][info][gc,phases   ] GC(4)   Pre Evacuate Collection Set: 0.29ms
[2024-12-21T22:12:57.304+0100][info][gc,phases   ] GC(4)   Merge Heap Roots: 0.72ms
[2024-12-21T22:12:57.304+0100][info][gc,phases   ] GC(4)   Evacuate Collection Set: 47.45ms
[2024-12-21T22:12:57.304+0100][info][gc,phases   ] GC(4)   Post Evacuate Collection Set: 0.63ms
[2024-12-21T22:12:57.304+0100][info][gc,phases   ] GC(4)   Other: 0.07ms
[2024-12-21T22:12:57.304+0100][info][gc,heap     ] GC(4) Eden regions: 53->0(72)
[2024-12-21T22:12:57.304+0100][info][gc,heap     ] GC(4) Survivor regions: 7->4(10)
[2024-12-21T22:12:57.304+0100][info][gc,heap     ] GC(4) Old regions: 20->27
[2024-12-21T22:12:57.304+0100][info][gc,heap     ] GC(4) Humongous regions: 4->3
[2024-12-21T22:12:57.304+0100][info][gc,metaspace] GC(4) Metaspace: 21103K(21504K)->21103K(21504K) NonClass: 18483K(18688K)->18483K(18688K) Class: 2620K(2816K)->2620K(2816K)
[2024-12-21T22:12:57.304+0100][info][gc          ] GC(4) Pause Young (Concurrent Start) (Metadata GC Threshold) 667M->264M(12288M) 49.503ms
[2024-12-21T22:12:57.304+0100][info][gc,cpu      ] GC(4) User=0.23s Sys=0.00s Real=0.05s
[2024-12-21T22:12:57.304+0100][info][gc          ] GC(5) Concurrent Mark Cycle
[2024-12-21T22:12:57.304+0100][info][gc,marking  ] GC(5) Concurrent Scan Root Regions
[2024-12-21T22:12:57.314+0100][info][gc,marking  ] GC(5) Concurrent Scan Root Regions 19.436ms
[2024-12-21T22:12:57.314+0100][info][gc,marking  ] GC(5) Concurrent Mark
[2024-12-21T22:12:57.314+0100][info][gc,marking  ] GC(5) Concurrent Mark From Roots
[2024-12-21T22:12:57.314+0100][info][gc,task     ] GC(5) Using 4 workers of 4 for marking
[2024-12-21T22:12:57.369+0100][info][gc,marking  ] GC(5) Concurrent Mark From Roots 47.847ms
[2024-12-21T22:12:57.369+0100][info][gc,marking  ] GC(5) Concurrent Preclean
[2024-12-21T22:12:57.369+0100][info][gc,marking  ] GC(5) Concurrent Preclean 0.037ms
[2024-12-21T22:12:57.369+0100][info][gc,start    ] GC(5) Pause Remark
[2024-12-21T22:12:57.376+0100][info][gc          ] GC(5) Pause Remark 270M->270M(12288M) 4.474ms
[2024-12-21T22:12:57.376+0100][info][gc,cpu      ] GC(5) User=0.00s Sys=0.00s Real=0.01s
[2024-12-21T22:12:57.376+0100][info][gc,marking  ] GC(5) Concurrent Mark 52.685ms
[2024-12-21T22:12:57.376+0100][info][gc,marking  ] GC(5) Concurrent Rebuild Remembered Sets and Scrub Regions
[2024-12-21T22:12:57.424+0100][info][gc,marking  ] GC(5) Concurrent Rebuild Remembered Sets and Scrub Regions 55.590ms
[2024-12-21T22:12:57.424+0100][info][gc,start    ] GC(5) Pause Cleanup
[2024-12-21T22:12:57.424+0100][info][gc          ] GC(5) Pause Cleanup 270M->270M(12288M) 0.209ms
[2024-12-21T22:12:57.424+0100][info][gc,cpu      ] GC(5) User=0.00s Sys=0.00s Real=0.00s
[2024-12-21T22:12:57.424+0100][info][gc,marking  ] GC(5) Concurrent Clear Claimed Marks
[2024-12-21T22:12:57.424+0100][info][gc,marking  ] GC(5) Concurrent Clear Claimed Marks 0.055ms
[2024-12-21T22:12:57.424+0100][info][gc,marking  ] GC(5) Concurrent Cleanup for Next Mark
[2024-12-21T22:12:57.457+0100][info][gc,marking  ] GC(5) Concurrent Cleanup for Next Mark 32.172ms
[2024-12-21T22:12:57.457+0100][info][gc          ] GC(5) Concurrent Mark Cycle 160.679ms
[2024-12-21T22:12:58.266+0100][info][gc,start    ] GC(6) Pause Young (Prepare Mixed) (Metadata GC Threshold)
[2024-12-21T22:12:58.266+0100][info][gc,task     ] GC(6) Using 15 workers of 15 for evacuation
[2024-12-21T22:12:58.282+0100][info][gc,phases   ] GC(6)   Pre Evacuate Collection Set: 0.26ms
[2024-12-21T22:12:58.282+0100][info][gc,phases   ] GC(6)   Merge Heap Roots: 0.11ms
[2024-12-21T22:12:58.282+0100][info][gc,phases   ] GC(6)   Evacuate Collection Set: 10.10ms
[2024-12-21T22:12:58.282+0100][info][gc,phases   ] GC(6)   Post Evacuate Collection Set: 0.99ms
[2024-12-21T22:12:58.282+0100][info][gc,phases   ] GC(6)   Other: 0.08ms
[2024-12-21T22:12:58.282+0100][info][gc,heap     ] GC(6) Eden regions: 8->0(72)
[2024-12-21T22:12:58.282+0100][info][gc,heap     ] GC(6) Survivor regions: 4->4(10)
[2024-12-21T22:12:58.282+0100][info][gc,heap     ] GC(6) Old regions: 27->27
[2024-12-21T22:12:58.282+0100][info][gc,heap     ] GC(6) Humongous regions: 3->3
[2024-12-21T22:12:58.282+0100][info][gc,metaspace] GC(6) Metaspace: 35534K(35968K)->35534K(35968K) NonClass: 30839K(31040K)->30839K(31040K) Class: 4694K(4928K)->4694K(4928K)
[2024-12-21T22:12:58.282+0100][info][gc          ] GC(6) Pause Young (Prepare Mixed) (Metadata GC Threshold) 328M->266M(12288M) 11.746ms
[2024-12-21T22:12:58.282+0100][info][gc,cpu      ] GC(6) User=0.02s Sys=0.00s Real=0.02s
[2024-12-21T22:12:58.294+0100][info][gc,start    ] GC(7) Pause Young (Mixed) (Metadata GC Threshold)
[2024-12-21T22:12:58.294+0100][info][gc,task     ] GC(7) Using 15 workers of 15 for evacuation
[2024-12-21T22:12:58.298+0100][info][gc,phases   ] GC(7)   Pre Evacuate Collection Set: 0.29ms
[2024-12-21T22:12:58.298+0100][info][gc,phases   ] GC(7)   Merge Heap Roots: 0.16ms
[2024-12-21T22:12:58.298+0100][info][gc,phases   ] GC(7)   Evacuate Collection Set: 14.02ms
[2024-12-21T22:12:58.298+0100][info][gc,phases   ] GC(7)   Post Evacuate Collection Set: 0.78ms
[2024-12-21T22:12:58.298+0100][info][gc,phases   ] GC(7)   Other: 0.06ms
[2024-12-21T22:12:58.298+0100][info][gc,heap     ] GC(7) Eden regions: 1->0(72)
[2024-12-21T22:12:58.298+0100][info][gc,heap     ] GC(7) Survivor regions: 4->4(10)
[2024-12-21T22:12:58.298+0100][info][gc,heap     ] GC(7) Old regions: 27->26
[2024-12-21T22:12:58.298+0100][info][gc,heap     ] GC(7) Humongous regions: 3->3
[2024-12-21T22:12:58.298+0100][info][gc,metaspace] GC(7) Metaspace: 35881K(36288K)->35881K(36288K) NonClass: 31159K(31360K)->31159K(31360K) Class: 4722K(4928K)->4722K(4928K)
[2024-12-21T22:12:58.298+0100][info][gc          ] GC(7) Pause Young (Mixed) (Metadata GC Threshold) 271M->254M(12288M) 15.534ms
[2024-12-21T22:12:58.298+0100][info][gc,cpu      ] GC(7) User=0.00s Sys=0.00s Real=0.00s
[2024-12-21T22:12:58.320+0100][info][gc,start    ] GC(8) Pause Young (Concurrent Start) (Metadata GC Threshold)
[2024-12-21T22:12:58.320+0100][info][gc,task     ] GC(8) Using 15 workers of 15 for evacuation
[2024-12-21T22:12:58.320+0100][info][gc,phases   ] GC(8)   Pre Evacuate Collection Set: 0.42ms
[2024-12-21T22:12:58.320+0100][info][gc,phases   ] GC(8)   Merge Heap Roots: 0.13ms
[2024-12-21T22:12:58.320+0100][info][gc,phases   ] GC(8)   Evacuate Collection Set: 8.83ms
[2024-12-21T22:12:58.320+0100][info][gc,phases   ] GC(8)   Post Evacuate Collection Set: 0.77ms
[2024-12-21T22:12:58.320+0100][info][gc,phases   ] GC(8)   Other: 0.18ms
[2024-12-21T22:12:58.320+0100][info][gc,heap     ] GC(8) Eden regions: 1->0(72)
[2024-12-21T22:12:58.320+0100][info][gc,heap     ] GC(8) Survivor regions: 4->4(10)
[2024-12-21T22:12:58.320+0100][info][gc,heap     ] GC(8) Old regions: 26->26
[2024-12-21T22:12:58.320+0100][info][gc,heap     ] GC(8) Humongous regions: 3->3
[2024-12-21T22:12:58.320+0100][info][gc,metaspace] GC(8) Metaspace: 36187K(36608K)->36187K(36608K) NonClass: 31415K(31616K)->31415K(31616K) Class: 4772K(4992K)->4772K(4992K)
[2024-12-21T22:12:58.320+0100][info][gc          ] GC(8) Pause Young (Concurrent Start) (Metadata GC Threshold) 258M->254M(12288M) 10.523ms
[2024-12-21T22:12:58.320+0100][info][gc          ] GC(9) Concurrent Mark Cycle
[2024-12-21T22:12:58.320+0100][info][gc,cpu      ] GC(8) User=0.00s Sys=0.00s Real=0.00s
[2024-12-21T22:12:58.320+0100][info][gc,marking  ] GC(9) Concurrent Scan Root Regions
[2024-12-21T22:12:58.335+0100][info][gc,marking  ] GC(9) Concurrent Scan Root Regions 4.855ms
[2024-12-21T22:12:58.335+0100][info][gc,marking  ] GC(9) Concurrent Mark
[2024-12-21T22:12:58.335+0100][info][gc,marking  ] GC(9) Concurrent Mark From Roots
[2024-12-21T22:12:58.335+0100][info][gc,task     ] GC(9) Using 4 workers of 4 for marking
[2024-12-21T22:12:58.335+0100][info][gc,marking  ] GC(9) Concurrent Mark From Roots 4.057ms
[2024-12-21T22:12:58.335+0100][info][gc,marking  ] GC(9) Concurrent Preclean
[2024-12-21T22:12:58.335+0100][info][gc,marking  ] GC(9) Concurrent Preclean 0.028ms
[2024-12-21T22:12:58.335+0100][info][gc,start    ] GC(9) Pause Remark
[2024-12-21T22:12:58.335+0100][info][gc          ] GC(9) Pause Remark 258M->134M(12288M) 7.511ms
[2024-12-21T22:12:58.335+0100][info][gc,cpu      ] GC(9) User=0.00s Sys=0.00s Real=0.00s
[2024-12-21T22:12:58.335+0100][info][gc,marking  ] GC(9) Concurrent Mark 11.831ms
[2024-12-21T22:12:58.335+0100][info][gc,marking  ] GC(9) Concurrent Rebuild Remembered Sets and Scrub Regions
[2024-12-21T22:12:58.335+0100][info][gc,marking  ] GC(9) Concurrent Rebuild Remembered Sets and Scrub Regions 3.206ms
[2024-12-21T22:12:58.335+0100][info][gc,start    ] GC(9) Pause Cleanup
[2024-12-21T22:12:58.351+0100][info][gc          ] GC(9) Pause Cleanup 134M->134M(12288M) 0.163ms
[2024-12-21T22:12:58.351+0100][info][gc,cpu      ] GC(9) User=0.02s Sys=0.00s Real=0.02s
[2024-12-21T22:12:58.351+0100][info][gc,marking  ] GC(9) Concurrent Clear Claimed Marks
[2024-12-21T22:12:58.351+0100][info][gc,marking  ] GC(9) Concurrent Clear Claimed Marks 0.094ms
[2024-12-21T22:12:58.351+0100][info][gc,marking  ] GC(9) Concurrent Cleanup for Next Mark
[2024-12-21T22:12:58.351+0100][info][gc,marking  ] GC(9) Concurrent Cleanup for Next Mark 6.735ms
[2024-12-21T22:12:58.351+0100][info][gc          ] GC(9) Concurrent Mark Cycle 27.388ms
[2024-12-21T22:13:00.590+0100][info][gc,start    ] GC(10) Pause Young (Prepare Mixed) (G1 Evacuation Pause)
[2024-12-21T22:13:00.591+0100][info][gc,task     ] GC(10) Using 15 workers of 15 for evacuation
[2024-12-21T22:13:00.619+0100][info][gc,phases   ] GC(10)   Pre Evacuate Collection Set: 0.33ms
[2024-12-21T22:13:00.619+0100][info][gc,phases   ] GC(10)   Merge Heap Roots: 0.10ms
[2024-12-21T22:13:00.619+0100][info][gc,phases   ] GC(10)   Evacuate Collection Set: 27.24ms
[2024-12-21T22:13:00.619+0100][info][gc,phases   ] GC(10)   Post Evacuate Collection Set: 1.38ms
[2024-12-21T22:13:00.619+0100][info][gc,phases   ] GC(10)   Other: 0.12ms
[2024-12-21T22:13:00.619+0100][info][gc,heap     ] GC(10) Eden regions: 85->0(66)
[2024-12-21T22:13:00.619+0100][info][gc,heap     ] GC(10) Survivor regions: 4->10(12)
[2024-12-21T22:13:00.619+0100][info][gc,heap     ] GC(10) Old regions: 10->10
[2024-12-21T22:13:00.619+0100][info][gc,heap     ] GC(10) Humongous regions: 10->5
[2024-12-21T22:13:00.619+0100][info][gc,metaspace] GC(10) Metaspace: 53418K(54144K)->53418K(54144K) NonClass: 45859K(46272K)->45859K(46272K) Class: 7558K(7872K)->7558K(7872K)
[2024-12-21T22:13:00.619+0100][info][gc          ] GC(10) Pause Young (Prepare Mixed) (G1 Evacuation Pause) 866M->199M(12288M) 29.470ms
[2024-12-21T22:13:00.619+0100][info][gc,cpu      ] GC(10) User=0.05s Sys=0.02s Real=0.03s
[2024-12-21T22:13:01.840+0100][info][gc,start    ] GC(11) Pause Young (Mixed) (G1 Evacuation Pause)
[2024-12-21T22:13:01.840+0100][info][gc,task     ] GC(11) Using 15 workers of 15 for evacuation
[2024-12-21T22:13:01.883+0100][info][gc,phases   ] GC(11)   Pre Evacuate Collection Set: 0.28ms
[2024-12-21T22:13:01.883+0100][info][gc,phases   ] GC(11)   Merge Heap Roots: 0.11ms
[2024-12-21T22:13:01.883+0100][info][gc,phases   ] GC(11)   Evacuate Collection Set: 42.33ms
[2024-12-21T22:13:01.883+0100][info][gc,phases   ] GC(11)   Post Evacuate Collection Set: 0.91ms
[2024-12-21T22:13:01.883+0100][info][gc,phases   ] GC(11)   Other: 0.08ms
[2024-12-21T22:13:01.883+0100][info][gc,heap     ] GC(11) Eden regions: 66->0(66)
[2024-12-21T22:13:01.883+0100][info][gc,heap     ] GC(11) Survivor regions: 10->10(10)
[2024-12-21T22:13:01.883+0100][info][gc,heap     ] GC(11) Old regions: 10->22
[2024-12-21T22:13:01.883+0100][info][gc,heap     ] GC(11) Humongous regions: 5->4
[2024-12-21T22:13:01.883+0100][info][gc,metaspace] GC(11) Metaspace: 53501K(54272K)->53501K(54272K) NonClass: 45942K(46400K)->45942K(46400K) Class: 7558K(7872K)->7558K(7872K)
[2024-12-21T22:13:01.883+0100][info][gc          ] GC(11) Pause Young (Mixed) (G1 Evacuation Pause) 727M->281M(12288M) 43.932ms
[2024-12-21T22:13:01.883+0100][info][gc,cpu      ] GC(11) User=0.14s Sys=0.00s Real=0.04s
[2024-12-21T22:13:03.329+0100][info][gc,start    ] GC(12) Pause Young (Mixed) (G1 Evacuation Pause)
[2024-12-21T22:13:03.329+0100][info][gc,task     ] GC(12) Using 15 workers of 15 for evacuation
[2024-12-21T22:13:03.359+0100][info][gc,phases   ] GC(12)   Pre Evacuate Collection Set: 0.45ms
[2024-12-21T22:13:03.359+0100][info][gc,phases   ] GC(12)   Merge Heap Roots: 0.17ms
[2024-12-21T22:13:03.359+0100][info][gc,phases   ] GC(12)   Evacuate Collection Set: 28.17ms
[2024-12-21T22:13:03.359+0100][info][gc,phases   ] GC(12)   Post Evacuate Collection Set: 0.44ms
[2024-12-21T22:13:03.359+0100][info][gc,phases   ] GC(12)   Other: 0.08ms
[2024-12-21T22:13:03.359+0100][info][gc,heap     ] GC(12) Eden regions: 66->0(66)
[2024-12-21T22:13:03.359+0100][info][gc,heap     ] GC(12) Survivor regions: 10->10(10)
[2024-12-21T22:13:03.359+0100][info][gc,heap     ] GC(12) Old regions: 22->34
[2024-12-21T22:13:03.359+0100][info][gc,heap     ] GC(12) Humongous regions: 4->4
[2024-12-21T22:13:03.359+0100][info][gc,metaspace] GC(12) Metaspace: 53552K(54272K)->53552K(54272K) NonClass: 45992K(46400K)->45992K(46400K) Class: 7559K(7872K)->7559K(7872K)
[2024-12-21T22:13:03.359+0100][info][gc          ] GC(12) Pause Young (Mixed) (G1 Evacuation Pause) 809M->384M(12288M) 29.572ms
[2024-12-21T22:13:03.359+0100][info][gc,cpu      ] GC(12) User=0.02s Sys=0.03s Real=0.03s
[2024-12-21T22:13:04.951+0100][info][gc,start    ] GC(13) Pause Young (Normal) (G1 Evacuation Pause)
[2024-12-21T22:13:04.951+0100][info][gc,task     ] GC(13) Using 15 workers of 15 for evacuation
[2024-12-21T22:13:04.998+0100][info][gc,phases   ] GC(13)   Pre Evacuate Collection Set: 0.31ms
[2024-12-21T22:13:04.998+0100][info][gc,phases   ] GC(13)   Merge Heap Roots: 0.20ms
[2024-12-21T22:13:04.998+0100][info][gc,phases   ] GC(13)   Evacuate Collection Set: 45.57ms
[2024-12-21T22:13:04.998+0100][info][gc,phases   ] GC(13)   Post Evacuate Collection Set: 0.55ms
[2024-12-21T22:13:04.998+0100][info][gc,phases   ] GC(13)   Other: 0.08ms
[2024-12-21T22:13:04.998+0100][info][gc,heap     ] GC(13) Eden regions: 66->0(66)
[2024-12-21T22:13:04.998+0100][info][gc,heap     ] GC(13) Survivor regions: 10->10(10)
[2024-12-21T22:13:04.998+0100][info][gc,heap     ] GC(13) Old regions: 34->50
[2024-12-21T22:13:04.998+0100][info][gc,heap     ] GC(13) Humongous regions: 4->4
[2024-12-21T22:13:04.998+0100][info][gc,metaspace] GC(13) Metaspace: 53586K(54336K)->53586K(54336K) NonClass: 46025K(46464K)->46025K(46464K) Class: 7561K(7872K)->7561K(7872K)
[2024-12-21T22:13:04.998+0100][info][gc          ] GC(13) Pause Young (Normal) (G1 Evacuation Pause) 912M->509M(12288M) 46.945ms
[2024-12-21T22:13:04.998+0100][info][gc,cpu      ] GC(13) User=0.02s Sys=0.03s Real=0.05s
[2024-12-21T22:13:06.810+0100][info][gc,start    ] GC(14) Pause Young (Normal) (G1 Evacuation Pause)
[2024-12-21T22:13:06.810+0100][info][gc,task     ] GC(14) Using 15 workers of 15 for evacuation
[2024-12-21T22:13:06.858+0100][info][gc,phases   ] GC(14)   Pre Evacuate Collection Set: 0.34ms
[2024-12-21T22:13:06.858+0100][info][gc,phases   ] GC(14)   Merge Heap Roots: 0.19ms
[2024-12-21T22:13:06.858+0100][info][gc,phases   ] GC(14)   Evacuate Collection Set: 46.98ms
[2024-12-21T22:13:06.858+0100][info][gc,phases   ] GC(14)   Post Evacuate Collection Set: 0.47ms
[2024-12-21T22:13:06.858+0100][info][gc,phases   ] GC(14)   Other: 0.08ms
[2024-12-21T22:13:06.858+0100][info][gc,heap     ] GC(14) Eden regions: 66->0(66)
[2024-12-21T22:13:06.858+0100][info][gc,heap     ] GC(14) Survivor regions: 10->10(10)
[2024-12-21T22:13:06.858+0100][info][gc,heap     ] GC(14) Old regions: 50->66
[2024-12-21T22:13:06.858+0100][info][gc,heap     ] GC(14) Humongous regions: 4->4
[2024-12-21T22:13:06.858+0100][info][gc,metaspace] GC(14) Metaspace: 53603K(54400K)->53603K(54400K) NonClass: 46042K(46528K)->46042K(46528K) Class: 7561K(7872K)->7561K(7872K)
[2024-12-21T22:13:06.858+0100][info][gc          ] GC(14) Pause Young (Normal) (G1 Evacuation Pause) 1037M->637M(12288M) 48.333ms
[2024-12-21T22:13:06.858+0100][info][gc,cpu      ] GC(14) User=0.12s Sys=0.02s Real=0.05s
[2024-12-21T22:13:08.775+0100][info][gc,start    ] GC(15) Pause Young (Normal) (G1 Evacuation Pause)
[2024-12-21T22:13:08.775+0100][info][gc,task     ] GC(15) Using 15 workers of 15 for evacuation
[2024-12-21T22:13:08.824+0100][info][gc,phases   ] GC(15)   Pre Evacuate Collection Set: 0.33ms
[2024-12-21T22:13:08.824+0100][info][gc,phases   ] GC(15)   Merge Heap Roots: 0.19ms
[2024-12-21T22:13:08.824+0100][info][gc,phases   ] GC(15)   Evacuate Collection Set: 48.05ms
[2024-12-21T22:13:08.824+0100][info][gc,phases   ] GC(15)   Post Evacuate Collection Set: 0.66ms
[2024-12-21T22:13:08.824+0100][info][gc,phases   ] GC(15)   Other: 0.08ms
[2024-12-21T22:13:08.824+0100][info][gc,heap     ] GC(15) Eden regions: 66->0(66)
[2024-12-21T22:13:08.824+0100][info][gc,heap     ] GC(15) Survivor regions: 10->10(10)
[2024-12-21T22:13:08.824+0100][info][gc,heap     ] GC(15) Old regions: 66->83
[2024-12-21T22:13:08.824+0100][info][gc,heap     ] GC(15) Humongous regions: 4->4
[2024-12-21T22:13:08.824+0100][info][gc,metaspace] GC(15) Metaspace: 53640K(54400K)->53640K(54400K) NonClass: 46071K(46528K)->46071K(46528K) Class: 7568K(7872K)->7568K(7872K)
[2024-12-21T22:13:08.824+0100][info][gc          ] GC(15) Pause Young (Normal) (G1 Evacuation Pause) 1165M->769M(12288M) 49.611ms
[2024-12-21T22:13:08.824+0100][info][gc,cpu      ] GC(15) User=0.09s Sys=0.00s Real=0.05s
[2024-12-21T22:13:10.864+0100][info][gc,start    ] GC(16) Pause Young (Normal) (G1 Evacuation Pause)
[2024-12-21T22:13:10.864+0100][info][gc,task     ] GC(16) Using 15 workers of 15 for evacuation
[2024-12-21T22:13:10.923+0100][info][gc,phases   ] GC(16)   Pre Evacuate Collection Set: 0.24ms
[2024-12-21T22:13:10.923+0100][info][gc,phases   ] GC(16)   Merge Heap Roots: 0.21ms
[2024-12-21T22:13:10.923+0100][info][gc,phases   ] GC(16)   Evacuate Collection Set: 58.34ms
[2024-12-21T22:13:10.923+0100][info][gc,phases   ] GC(16)   Post Evacuate Collection Set: 0.53ms
[2024-12-21T22:13:10.923+0100][info][gc,phases   ] GC(16)   Other: 0.08ms
[2024-12-21T22:13:10.923+0100][info][gc,heap     ] GC(16) Eden regions: 66->0(74)
[2024-12-21T22:13:10.923+0100][info][gc,heap     ] GC(16) Survivor regions: 10->10(10)
[2024-12-21T22:13:10.923+0100][info][gc,heap     ] GC(16) Old regions: 83->99
[2024-12-21T22:13:10.923+0100][info][gc,heap     ] GC(16) Humongous regions: 4->4
[2024-12-21T22:13:10.923+0100][info][gc,metaspace] GC(16) Metaspace: 53740K(54592K)->53740K(54592K) NonClass: 46153K(46656K)->46153K(46656K) Class: 7587K(7936K)->7587K(7936K)
[2024-12-21T22:13:10.924+0100][info][gc          ] GC(16) Pause Young (Normal) (G1 Evacuation Pause) 1297M->904M(12288M) 59.647ms
[2024-12-21T22:13:10.924+0100][info][gc,cpu      ] GC(16) User=0.09s Sys=0.03s Real=0.06s
[2024-12-21T22:13:13.575+0100][info][gc,start    ] GC(17) Pause Young (Normal) (G1 Evacuation Pause)
[2024-12-21T22:13:13.575+0100][info][gc,task     ] GC(17) Using 15 workers of 15 for evacuation
[2024-12-21T22:13:13.634+0100][info][gc,phases   ] GC(17)   Pre Evacuate Collection Set: 0.29ms
[2024-12-21T22:13:13.634+0100][info][gc,phases   ] GC(17)   Merge Heap Roots: 0.22ms
[2024-12-21T22:13:13.634+0100][info][gc,phases   ] GC(17)   Evacuate Collection Set: 57.73ms
[2024-12-21T22:13:13.634+0100][info][gc,phases   ] GC(17)   Post Evacuate Collection Set: 0.46ms
[2024-12-21T22:13:13.634+0100][info][gc,phases   ] GC(17)   Other: 0.10ms
[2024-12-21T22:13:13.634+0100][info][gc,heap     ] GC(17) Eden regions: 81->0(105)
[2024-12-21T22:13:13.634+0100][info][gc,heap     ] GC(17) Survivor regions: 10->12(12)
[2024-12-21T22:13:13.634+0100][info][gc,heap     ] GC(17) Old regions: 99->118
[2024-12-21T22:13:13.634+0100][info][gc,heap     ] GC(17) Humongous regions: 4->4
[2024-12-21T22:13:13.634+0100][info][gc,metaspace] GC(17) Metaspace: 53765K(54592K)->53765K(54592K) NonClass: 46175K(46656K)->46175K(46656K) Class: 7589K(7936K)->7589K(7936K)
[2024-12-21T22:13:13.634+0100][info][gc          ] GC(17) Pause Young (Normal) (G1 Evacuation Pause) 1552M->1069M(12288M) 59.117ms
[2024-12-21T22:13:13.634+0100][info][gc,cpu      ] GC(17) User=0.09s Sys=0.08s Real=0.06s
[2024-12-21T22:13:17.429+0100][info][gc,start    ] GC(18) Pause Young (Normal) (G1 Evacuation Pause)
[2024-12-21T22:13:17.429+0100][info][gc,task     ] GC(18) Using 15 workers of 15 for evacuation
[2024-12-21T22:13:17.522+0100][info][gc,phases   ] GC(18)   Pre Evacuate Collection Set: 0.24ms
[2024-12-21T22:13:17.522+0100][info][gc,phases   ] GC(18)   Merge Heap Roots: 0.27ms
[2024-12-21T22:13:17.522+0100][info][gc,phases   ] GC(18)   Evacuate Collection Set: 91.76ms
[2024-12-21T22:13:17.522+0100][info][gc,phases   ] GC(18)   Post Evacuate Collection Set: 0.52ms
[2024-12-21T22:13:17.522+0100][info][gc,phases   ] GC(18)   Other: 0.08ms
[2024-12-21T22:13:17.522+0100][info][gc,heap     ] GC(18) Eden regions: 107->0(104)
[2024-12-21T22:13:17.522+0100][info][gc,heap     ] GC(18) Survivor regions: 12->15(15)
[2024-12-21T22:13:17.522+0100][info][gc,heap     ] GC(18) Old regions: 118->142
[2024-12-21T22:13:17.522+0100][info][gc,heap     ] GC(18) Humongous regions: 4->4
[2024-12-21T22:13:17.522+0100][info][gc,metaspace] GC(18) Metaspace: 53784K(54592K)->53784K(54592K) NonClass: 46195K(46656K)->46195K(46656K) Class: 7589K(7936K)->7589K(7936K)
[2024-12-21T22:13:17.522+0100][info][gc          ] GC(18) Pause Young (Normal) (G1 Evacuation Pause) 1925M->1287M(12288M) 93.181ms
[2024-12-21T22:13:17.522+0100][info][gc,cpu      ] GC(18) User=0.12s Sys=0.11s Real=0.09s
[2024-12-21T22:13:21.293+0100][info][gc,start    ] GC(19) Pause Young (Normal) (G1 Evacuation Pause)
[2024-12-21T22:13:21.293+0100][info][gc,task     ] GC(19) Using 15 workers of 15 for evacuation
[2024-12-21T22:13:21.381+0100][info][gc,phases   ] GC(19)   Pre Evacuate Collection Set: 0.24ms
[2024-12-21T22:13:21.381+0100][info][gc,phases   ] GC(19)   Merge Heap Roots: 0.33ms
[2024-12-21T22:13:21.381+0100][info][gc,phases   ] GC(19)   Evacuate Collection Set: 87.77ms
[2024-12-21T22:13:21.381+0100][info][gc,phases   ] GC(19)   Post Evacuate Collection Set: 0.62ms
[2024-12-21T22:13:21.381+0100][info][gc,phases   ] GC(19)   Other: 0.07ms
[2024-12-21T22:13:21.381+0100][info][gc,heap     ] GC(19) Eden regions: 102->0(119)
[2024-12-21T22:13:21.381+0100][info][gc,heap     ] GC(19) Survivor regions: 15->15(15)
[2024-12-21T22:13:21.381+0100][info][gc,heap     ] GC(19) Old regions: 142->169
[2024-12-21T22:13:21.381+0100][info][gc,heap     ] GC(19) Humongous regions: 4->4
[2024-12-21T22:13:21.381+0100][info][gc,metaspace] GC(19) Metaspace: 53793K(54592K)->53793K(54592K) NonClass: 46203K(46656K)->46203K(46656K) Class: 7589K(7936K)->7589K(7936K)
[2024-12-21T22:13:21.383+0100][info][gc          ] GC(19) Pause Young (Normal) (G1 Evacuation Pause) 2103M->1502M(12288M) 89.307ms
[2024-12-21T22:13:21.383+0100][info][gc,cpu      ] GC(19) User=0.12s Sys=0.08s Real=0.09s
[2024-12-21T22:13:26.078+0100][info][gc,start    ] GC(20) Pause Young (Normal) (G1 Evacuation Pause)
[2024-12-21T22:13:26.078+0100][info][gc,task     ] GC(20) Using 15 workers of 15 for evacuation
[2024-12-21T22:13:26.192+0100][info][gc,phases   ] GC(20)   Pre Evacuate Collection Set: 0.24ms
[2024-12-21T22:13:26.197+0100][info][gc,phases   ] GC(20)   Merge Heap Roots: 0.30ms
[2024-12-21T22:13:26.197+0100][info][gc,phases   ] GC(20)   Evacuate Collection Set: 112.37ms
[2024-12-21T22:13:26.197+0100][info][gc,phases   ] GC(20)   Post Evacuate Collection Set: 1.58ms
[2024-12-21T22:13:26.197+0100][info][gc,phases   ] GC(20)   Other: 0.08ms
[2024-12-21T22:13:26.197+0100][info][gc,heap     ] GC(20) Eden regions: 120->0(136)
[2024-12-21T22:13:26.197+0100][info][gc,heap     ] GC(20) Survivor regions: 15->17(17)
[2024-12-21T22:13:26.197+0100][info][gc,heap     ] GC(20) Old regions: 169->200
[2024-12-21T22:13:26.197+0100][info][gc,heap     ] GC(20) Humongous regions: 4->4
[2024-12-21T22:13:26.197+0100][info][gc,metaspace] GC(20) Metaspace: 53822K(54592K)->53822K(54592K) NonClass: 46232K(46656K)->46232K(46656K) Class: 7589K(7936K)->7589K(7936K)
[2024-12-21T22:13:26.197+0100][info][gc          ] GC(20) Pause Young (Normal) (G1 Evacuation Pause) 2462M->1764M(12288M) 119.415ms
[2024-12-21T22:13:26.197+0100][info][gc,cpu      ] GC(20) User=0.20s Sys=0.11s Real=0.12s
[2024-12-21T22:13:31.832+0100][info][gc,start    ] GC(21) Pause Young (Normal) (G1 Evacuation Pause)
[2024-12-21T22:13:31.832+0100][info][gc,task     ] GC(21) Using 15 workers of 15 for evacuation
[2024-12-21T22:13:31.927+0100][info][gc,phases   ] GC(21)   Pre Evacuate Collection Set: 0.27ms
[2024-12-21T22:13:31.927+0100][info][gc,phases   ] GC(21)   Merge Heap Roots: 0.35ms
[2024-12-21T22:13:31.927+0100][info][gc,phases   ] GC(21)   Evacuate Collection Set: 92.26ms
[2024-12-21T22:13:31.927+0100][info][gc,phases   ] GC(21)   Post Evacuate Collection Set: 0.84ms
[2024-12-21T22:13:31.927+0100][info][gc,phases   ] GC(21)   Other: 0.08ms
[2024-12-21T22:13:31.927+0100][info][gc,heap     ] GC(21) Eden regions: 135->0(156)
[2024-12-21T22:13:31.927+0100][info][gc,heap     ] GC(21) Survivor regions: 17->19(19)
[2024-12-21T22:13:31.927+0100][info][gc,heap     ] GC(21) Old regions: 200->236
[2024-12-21T22:13:31.927+0100][info][gc,heap     ] GC(21) Humongous regions: 4->4
[2024-12-21T22:13:31.927+0100][info][gc,metaspace] GC(21) Metaspace: 53838K(54656K)->53838K(54656K) NonClass: 46248K(46720K)->46248K(46720K) Class: 7589K(7936K)->7589K(7936K)
[2024-12-21T22:13:31.927+0100][info][gc          ] GC(21) Pause Young (Normal) (G1 Evacuation Pause) 2844M->2068M(12288M) 94.183ms
[2024-12-21T22:13:31.927+0100][info][gc,cpu      ] GC(21) User=0.09s Sys=0.23s Real=0.10s
[2024-12-21T22:13:38.698+0100][info][gc,start    ] GC(22) Pause Young (Normal) (G1 Evacuation Pause)
[2024-12-21T22:13:38.698+0100][info][gc,task     ] GC(22) Using 15 workers of 15 for evacuation
[2024-12-21T22:13:38.803+0100][info][gc,phases   ] GC(22)   Pre Evacuate Collection Set: 0.31ms
[2024-12-21T22:13:38.803+0100][info][gc,phases   ] GC(22)   Merge Heap Roots: 0.36ms
[2024-12-21T22:13:38.803+0100][info][gc,phases   ] GC(22)   Evacuate Collection Set: 103.28ms
[2024-12-21T22:13:38.803+0100][info][gc,phases   ] GC(22)   Post Evacuate Collection Set: 0.62ms
[2024-12-21T22:13:38.803+0100][info][gc,phases   ] GC(22)   Other: 0.10ms
[2024-12-21T22:13:38.803+0100][info][gc,heap     ] GC(22) Eden regions: 154->0(174)
[2024-12-21T22:13:38.803+0100][info][gc,heap     ] GC(22) Survivor regions: 19->22(22)
[2024-12-21T22:13:38.803+0100][info][gc,heap     ] GC(22) Old regions: 236->276
[2024-12-21T22:13:38.803+0100][info][gc,heap     ] GC(22) Humongous regions: 4->4
[2024-12-21T22:13:38.803+0100][info][gc,metaspace] GC(22) Metaspace: 53844K(54656K)->53844K(54656K) NonClass: 46255K(46720K)->46255K(46720K) Class: 7589K(7936K)->7589K(7936K)
[2024-12-21T22:13:38.803+0100][info][gc          ] GC(22) Pause Young (Normal) (G1 Evacuation Pause) 3300M->2411M(12288M) 105.004ms
[2024-12-21T22:13:38.803+0100][info][gc,cpu      ] GC(22) User=0.17s Sys=0.17s Real=0.11s
[2024-12-21T22:13:46.915+0100][info][gc,start    ] GC(23) Pause Young (Normal) (G1 Evacuation Pause)
[2024-12-21T22:13:46.915+0100][info][gc,task     ] GC(23) Using 15 workers of 15 for evacuation
[2024-12-21T22:13:47.018+0100][info][gc,phases   ] GC(23)   Pre Evacuate Collection Set: 0.23ms
[2024-12-21T22:13:47.018+0100][info][gc,phases   ] GC(23)   Merge Heap Roots: 0.34ms
[2024-12-21T22:13:47.018+0100][info][gc,phases   ] GC(23)   Evacuate Collection Set: 102.63ms
[2024-12-21T22:13:47.018+0100][info][gc,phases   ] GC(23)   Post Evacuate Collection Set: 0.56ms
[2024-12-21T22:13:47.018+0100][info][gc,phases   ] GC(23)   Other: 0.11ms
[2024-12-21T22:13:47.018+0100][info][gc,heap     ] GC(23) Eden regions: 173->0(196)
[2024-12-21T22:13:47.018+0100][info][gc,heap     ] GC(23) Survivor regions: 22->25(25)
[2024-12-21T22:13:47.018+0100][info][gc,heap     ] GC(23) Old regions: 276->321
[2024-12-21T22:13:47.018+0100][info][gc,heap     ] GC(23) Humongous regions: 4->4
[2024-12-21T22:13:47.018+0100][info][gc,metaspace] GC(23) Metaspace: 53867K(54656K)->53867K(54656K) NonClass: 46277K(46720K)->46277K(46720K) Class: 7590K(7936K)->7590K(7936K)
[2024-12-21T22:13:47.018+0100][info][gc          ] GC(23) Pause Young (Normal) (G1 Evacuation Pause) 3795M->2796M(12288M) 104.279ms
[2024-12-21T22:13:47.019+0100][info][gc,cpu      ] GC(23) User=0.17s Sys=0.31s Real=0.10s
[2024-12-21T22:13:56.360+0100][info][gc,start    ] GC(24) Pause Young (Normal) (G1 Evacuation Pause)
[2024-12-21T22:13:56.360+0100][info][gc,task     ] GC(24) Using 15 workers of 15 for evacuation
[2024-12-21T22:13:56.510+0100][info][gc,phases   ] GC(24)   Pre Evacuate Collection Set: 0.25ms
[2024-12-21T22:13:56.510+0100][info][gc,phases   ] GC(24)   Merge Heap Roots: 0.45ms
[2024-12-21T22:13:56.510+0100][info][gc,phases   ] GC(24)   Evacuate Collection Set: 149.29ms
[2024-12-21T22:13:56.510+0100][info][gc,phases   ] GC(24)   Post Evacuate Collection Set: 0.63ms
[2024-12-21T22:13:56.510+0100][info][gc,phases   ] GC(24)   Other: 0.09ms
[2024-12-21T22:13:56.510+0100][info][gc,heap     ] GC(24) Eden regions: 194->0(208)
[2024-12-21T22:13:56.510+0100][info][gc,heap     ] GC(24) Survivor regions: 25->28(28)
[2024-12-21T22:13:56.510+0100][info][gc,heap     ] GC(24) Old regions: 321->375
[2024-12-21T22:13:56.510+0100][info][gc,heap     ] GC(24) Humongous regions: 4->4
[2024-12-21T22:13:56.510+0100][info][gc,metaspace] GC(24) Metaspace: 53875K(54656K)->53875K(54656K) NonClass: 46283K(46720K)->46283K(46720K) Class: 7591K(7936K)->7591K(7936K)
[2024-12-21T22:13:56.510+0100][info][gc          ] GC(24) Pause Young (Normal) (G1 Evacuation Pause) 4348M->3252M(12288M) 151.011ms
[2024-12-21T22:13:56.510+0100][info][gc,cpu      ] GC(24) User=0.30s Sys=0.22s Real=0.15s
[2024-12-21T22:14:06.864+0100][info][gc,start    ] GC(25) Pause Young (Normal) (G1 Evacuation Pause)
[2024-12-21T22:14:06.864+0100][info][gc,task     ] GC(25) Using 15 workers of 15 for evacuation
[2024-12-21T22:14:06.991+0100][info][gc,phases   ] GC(25)   Pre Evacuate Collection Set: 0.39ms
[2024-12-21T22:14:06.991+0100][info][gc,phases   ] GC(25)   Merge Heap Roots: 0.48ms
[2024-12-21T22:14:06.991+0100][info][gc,phases   ] GC(25)   Evacuate Collection Set: 125.30ms
[2024-12-21T22:14:06.991+0100][info][gc,phases   ] GC(25)   Post Evacuate Collection Set: 0.60ms
[2024-12-21T22:14:06.991+0100][info][gc,phases   ] GC(25)   Other: 0.13ms
[2024-12-21T22:14:06.991+0100][info][gc,heap     ] GC(25) Eden regions: 206->0(233)
[2024-12-21T22:14:06.991+0100][info][gc,heap     ] GC(25) Survivor regions: 28->30(30)
[2024-12-21T22:14:06.991+0100][info][gc,heap     ] GC(25) Old regions: 375->430
[2024-12-21T22:14:06.991+0100][info][gc,heap     ] GC(25) Humongous regions: 4->4
[2024-12-21T22:14:06.991+0100][info][gc,metaspace] GC(25) Metaspace: 53881K(54656K)->53881K(54656K) NonClass: 46289K(46720K)->46289K(46720K) Class: 7591K(7936K)->7591K(7936K)
[2024-12-21T22:14:06.991+0100][info][gc          ] GC(25) Pause Young (Normal) (G1 Evacuation Pause) 4900M->3712M(12288M) 127.260ms
[2024-12-21T22:14:06.991+0100][info][gc,cpu      ] GC(25) User=0.19s Sys=0.31s Real=0.13s
[2024-12-21T22:14:13.351+0100][info][gc,heap,exit] Heap
[2024-12-21T22:14:13.352+0100][info][gc,heap,exit]  garbage-first heap   total reserved 12582912K, committed 12582912K, used 4854120K [0x0000000500000000, 0x0000000800000000)
[2024-12-21T22:14:13.352+0100][info][gc,heap,exit]   region size 8192K, 159 young (1302528K), 30 survivors (245760K)
[2024-12-21T22:14:13.352+0100][info][gc,heap,exit]  Metaspace       used 53926K, committed 54720K, reserved 1114112K
[2024-12-21T22:14:13.352+0100][info][gc,heap,exit]   class space    used 7601K, committed 7936K, reserved 1048576K
